\BOOKMARK [1][-]{section.1}{\376\377\0001\000\040\000I\000n\000f\000o\000r\000m\000a\000s\000i\000\040\000U\000j\000i\000a\000n}{}% 1
\BOOKMARK [1][-]{section.2}{\376\377\0002\000\040\000C\000a\000p\000a\000i\000a\000n\000\040\000P\000e\000m\000b\000e\000l\000a\000j\000a\000r\000a\000n\000\040\000M\000a\000t\000a\000\040\000K\000u\000l\000i\000a\000h\000\040\000\050\000C\000P\000M\000K\000\051}{}% 2
\BOOKMARK [2][-]{subsection.2.1}{\376\377\0002\000.\0001\000\040\000T\000a\000b\000e\000l\000\040\000K\000e\000t\000e\000r\000p\000e\000n\000u\000h\000a\000n\000\040\000C\000P\000M\000K}{section.2}% 3
\BOOKMARK [1][-]{section.3}{\376\377\0003\000\040\000D\000a\000f\000t\000a\000r\000\040\000M\000a\000t\000e\000r\000i\000\040\000y\000a\000n\000g\000\040\000D\000i\000u\000j\000i\000k\000a\000n}{}% 4
\BOOKMARK [1][-]{section.4}{\376\377\0004\000\040\000O\000u\000t\000l\000i\000n\000e\000\040\000K\000e\000s\000e\000l\000u\000r\000u\000h\000a\000n\000\040\000M\000a\000t\000e\000r\000i}{}% 5
\BOOKMARK [2][-]{subsection.4.1}{\376\377\0004\000.\0001\000\040\000P\000D\000A\000,\000\040\000t\000e\000r\000m\000a\000s\000u\000k\000\040\000k\000o\000n\000v\000e\000r\000s\000i\000\040\000C\000F\000G}{section.4}% 6
\BOOKMARK [2][-]{subsection.4.2}{\376\377\0004\000.\0002\000\040\000C\000Y\000K}{section.4}% 7
\BOOKMARK [2][-]{subsection.4.3}{\376\377\0004\000.\0003\000\040\000M\000e\000s\000i\000n\000\040\000T\000u\000r\000i\000n\000g}{section.4}% 8
\BOOKMARK [2][-]{subsection.4.4}{\376\377\0004\000.\0004\000\040\000C\000o\000m\000p\000i\000l\000e\000r}{section.4}% 9
\BOOKMARK [2][-]{subsection.4.5}{\376\377\0004\000.\0005\000\040\000R\000e\000c\000u\000r\000s\000i\000v\000e\000\040\000D\000e\000s\000c\000e\000n\000t\000\040\000P\000a\000r\000s\000e\000r}{section.4}% 10
\BOOKMARK [2][-]{subsection.4.6}{\376\377\0004\000.\0006\000\040\000L\000L\000\050\0001\000\051\000\040\000P\000a\000r\000s\000e\000r}{section.4}% 11
\BOOKMARK [2][-]{subsection.4.7}{\376\377\0004\000.\0007\000\040\000I\000n\000t\000e\000r\000m\000e\000d\000i\000a\000t\000e\000\040\000C\000o\000d\000e}{section.4}% 12
\BOOKMARK [2][-]{subsection.4.8}{\376\377\0004\000.\0008\000\040\000I\000n\000t\000e\000r\000p\000r\000e\000t\000e\000r\000\040\000d\000a\000n\000\040\000V\000i\000r\000t\000u\000a\000l\000\040\000M\000a\000c\000h\000i\000n\000e}{section.4}% 13
\BOOKMARK [1][-]{section.5}{\376\377\0005\000\040\000P\000D\000A}{}% 14
\BOOKMARK [2][-]{subsection.5.1}{\376\377\0005\000.\0001\000\040\000O\000u\000t\000l\000i\000n\000e\000\040\000F\000u\000n\000d\000a\000m\000e\000n\000t\000a\000l\000\040\000K\000o\000n\000s\000e\000p\000\040\000M\000a\000t\000e\000r\000i}{section.5}% 15
\BOOKMARK [2][-]{subsection.5.2}{\376\377\0005\000.\0002\000\040\000P\000e\000n\000j\000e\000l\000a\000s\000a\000n\000\040\000K\000o\000n\000s\000e\000p}{section.5}% 16
\BOOKMARK [3][-]{subsubsection.5.2.1}{\376\377\0005\000.\0002\000.\0001\000\040\000P\000D\000A\000\040\000s\000e\000b\000a\000g\000a\000i\000\040\000e\000p\000s\000i\000l\000o\000n\000-\000N\000F\000A\000\040\000d\000e\000n\000g\000a\000n\000\040\000S\000t\000a\000c\000k}{subsection.5.2}% 17
\BOOKMARK [3][-]{subsubsection.5.2.2}{\376\377\0005\000.\0002\000.\0002\000\040\000D\000e\000f\000i\000n\000i\000s\000i\000\040\000F\000o\000r\000m\000a\000l\000\040\0007\000-\000T\000u\000p\000l\000e}{subsection.5.2}% 18
\BOOKMARK [3][-]{subsubsection.5.2.3}{\376\377\0005\000.\0002\000.\0003\000\040\000F\000u\000n\000g\000s\000i\000\040\000T\000r\000a\000n\000s\000i\000s\000i\000\040\000d\000a\000n\000\040\000O\000p\000e\000r\000a\000s\000i\000\040\000S\000t\000a\000c\000k}{subsection.5.2}% 19
\BOOKMARK [3][-]{subsubsection.5.2.4}{\376\377\0005\000.\0002\000.\0004\000\040\000D\000i\000a\000g\000r\000a\000m\000\040\000T\000r\000a\000n\000s\000i\000s\000i\000\040\000d\000a\000n\000\040\000L\000a\000b\000e\000l\000\040\000a\000,\000X\000/\000g\000a\000m\000m\000a}{subsection.5.2}% 20
\BOOKMARK [3][-]{subsubsection.5.2.5}{\376\377\0005\000.\0002\000.\0005\000\040\000I\000n\000s\000t\000a\000n\000t\000a\000n\000e\000o\000u\000s\000\040\000D\000e\000s\000c\000r\000i\000p\000t\000i\000o\000n\000\040\000\050\000q\000,\000w\000,\000g\000a\000m\000m\000a\000\051}{subsection.5.2}% 21
\BOOKMARK [3][-]{subsubsection.5.2.6}{\376\377\0005\000.\0002\000.\0006\000\040\000R\000e\000l\000a\000s\000i\000\040\000t\000u\000r\000n\000s\000t\000i\000l\000e\000\040\000d\000a\000n\000\040\000t\000u\000r\000n\000s\000t\000i\000l\000e\000-\000s\000t\000a\000r}{subsection.5.2}% 22
\BOOKMARK [3][-]{subsubsection.5.2.7}{\376\377\0005\000.\0002\000.\0007\000\040\000S\000i\000f\000a\000t\000\040\000V\000a\000l\000i\000d\000i\000t\000a\000s\000\040\000I\000D}{subsection.5.2}% 23
\BOOKMARK [3][-]{subsubsection.5.2.8}{\376\377\0005\000.\0002\000.\0008\000\040\000A\000c\000c\000e\000p\000t\000a\000n\000c\000e\000\040\000b\000y\000\040\000F\000i\000n\000a\000l\000\040\000S\000t\000a\000t\000e}{subsection.5.2}% 24
\BOOKMARK [3][-]{subsubsection.5.2.9}{\376\377\0005\000.\0002\000.\0009\000\040\000A\000c\000c\000e\000p\000t\000a\000n\000c\000e\000\040\000b\000y\000\040\000E\000m\000p\000t\000y\000\040\000S\000t\000a\000c\000k}{subsection.5.2}% 25
\BOOKMARK [3][-]{subsubsection.5.2.10}{\376\377\0005\000.\0002\000.\0001\0000\000\040\000E\000k\000u\000i\000v\000a\000l\000e\000n\000s\000i\000\040\000M\000o\000d\000e\000\040\000P\000e\000n\000e\000r\000i\000m\000a\000a\000n}{subsection.5.2}% 26
\BOOKMARK [3][-]{subsubsection.5.2.11}{\376\377\0005\000.\0002\000.\0001\0001\000\040\000K\000o\000n\000v\000e\000r\000s\000i\000\040\000C\000F\000G\000\040\000k\000e\000\040\000P\000D\000A}{subsection.5.2}% 27
\BOOKMARK [3][-]{subsubsection.5.2.12}{\376\377\0005\000.\0002\000.\0001\0002\000\040\000M\000e\000n\000g\000a\000p\000a\000\040\000N\000\050\000P\000G\000\051\000=\000L\000\050\000G\000\051}{subsection.5.2}% 28
\BOOKMARK [3][-]{subsubsection.5.2.13}{\376\377\0005\000.\0002\000.\0001\0003\000\040\000K\000o\000n\000v\000e\000r\000s\000i\000\040\000P\000D\000A\000\040\000k\000e\000\040\000C\000F\000G}{subsection.5.2}% 29
\BOOKMARK [3][-]{subsubsection.5.2.14}{\376\377\0005\000.\0002\000.\0001\0004\000\040\000P\000e\000r\000t\000u\000m\000b\000u\000h\000a\000n\000\040\000U\000k\000u\000r\000a\000n\000\040\000G\000r\000a\000m\000m\000a\000r\000\040\000p\000a\000d\000a\000\040\000K\000o\000n\000v\000e\000r\000s\000i\000\040\000P\000D\000A\000\040\000k\000e\000\040\000C\000F\000G}{subsection.5.2}% 30
\BOOKMARK [3][-]{subsubsection.5.2.15}{\376\377\0005\000.\0002\000.\0001\0005\000\040\000D\000e\000r\000i\000v\000a\000s\000i\000\040\000L\000e\000f\000t\000m\000o\000s\000t\000/\000R\000i\000g\000h\000t\000m\000o\000s\000t\000\040\000d\000a\000n\000\040\000P\000a\000r\000s\000e\000\040\000T\000r\000e\000e}{subsection.5.2}% 31
\BOOKMARK [3][-]{subsubsection.5.2.16}{\376\377\0005\000.\0002\000.\0001\0006\000\040\000D\000e\000t\000e\000r\000m\000i\000n\000i\000s\000t\000i\000c\000\040\000P\000u\000s\000h\000d\000o\000w\000n\000\040\000A\000u\000t\000o\000m\000a\000t\000a}{subsection.5.2}% 32
\BOOKMARK [3][-]{subsubsection.5.2.17}{\376\377\0005\000.\0002\000.\0001\0007\000\040\000P\000r\000e\000f\000i\000x\000\040\000P\000r\000o\000p\000e\000r\000t\000y\000\040\000d\000a\000n\000\040\000U\000n\000a\000m\000b\000i\000g\000u\000o\000u\000s\000\040\000C\000F\000G}{subsection.5.2}% 33
\BOOKMARK [3][-]{subsubsection.5.2.18}{\376\377\0005\000.\0002\000.\0001\0008\000\040\000C\000l\000o\000s\000u\000r\000e\000\040\000P\000r\000o\000p\000e\000r\000t\000i\000e\000s\000\040\000C\000F\000L\000\040\000v\000i\000a\000\040\000P\000D\000A}{subsection.5.2}% 34
\BOOKMARK [2][-]{subsection.5.3}{\376\377\0005\000.\0003\000\040\000A\000l\000g\000o\000r\000i\000t\000m\000a\000\040\000d\000a\000n\000\040\000R\000u\000m\000u\000s\000\040\000P\000e\000n\000t\000i\000n\000g}{section.5}% 35
\BOOKMARK [3][-]{subsubsection.5.3.1}{\376\377\0005\000.\0003\000.\0001\000\040\000F\000u\000n\000g\000s\000i\000\040\000T\000r\000a\000n\000s\000i\000s\000i\000\040\000P\000D\000A}{subsection.5.3}% 36
\BOOKMARK [3][-]{subsubsection.5.3.2}{\376\377\0005\000.\0003\000.\0002\000\040\000L\000a\000n\000g\000k\000a\000h\000\040\000I\000D\000\040\000P\000D\000A}{subsection.5.3}% 37
\BOOKMARK [3][-]{subsubsection.5.3.3}{\376\377\0005\000.\0003\000.\0003\000\040\000M\000o\000d\000e\000\040\000P\000e\000n\000e\000r\000i\000m\000a\000a\000n\000\040\000P\000D\000A}{subsection.5.3}% 38
\BOOKMARK [3][-]{subsubsection.5.3.4}{\376\377\0005\000.\0003\000.\0004\000\040\000P\000s\000e\000u\000d\000o\000c\000o\000d\000e\000\040\000S\000i\000m\000u\000l\000a\000s\000i\000\040\000P\000D\000A\000\040\000N\000o\000n\000d\000e\000t\000e\000r\000m\000i\000n\000i\000s\000t\000i\000k}{subsection.5.3}% 39
\BOOKMARK [1][-]{section.6}{\376\377\0006\000\040\000C\000Y\000K}{}% 40
\BOOKMARK [2][-]{subsection.6.1}{\376\377\0006\000.\0001\000\040\000O\000u\000t\000l\000i\000n\000e\000\040\000F\000u\000n\000d\000a\000m\000e\000n\000t\000a\000l\000\040\000K\000o\000n\000s\000e\000p\000\040\000M\000a\000t\000e\000r\000i}{section.6}% 41
\BOOKMARK [2][-]{subsection.6.2}{\376\377\0006\000.\0002\000\040\000P\000e\000n\000j\000e\000l\000a\000s\000a\000n\000\040\000K\000o\000n\000s\000e\000p}{section.6}% 42
\BOOKMARK [3][-]{subsubsection.6.2.1}{\376\377\0006\000.\0002\000.\0001\000\040\000M\000e\000m\000b\000e\000r\000s\000h\000i\000p\000\040\000P\000r\000o\000b\000l\000e\000m\000\040\000u\000n\000t\000u\000k\000\040\000C\000F\000L}{subsection.6.2}% 43
\BOOKMARK [3][-]{subsubsection.6.2.2}{\376\377\0006\000.\0002\000.\0002\000\040\000K\000e\000l\000e\000m\000a\000h\000a\000n\000\040\000P\000e\000n\000d\000e\000k\000a\000t\000a\000n\000\040\000N\000a\000i\000f}{subsection.6.2}% 44
\BOOKMARK [3][-]{subsubsection.6.2.3}{\376\377\0006\000.\0002\000.\0003\000\040\000C\000Y\000K\000\040\000s\000e\000b\000a\000g\000a\000i\000\040\000D\000y\000n\000a\000m\000i\000c\000\040\000P\000r\000o\000g\000r\000a\000m\000m\000i\000n\000g}{subsection.6.2}% 45
\BOOKMARK [3][-]{subsubsection.6.2.4}{\376\377\0006\000.\0002\000.\0004\000\040\000D\000e\000p\000e\000n\000d\000e\000n\000s\000i\000\040\000t\000e\000r\000h\000a\000d\000a\000p\000\040\000C\000h\000o\000m\000s\000k\000y\000\040\000N\000o\000r\000m\000a\000l\000\040\000F\000o\000r\000m}{subsection.6.2}% 46
\BOOKMARK [3][-]{subsubsection.6.2.5}{\376\377\0006\000.\0002\000.\0005\000\040\000C\000l\000e\000a\000n\000-\000U\000p\000\040\000G\000r\000a\000m\000m\000a\000r\000\040\000M\000e\000n\000u\000j\000u\000\040\000C\000N\000F}{subsection.6.2}% 47
\BOOKMARK [3][-]{subsubsection.6.2.6}{\376\377\0006\000.\0002\000.\0006\000\040\000S\000t\000r\000u\000k\000t\000u\000r\000\040\000T\000a\000b\000e\000l\000\040\000X\000i\000j}{subsection.6.2}% 48
\BOOKMARK [3][-]{subsubsection.6.2.7}{\376\377\0006\000.\0002\000.\0007\000\040\000L\000a\000n\000g\000k\000a\000h\000\040\000B\000a\000s\000i\000s}{subsection.6.2}% 49
\BOOKMARK [3][-]{subsubsection.6.2.8}{\376\377\0006\000.\0002\000.\0008\000\040\000L\000a\000n\000g\000k\000a\000h\000\040\000I\000n\000d\000u\000k\000s\000i}{subsection.6.2}% 50
\BOOKMARK [3][-]{subsubsection.6.2.9}{\376\377\0006\000.\0002\000.\0009\000\040\000A\000c\000c\000e\000p\000t\000a\000n\000c\000e\000\040\000C\000o\000n\000d\000i\000t\000i\000o\000n}{subsection.6.2}% 51
\BOOKMARK [3][-]{subsubsection.6.2.10}{\376\377\0006\000.\0002\000.\0001\0000\000\040\000K\000o\000m\000p\000l\000e\000k\000s\000i\000t\000a\000s\000\040\000C\000Y\000K}{subsection.6.2}% 52
\BOOKMARK [3][-]{subsubsection.6.2.11}{\376\377\0006\000.\0002\000.\0001\0001\000\040\000C\000o\000n\000t\000o\000h\000\040\000S\000i\000m\000u\000l\000a\000s\000i\000\040\000d\000e\000n\000g\000a\000n\000\040\000b\000a\000a\000b\000a}{subsection.6.2}% 53
\BOOKMARK [3][-]{subsubsection.6.2.12}{\376\377\0006\000.\0002\000.\0001\0002\000\040\000C\000Y\000K\000\040\000d\000a\000n\000\040\000D\000e\000c\000i\000d\000a\000b\000i\000l\000i\000t\000y\000\040\000C\000F\000L}{subsection.6.2}% 54
\BOOKMARK [2][-]{subsection.6.3}{\376\377\0006\000.\0003\000\040\000A\000l\000g\000o\000r\000i\000t\000m\000a\000\040\000d\000a\000n\000\040\000R\000u\000m\000u\000s\000\040\000P\000e\000n\000t\000i\000n\000g}{section.6}% 55
\BOOKMARK [3][-]{subsubsection.6.3.1}{\376\377\0006\000.\0003\000.\0001\000\040\000D\000e\000f\000i\000n\000i\000s\000i\000\040\000S\000e\000l\000\040\000X\000i\000j}{subsection.6.3}% 56
\BOOKMARK [3][-]{subsubsection.6.3.2}{\376\377\0006\000.\0003\000.\0002\000\040\000B\000a\000s\000i\000s\000\040\000d\000a\000n\000\040\000I\000n\000d\000u\000k\000s\000i\000\040\000C\000Y\000K}{subsection.6.3}% 57
\BOOKMARK [3][-]{subsubsection.6.3.3}{\376\377\0006\000.\0003\000.\0003\000\040\000P\000s\000e\000u\000d\000o\000c\000o\000d\000e\000\040\000C\000Y\000K}{subsection.6.3}% 58
\BOOKMARK [1][-]{section.7}{\376\377\0007\000\040\000M\000e\000s\000i\000n\000\040\000T\000u\000r\000i\000n\000g}{}% 59
\BOOKMARK [2][-]{subsection.7.1}{\376\377\0007\000.\0001\000\040\000O\000u\000t\000l\000i\000n\000e\000\040\000F\000u\000n\000d\000a\000m\000e\000n\000t\000a\000l\000\040\000K\000o\000n\000s\000e\000p\000\040\000M\000a\000t\000e\000r\000i}{section.7}% 60
\BOOKMARK [2][-]{subsection.7.2}{\376\377\0007\000.\0002\000\040\000P\000e\000n\000j\000e\000l\000a\000s\000a\000n\000\040\000K\000o\000n\000s\000e\000p}{section.7}% 61
\BOOKMARK [3][-]{subsubsection.7.2.1}{\376\377\0007\000.\0002\000.\0001\000\040\000M\000o\000t\000i\000v\000a\000s\000i\000\040\000B\000a\000t\000a\000s\000\040\000K\000o\000m\000p\000u\000t\000a\000s\000i}{subsection.7.2}% 62
\BOOKMARK [3][-]{subsubsection.7.2.2}{\376\377\0007\000.\0002\000.\0002\000\040\000C\000h\000u\000r\000c\000h\000-\000T\000u\000r\000i\000n\000g\000\040\000T\000h\000e\000s\000i\000s}{subsection.7.2}% 63
\BOOKMARK [3][-]{subsubsection.7.2.3}{\376\377\0007\000.\0002\000.\0003\000\040\000D\000e\000f\000i\000n\000i\000s\000i\000\040\000F\000o\000r\000m\000a\000l\000\040\0007\000-\000T\000u\000p\000l\000e}{subsection.7.2}% 64
\BOOKMARK [3][-]{subsubsection.7.2.4}{\376\377\0007\000.\0002\000.\0004\000\040\000F\000u\000n\000g\000s\000i\000\040\000T\000r\000a\000n\000s\000i\000s\000i}{subsection.7.2}% 65
\BOOKMARK [3][-]{subsubsection.7.2.5}{\376\377\0007\000.\0002\000.\0005\000\040\000I\000n\000s\000t\000a\000n\000t\000a\000n\000e\000o\000u\000s\000\040\000D\000e\000s\000c\000r\000i\000p\000t\000i\000o\000n\000\040\000a\000l\000p\000h\000a\000\040\000q\000\040\000b\000e\000t\000a}{subsection.7.2}% 66
\BOOKMARK [3][-]{subsubsection.7.2.6}{\376\377\0007\000.\0002\000.\0006\000\040\000A\000t\000u\000r\000a\000n\000\040\000G\000e\000r\000a\000k\000\040\000K\000a\000n\000a\000n\000\040\000d\000a\000n\000\040\000K\000i\000r\000i}{subsection.7.2}% 67
\BOOKMARK [3][-]{subsubsection.7.2.7}{\376\377\0007\000.\0002\000.\0007\000\040\000T\000r\000a\000c\000e\000\040\000E\000k\000s\000e\000k\000u\000s\000i\000\040\000u\000n\000t\000u\000k\000\040\0000\000n\0001\000n}{subsection.7.2}% 68
\BOOKMARK [3][-]{subsubsection.7.2.8}{\376\377\0007\000.\0002\000.\0008\000\040\000A\000c\000c\000e\000p\000t\000a\000n\000c\000e\000\040\000b\000y\000\040\000F\000i\000n\000a\000l\000\040\000S\000t\000a\000t\000e}{subsection.7.2}% 69
\BOOKMARK [3][-]{subsubsection.7.2.9}{\376\377\0007\000.\0002\000.\0009\000\040\000A\000c\000c\000e\000p\000t\000a\000n\000c\000e\000\040\000b\000y\000\040\000H\000a\000l\000t\000i\000n\000g}{subsection.7.2}% 70
\BOOKMARK [3][-]{subsubsection.7.2.10}{\376\377\0007\000.\0002\000.\0001\0000\000\040\000M\000e\000s\000i\000n\000\040\000T\000u\000r\000i\000n\000g\000\040\000s\000e\000b\000a\000g\000a\000i\000\040\000T\000r\000a\000n\000s\000d\000u\000c\000e\000r}{subsection.7.2}% 71
\BOOKMARK [3][-]{subsubsection.7.2.11}{\376\377\0007\000.\0002\000.\0001\0001\000\040\000M\000e\000s\000i\000n\000\040\000T\000u\000r\000i\000n\000g\000\040\000s\000e\000b\000a\000g\000a\000i\000\040\000E\000n\000u\000m\000e\000r\000a\000t\000o\000r}{subsection.7.2}% 72
\BOOKMARK [3][-]{subsubsection.7.2.12}{\376\377\0007\000.\0002\000.\0001\0002\000\040\000R\000e\000c\000u\000r\000s\000i\000v\000e\000l\000y\000\040\000E\000n\000u\000m\000e\000r\000a\000b\000l\000e\000\040\000d\000a\000n\000\040\000R\000e\000c\000u\000r\000s\000i\000v\000e\000\040\000L\000a\000n\000g\000u\000a\000g\000e}{subsection.7.2}% 73
\BOOKMARK [3][-]{subsubsection.7.2.13}{\376\377\0007\000.\0002\000.\0001\0003\000\040\000T\000e\000k\000n\000i\000k\000\040\000P\000e\000m\000r\000o\000g\000r\000a\000m\000a\000n\000\040\000M\000e\000s\000i\000n\000\040\000T\000u\000r\000i\000n\000g}{subsection.7.2}% 74
\BOOKMARK [3][-]{subsubsection.7.2.14}{\376\377\0007\000.\0002\000.\0001\0004\000\040\000M\000u\000l\000t\000i\000t\000a\000p\000e\000\040\000d\000a\000n\000\040\000N\000o\000n\000d\000e\000t\000e\000r\000m\000i\000n\000i\000s\000t\000i\000c\000\040\000T\000M}{subsection.7.2}% 75
\BOOKMARK [3][-]{subsubsection.7.2.15}{\376\377\0007\000.\0002\000.\0001\0005\000\040\000M\000u\000l\000t\000i\000-\000H\000e\000a\000d\000,\000\040\000T\000w\000o\000-\000W\000a\000y\000,\000\040\000d\000a\000n\000\040\000O\000f\000f\000-\000L\000i\000n\000e\000\040\000T\000M}{subsection.7.2}% 76
\BOOKMARK [3][-]{subsubsection.7.2.16}{\376\377\0007\000.\0002\000.\0001\0006\000\040\000R\000e\000s\000t\000r\000i\000c\000t\000e\000d\000\040\000T\000M}{subsection.7.2}% 77
\BOOKMARK [3][-]{subsubsection.7.2.17}{\376\377\0007\000.\0002\000.\0001\0007\000\040\000H\000u\000b\000u\000n\000g\000a\000n\000\040\000d\000e\000n\000g\000a\000n\000\040\000K\000o\000m\000p\000u\000t\000e\000r\000\040\000R\000i\000i\000l}{subsection.7.2}% 78
\BOOKMARK [3][-]{subsubsection.7.2.18}{\376\377\0007\000.\0002\000.\0001\0008\000\040\000E\000n\000c\000o\000d\000i\000n\000g\000\040\000M\000e\000s\000i\000n\000\040\000T\000u\000r\000i\000n\000g}{subsection.7.2}% 79
\BOOKMARK [3][-]{subsubsection.7.2.19}{\376\377\0007\000.\0002\000.\0001\0009\000\040\000D\000i\000a\000g\000o\000n\000a\000l\000i\000z\000a\000t\000i\000o\000n\000\040\000L\000a\000n\000g\000u\000a\000g\000e}{subsection.7.2}% 80
\BOOKMARK [3][-]{subsubsection.7.2.20}{\376\377\0007\000.\0002\000.\0002\0000\000\040\000U\000n\000i\000v\000e\000r\000s\000a\000l\000\040\000L\000a\000n\000g\000u\000a\000g\000e}{subsection.7.2}% 81
\BOOKMARK [3][-]{subsubsection.7.2.21}{\376\377\0007\000.\0002\000.\0002\0001\000\040\000P\000o\000s\000t\000\040\000C\000o\000r\000r\000e\000s\000p\000o\000n\000d\000e\000n\000c\000e\000\040\000P\000r\000o\000b\000l\000e\000m}{subsection.7.2}% 82
\BOOKMARK [3][-]{subsubsection.7.2.22}{\376\377\0007\000.\0002\000.\0002\0002\000\040\000R\000e\000d\000u\000c\000t\000i\000o\000n}{subsection.7.2}% 83
\BOOKMARK [3][-]{subsubsection.7.2.23}{\376\377\0007\000.\0002\000.\0002\0003\000\040\000R\000i\000c\000e\000'\000s\000\040\000T\000h\000e\000o\000r\000e\000m}{subsection.7.2}% 84
\BOOKMARK [2][-]{subsection.7.3}{\376\377\0007\000.\0003\000\040\000A\000l\000g\000o\000r\000i\000t\000m\000a\000\040\000d\000a\000n\000\040\000R\000u\000m\000u\000s\000\040\000P\000e\000n\000t\000i\000n\000g}{section.7}% 85
\BOOKMARK [3][-]{subsubsection.7.3.1}{\376\377\0007\000.\0003\000.\0001\000\040\000F\000u\000n\000g\000s\000i\000\040\000T\000r\000a\000n\000s\000i\000s\000i\000\040\000M\000e\000s\000i\000n\000\040\000T\000u\000r\000i\000n\000g}{subsection.7.3}% 86
\BOOKMARK [3][-]{subsubsection.7.3.2}{\376\377\0007\000.\0003\000.\0002\000\040\000B\000a\000h\000a\000s\000a\000\040\000y\000a\000n\000g\000\040\000D\000i\000t\000e\000r\000i\000m\000a\000\040\000d\000a\000n\000\040\000D\000i\000h\000e\000n\000t\000i\000k\000a\000n}{subsection.7.3}% 87
\BOOKMARK [3][-]{subsubsection.7.3.3}{\376\377\0007\000.\0003\000.\0003\000\040\000P\000s\000e\000u\000d\000o\000c\000o\000d\000e\000\040\000U\000n\000i\000v\000e\000r\000s\000a\000l\000\040\000T\000u\000r\000i\000n\000g\000\040\000M\000a\000c\000h\000i\000n\000e}{subsection.7.3}% 88
\BOOKMARK [1][-]{section.8}{\376\377\0008\000\040\000C\000o\000m\000p\000i\000l\000e\000r}{}% 89
\BOOKMARK [2][-]{subsection.8.1}{\376\377\0008\000.\0001\000\040\000O\000u\000t\000l\000i\000n\000e\000\040\000F\000u\000n\000d\000a\000m\000e\000n\000t\000a\000l\000\040\000K\000o\000n\000s\000e\000p\000\040\000M\000a\000t\000e\000r\000i}{section.8}% 90
\BOOKMARK [2][-]{subsection.8.2}{\376\377\0008\000.\0002\000\040\000P\000e\000n\000j\000e\000l\000a\000s\000a\000n\000\040\000K\000o\000n\000s\000e\000p}{section.8}% 91
\BOOKMARK [3][-]{subsubsection.8.2.1}{\376\377\0008\000.\0002\000.\0001\000\040\000T\000u\000j\000u\000a\000n\000\040\000D\000e\000s\000a\000i\000n\000\040\000B\000a\000h\000a\000s\000a\000\040\000d\000a\000n\000\040\000C\000o\000m\000p\000i\000l\000a\000b\000i\000l\000i\000t\000y}{subsection.8.2}% 92
\BOOKMARK [3][-]{subsubsection.8.2.2}{\376\377\0008\000.\0002\000.\0002\000\040\000C\000o\000m\000p\000i\000l\000e\000r\000,\000\040\000I\000n\000t\000e\000r\000p\000r\000e\000t\000e\000r\000,\000\040\000d\000a\000n\000\040\000V\000i\000r\000t\000u\000a\000l\000\040\000M\000a\000c\000h\000i\000n\000e}{subsection.8.2}% 93
\BOOKMARK [3][-]{subsubsection.8.2.3}{\376\377\0008\000.\0002\000.\0003\000\040\000L\000a\000n\000g\000u\000a\000g\000e\000-\000P\000r\000o\000c\000e\000s\000s\000i\000n\000g\000\040\000S\000y\000s\000t\000e\000m}{subsection.8.2}% 94
\BOOKMARK [3][-]{subsubsection.8.2.4}{\376\377\0008\000.\0002\000.\0004\000\040\000B\000o\000o\000t\000s\000t\000r\000a\000p\000p\000i\000n\000g\000\040\000d\000a\000n\000\040\000T\000r\000a\000n\000s\000l\000a\000t\000o\000r\000\040\000T\000o\000o\000l\000s}{subsection.8.2}% 95
\BOOKMARK [3][-]{subsubsection.8.2.5}{\376\377\0008\000.\0002\000.\0005\000\040\000F\000r\000o\000n\000t\000\040\000E\000n\000d\000\040\000d\000a\000n\000\040\000B\000a\000c\000k\000\040\000E\000n\000d}{subsection.8.2}% 96
\BOOKMARK [3][-]{subsubsection.8.2.6}{\376\377\0008\000.\0002\000.\0006\000\040\000F\000a\000s\000e\000-\000F\000a\000s\000e\000\040\000C\000o\000m\000p\000i\000l\000e\000r}{subsection.8.2}% 97
\BOOKMARK [3][-]{subsubsection.8.2.7}{\376\377\0008\000.\0002\000.\0007\000\040\000S\000y\000m\000b\000o\000l\000\040\000T\000a\000b\000l\000e}{subsection.8.2}% 98
\BOOKMARK [3][-]{subsubsection.8.2.8}{\376\377\0008\000.\0002\000.\0008\000\040\000E\000r\000r\000o\000r\000\040\000H\000a\000n\000d\000l\000i\000n\000g\000\040\000d\000a\000l\000a\000m\000\040\000P\000i\000p\000e\000l\000i\000n\000e\000\040\000C\000o\000m\000p\000i\000l\000e\000r}{subsection.8.2}% 99
\BOOKMARK [3][-]{subsubsection.8.2.9}{\376\377\0008\000.\0002\000.\0009\000\040\000L\000e\000x\000e\000m\000e\000,\000\040\000P\000a\000t\000t\000e\000r\000n\000,\000\040\000d\000a\000n\000\040\000T\000o\000k\000e\000n}{subsection.8.2}% 100
\BOOKMARK [3][-]{subsubsection.8.2.10}{\376\377\0008\000.\0002\000.\0001\0000\000\040\000I\000n\000p\000u\000t\000\040\000B\000u\000f\000f\000e\000r\000i\000n\000g\000\040\000d\000a\000n\000\040\000S\000e\000n\000t\000i\000n\000e\000l}{subsection.8.2}% 101
\BOOKMARK [3][-]{subsubsection.8.2.11}{\376\377\0008\000.\0002\000.\0001\0001\000\040\000R\000e\000g\000u\000l\000a\000r\000\040\000E\000x\000p\000r\000e\000s\000s\000i\000o\000n\000\040\000d\000a\000n\000\040\000T\000r\000a\000n\000s\000i\000t\000i\000o\000n\000\040\000D\000i\000a\000g\000r\000a\000m}{subsection.8.2}% 102
\BOOKMARK [3][-]{subsubsection.8.2.12}{\376\377\0008\000.\0002\000.\0001\0002\000\040\000L\000e\000x\000/\000F\000l\000e\000x\000\040\000d\000a\000n\000\040\000L\000o\000n\000g\000e\000s\000t\000\040\000P\000r\000e\000f\000i\000x}{subsection.8.2}% 103
\BOOKMARK [3][-]{subsubsection.8.2.13}{\376\377\0008\000.\0002\000.\0001\0003\000\040\000S\000y\000n\000t\000a\000x\000\040\000A\000n\000a\000l\000y\000s\000i\000s\000\040\000s\000e\000b\000a\000g\000a\000i\000\040\000K\000o\000n\000t\000e\000k\000s\000\040\000C\000F\000G}{subsection.8.2}% 104
\BOOKMARK [3][-]{subsubsection.8.2.14}{\376\377\0008\000.\0002\000.\0001\0004\000\040\000B\000o\000t\000t\000o\000m\000-\000U\000p\000\040\000P\000a\000r\000s\000i\000n\000g\000,\000\040\000L\000R\000\040\000P\000a\000r\000s\000e\000r\000,\000\040\000d\000a\000n\000\040\000Y\000a\000c\000c}{subsection.8.2}% 105
\BOOKMARK [3][-]{subsubsection.8.2.15}{\376\377\0008\000.\0002\000.\0001\0005\000\040\000S\000e\000m\000a\000n\000t\000i\000c\000\040\000A\000n\000a\000l\000y\000s\000i\000s\000,\000\040\000S\000D\000D\000,\000\040\000d\000a\000n\000\040\000S\000D\000T}{subsection.8.2}% 106
\BOOKMARK [3][-]{subsubsection.8.2.16}{\376\377\0008\000.\0002\000.\0001\0006\000\040\000T\000y\000p\000e\000\040\000C\000h\000e\000c\000k\000i\000n\000g\000,\000\040\000C\000o\000e\000r\000c\000i\000o\000n\000,\000\040\000d\000a\000n\000\040\000O\000v\000e\000r\000l\000o\000a\000d\000i\000n\000g}{subsection.8.2}% 107
\BOOKMARK [3][-]{subsubsection.8.2.17}{\376\377\0008\000.\0002\000.\0001\0007\000\040\000R\000u\000n\000t\000i\000m\000e\000\040\000E\000n\000v\000i\000r\000o\000n\000m\000e\000n\000t}{subsection.8.2}% 108
\BOOKMARK [3][-]{subsubsection.8.2.18}{\376\377\0008\000.\0002\000.\0001\0008\000\040\000A\000c\000t\000i\000v\000a\000t\000i\000o\000n\000\040\000R\000e\000c\000o\000r\000d}{subsection.8.2}% 109
\BOOKMARK [3][-]{subsubsection.8.2.19}{\376\377\0008\000.\0002\000.\0001\0009\000\040\000H\000e\000a\000p\000\040\000d\000a\000n\000\040\000G\000a\000r\000b\000a\000g\000e\000\040\000C\000o\000l\000l\000e\000c\000t\000i\000o\000n}{subsection.8.2}% 110
\BOOKMARK [3][-]{subsubsection.8.2.20}{\376\377\0008\000.\0002\000.\0002\0000\000\040\000B\000a\000s\000i\000c\000\040\000B\000l\000o\000c\000k\000\040\000d\000a\000n\000\040\000F\000l\000o\000w\000\040\000G\000r\000a\000p\000h}{subsection.8.2}% 111
\BOOKMARK [3][-]{subsubsection.8.2.21}{\376\377\0008\000.\0002\000.\0002\0001\000\040\000R\000e\000g\000i\000s\000t\000e\000r\000\040\000d\000a\000n\000\040\000A\000d\000d\000r\000e\000s\000s\000\040\000D\000e\000s\000c\000r\000i\000p\000t\000o\000r}{subsection.8.2}% 112
\BOOKMARK [3][-]{subsubsection.8.2.22}{\376\377\0008\000.\0002\000.\0002\0002\000\040\000I\000n\000s\000t\000r\000u\000c\000t\000i\000o\000n\000\040\000S\000e\000l\000e\000c\000t\000i\000o\000n\000,\000\040\000R\000e\000g\000i\000s\000t\000e\000r\000\040\000A\000l\000l\000o\000c\000a\000t\000i\000o\000n\000,\000\040\000d\000a\000n\000\040\000P\000e\000e\000p\000h\000o\000l\000e\000\040\000O\000p\000t\000i\000m\000i\000z\000a\000t\000i\000o\000n}{subsection.8.2}% 113
\BOOKMARK [3][-]{subsubsection.8.2.23}{\376\377\0008\000.\0002\000.\0002\0003\000\040\000D\000a\000t\000a\000-\000F\000l\000o\000w\000\040\000A\000n\000a\000l\000y\000s\000i\000s\000\040\000d\000a\000n\000\040\000G\000e\000n\000-\000K\000i\000l\000l}{subsection.8.2}% 114
\BOOKMARK [3][-]{subsubsection.8.2.24}{\376\377\0008\000.\0002\000.\0002\0004\000\040\000R\000e\000a\000c\000h\000i\000n\000g\000\040\000D\000e\000f\000i\000n\000i\000t\000i\000o\000n\000s}{subsection.8.2}% 115
\BOOKMARK [3][-]{subsubsection.8.2.25}{\376\377\0008\000.\0002\000.\0002\0005\000\040\000A\000v\000a\000i\000l\000a\000b\000l\000e\000\040\000E\000x\000p\000r\000e\000s\000s\000i\000o\000n\000s}{subsection.8.2}% 116
\BOOKMARK [3][-]{subsubsection.8.2.26}{\376\377\0008\000.\0002\000.\0002\0006\000\040\000L\000i\000v\000e\000\040\000V\000a\000r\000i\000a\000b\000l\000e\000s}{subsection.8.2}% 117
\BOOKMARK [2][-]{subsection.8.3}{\376\377\0008\000.\0003\000\040\000A\000l\000g\000o\000r\000i\000t\000m\000a\000\040\000d\000a\000n\000\040\000R\000u\000m\000u\000s\000\040\000P\000e\000n\000t\000i\000n\000g}{section.8}% 118
\BOOKMARK [3][-]{subsubsection.8.3.1}{\376\377\0008\000.\0003\000.\0001\000\040\000G\000e\000n\000-\000K\000i\000l\000l\000\040\000T\000r\000a\000n\000s\000f\000e\000r\000\040\000F\000u\000n\000c\000t\000i\000o\000n}{subsection.8.3}% 119
\BOOKMARK [3][-]{subsubsection.8.3.2}{\376\377\0008\000.\0003\000.\0002\000\040\000P\000s\000e\000u\000d\000o\000c\000o\000d\000e\000\040\000I\000t\000e\000r\000a\000t\000i\000v\000e\000\040\000D\000a\000t\000a\000-\000F\000l\000o\000w\000\040\000A\000n\000a\000l\000y\000s\000i\000s}{subsection.8.3}% 120
\BOOKMARK [1][-]{section.9}{\376\377\0009\000\040\000R\000e\000c\000u\000r\000s\000i\000v\000e\000\040\000D\000e\000s\000c\000e\000n\000t\000\040\000P\000a\000r\000s\000e\000r}{}% 121
\BOOKMARK [2][-]{subsection.9.1}{\376\377\0009\000.\0001\000\040\000O\000u\000t\000l\000i\000n\000e\000\040\000F\000u\000n\000d\000a\000m\000e\000n\000t\000a\000l\000\040\000K\000o\000n\000s\000e\000p\000\040\000M\000a\000t\000e\000r\000i}{section.9}% 122
\BOOKMARK [2][-]{subsection.9.2}{\376\377\0009\000.\0002\000\040\000P\000e\000n\000j\000e\000l\000a\000s\000a\000n\000\040\000K\000o\000n\000s\000e\000p}{section.9}% 123
\BOOKMARK [3][-]{subsubsection.9.2.1}{\376\377\0009\000.\0002\000.\0001\000\040\000T\000o\000p\000-\000D\000o\000w\000n\000\040\000P\000a\000r\000s\000i\000n\000g}{subsection.9.2}% 124
\BOOKMARK [3][-]{subsubsection.9.2.2}{\376\377\0009\000.\0002\000.\0002\000\040\000D\000e\000f\000i\000n\000i\000s\000i\000\040\000R\000e\000c\000u\000r\000s\000i\000v\000e\000\040\000D\000e\000s\000c\000e\000n\000t\000\040\000P\000a\000r\000s\000e\000r}{subsection.9.2}% 125
\BOOKMARK [3][-]{subsubsection.9.2.3}{\376\377\0009\000.\0002\000.\0003\000\040\000T\000o\000k\000e\000n\000,\000\040\000L\000o\000o\000k\000a\000h\000e\000a\000d\000,\000\040\000d\000a\000n\000\040\000P\000o\000i\000n\000t\000e\000r\000\040\000I\000n\000p\000u\000t}{subsection.9.2}% 126
\BOOKMARK [3][-]{subsubsection.9.2.4}{\376\377\0009\000.\0002\000.\0004\000\040\000A\000l\000g\000o\000r\000i\000t\000m\000a\000\040\000P\000r\000o\000s\000e\000d\000u\000r\000\040\000N\000o\000n\000t\000e\000r\000m\000i\000n\000a\000l}{subsection.9.2}% 127
\BOOKMARK [3][-]{subsubsection.9.2.5}{\376\377\0009\000.\0002\000.\0005\000\040\000B\000r\000u\000t\000e\000-\000F\000o\000r\000c\000e\000\040\000P\000a\000r\000s\000i\000n\000g\000\040\000d\000a\000n\000\040\000R\000e\000c\000u\000r\000s\000i\000v\000e\000\040\000P\000a\000r\000s\000i\000n\000g}{subsection.9.2}% 128
\BOOKMARK [3][-]{subsubsection.9.2.6}{\376\377\0009\000.\0002\000.\0006\000\040\000T\000e\000r\000m\000i\000n\000a\000l\000\040\000M\000a\000t\000c\000h\000i\000n\000g}{subsection.9.2}% 129
\BOOKMARK [3][-]{subsubsection.9.2.7}{\376\377\0009\000.\0002\000.\0007\000\040\000B\000a\000c\000k\000t\000r\000a\000c\000k\000i\000n\000g}{subsection.9.2}% 130
\BOOKMARK [3][-]{subsubsection.9.2.8}{\376\377\0009\000.\0002\000.\0008\000\040\000C\000o\000n\000t\000o\000h\000\040\000F\000u\000n\000g\000s\000i\000\040\000E\000\040\000d\000a\000n\000\040\000T}{subsection.9.2}% 131
\BOOKMARK [3][-]{subsubsection.9.2.9}{\376\377\0009\000.\0002\000.\0009\000\040\000L\000e\000f\000t\000\040\000R\000e\000c\000u\000r\000s\000i\000o\000n}{subsection.9.2}% 132
\BOOKMARK [3][-]{subsubsection.9.2.10}{\376\377\0009\000.\0002\000.\0001\0000\000\040\000E\000l\000i\000m\000i\000n\000a\000s\000i\000\040\000L\000e\000f\000t\000\040\000R\000e\000c\000u\000r\000s\000i\000o\000n}{subsection.9.2}% 133
\BOOKMARK [3][-]{subsubsection.9.2.11}{\376\377\0009\000.\0002\000.\0001\0001\000\040\000L\000e\000f\000t\000\040\000F\000a\000c\000t\000o\000r\000i\000n\000g}{subsection.9.2}% 134
\BOOKMARK [3][-]{subsubsection.9.2.12}{\376\377\0009\000.\0002\000.\0001\0002\000\040\000P\000r\000e\000d\000i\000c\000t\000i\000v\000e\000\040\000P\000a\000r\000s\000i\000n\000g}{subsection.9.2}% 135
\BOOKMARK [3][-]{subsubsection.9.2.13}{\376\377\0009\000.\0002\000.\0001\0003\000\040\000R\000e\000c\000u\000r\000s\000i\000v\000e\000\040\000D\000e\000s\000c\000e\000n\000t\000\040\000u\000n\000t\000u\000k\000\040\000S\000y\000n\000t\000a\000x\000-\000D\000i\000r\000e\000c\000t\000e\000d\000\040\000T\000r\000a\000n\000s\000l\000a\000t\000i\000o\000n}{subsection.9.2}% 136
\BOOKMARK [2][-]{subsection.9.3}{\376\377\0009\000.\0003\000\040\000A\000l\000g\000o\000r\000i\000t\000m\000a\000\040\000d\000a\000n\000\040\000R\000u\000m\000u\000s\000\040\000P\000e\000n\000t\000i\000n\000g}{section.9}% 137
\BOOKMARK [3][-]{subsubsection.9.3.1}{\376\377\0009\000.\0003\000.\0001\000\040\000S\000k\000e\000m\000a\000\040\000U\000m\000u\000m\000\040\000F\000u\000n\000g\000s\000i\000\040\000N\000o\000n\000t\000e\000r\000m\000i\000n\000a\000l}{subsection.9.3}% 138
\BOOKMARK [3][-]{subsubsection.9.3.2}{\376\377\0009\000.\0003\000.\0002\000\040\000E\000l\000i\000m\000i\000n\000a\000s\000i\000\040\000L\000e\000f\000t\000\040\000R\000e\000c\000u\000r\000s\000i\000o\000n}{subsection.9.3}% 139
\BOOKMARK [3][-]{subsubsection.9.3.3}{\376\377\0009\000.\0003\000.\0003\000\040\000L\000e\000f\000t\000\040\000F\000a\000c\000t\000o\000r\000i\000n\000g}{subsection.9.3}% 140
\BOOKMARK [1][-]{section.10}{\376\377\0001\0000\000\040\000L\000L\000\050\0001\000\051\000\040\000P\000a\000r\000s\000e\000r}{}% 141
\BOOKMARK [2][-]{subsection.10.1}{\376\377\0001\0000\000.\0001\000\040\000O\000u\000t\000l\000i\000n\000e\000\040\000F\000u\000n\000d\000a\000m\000e\000n\000t\000a\000l\000\040\000K\000o\000n\000s\000e\000p\000\040\000M\000a\000t\000e\000r\000i}{section.10}% 142
\BOOKMARK [2][-]{subsection.10.2}{\376\377\0001\0000\000.\0002\000\040\000P\000e\000n\000j\000e\000l\000a\000s\000a\000n\000\040\000K\000o\000n\000s\000e\000p}{section.10}% 143
\BOOKMARK [3][-]{subsubsection.10.2.1}{\376\377\0001\0000\000.\0002\000.\0001\000\040\000D\000e\000f\000i\000n\000i\000s\000i\000\040\000L\000L\000\050\0001\000\051}{subsection.10.2}% 144
\BOOKMARK [3][-]{subsubsection.10.2.2}{\376\377\0001\0000\000.\0002\000.\0002\000\040\000H\000u\000b\000u\000n\000g\000a\000n\000\040\000d\000e\000n\000g\000a\000n\000\040\000T\000o\000p\000-\000D\000o\000w\000n\000\040\000P\000a\000r\000s\000i\000n\000g}{subsection.10.2}% 145
\BOOKMARK [3][-]{subsubsection.10.2.3}{\376\377\0001\0000\000.\0002\000.\0003\000\040\000F\000I\000R\000S\000T\000\040\000S\000e\000t}{subsection.10.2}% 146
\BOOKMARK [3][-]{subsubsection.10.2.4}{\376\377\0001\0000\000.\0002\000.\0004\000\040\000F\000O\000L\000L\000O\000W\000\040\000S\000e\000t}{subsection.10.2}% 147
\BOOKMARK [3][-]{subsubsection.10.2.5}{\376\377\0001\0000\000.\0002\000.\0005\000\040\000T\000a\000b\000e\000l\000\040\000P\000a\000r\000s\000i\000n\000g\000\040\000L\000L\000\050\0001\000\051}{subsection.10.2}% 148
\BOOKMARK [3][-]{subsubsection.10.2.6}{\376\377\0001\0000\000.\0002\000.\0006\000\040\000K\000o\000n\000d\000i\000s\000i\000\040\000G\000r\000a\000m\000m\000a\000r\000\040\000L\000L\000\050\0001\000\051}{subsection.10.2}% 149
\BOOKMARK [3][-]{subsubsection.10.2.7}{\376\377\0001\0000\000.\0002\000.\0007\000\040\000A\000l\000g\000o\000r\000i\000t\000m\000a\000\040\000N\000o\000n\000r\000e\000c\000u\000r\000s\000i\000v\000e\000\040\000P\000r\000e\000d\000i\000c\000t\000i\000v\000e\000\040\000P\000a\000r\000s\000i\000n\000g}{subsection.10.2}% 150
\BOOKMARK [3][-]{subsubsection.10.2.8}{\376\377\0001\0000\000.\0002\000.\0008\000\040\000T\000r\000a\000n\000s\000f\000o\000r\000m\000a\000s\000i\000\040\000G\000r\000a\000m\000m\000a\000r\000\040\000u\000n\000t\000u\000k\000\040\000L\000L\000\050\0001\000\051}{subsection.10.2}% 151
\BOOKMARK [3][-]{subsubsection.10.2.9}{\376\377\0001\0000\000.\0002\000.\0009\000\040\000E\000r\000r\000o\000r\000\040\000H\000a\000n\000d\000l\000i\000n\000g\000\040\000d\000a\000n\000\040\000E\000r\000r\000o\000r\000\040\000R\000e\000c\000o\000v\000e\000r\000y}{subsection.10.2}% 152
\BOOKMARK [3][-]{subsubsection.10.2.10}{\376\377\0001\0000\000.\0002\000.\0001\0000\000\040\000s\000y\000n\000c\000h\000\040\000E\000n\000t\000r\000i\000e\000s\000\040\000d\000a\000n\000\040\000P\000h\000r\000a\000s\000e\000-\000L\000e\000v\000e\000l\000\040\000R\000e\000c\000o\000v\000e\000r\000y}{subsection.10.2}% 153
\BOOKMARK [2][-]{subsection.10.3}{\376\377\0001\0000\000.\0003\000\040\000A\000l\000g\000o\000r\000i\000t\000m\000a\000\040\000d\000a\000n\000\040\000R\000u\000m\000u\000s\000\040\000P\000e\000n\000t\000i\000n\000g}{section.10}% 154
\BOOKMARK [3][-]{subsubsection.10.3.1}{\376\377\0001\0000\000.\0003\000.\0001\000\040\000R\000u\000m\000u\000s\000\040\000F\000I\000R\000S\000T}{subsection.10.3}% 155
\BOOKMARK [3][-]{subsubsection.10.3.2}{\376\377\0001\0000\000.\0003\000.\0002\000\040\000R\000u\000m\000u\000s\000\040\000F\000O\000L\000L\000O\000W}{subsection.10.3}% 156
\BOOKMARK [3][-]{subsubsection.10.3.3}{\376\377\0001\0000\000.\0003\000.\0003\000\040\000A\000l\000g\000o\000r\000i\000t\000m\000a\000\040\000K\000o\000n\000s\000t\000r\000u\000k\000s\000i\000\040\000T\000a\000b\000e\000l\000\040\000L\000L\000\050\0001\000\051}{subsection.10.3}% 157
\BOOKMARK [3][-]{subsubsection.10.3.4}{\376\377\0001\0000\000.\0003\000.\0004\000\040\000A\000l\000g\000o\000r\000i\000t\000m\000a\000\040\000N\000o\000n\000r\000e\000c\000u\000r\000s\000i\000v\000e\000\040\000P\000r\000e\000d\000i\000c\000t\000i\000v\000e\000\040\000P\000a\000r\000s\000e\000r}{subsection.10.3}% 158
\BOOKMARK [3][-]{subsubsection.10.3.5}{\376\377\0001\0000\000.\0003\000.\0005\000\040\000T\000r\000a\000c\000e\000\040\000P\000a\000r\000s\000i\000n\000g\000\040\000i\000n\000t\000\040\000*\000\040\000i\000n\000t}{subsection.10.3}% 159
\BOOKMARK [1][-]{section.11}{\376\377\0001\0001\000\040\000I\000n\000t\000e\000r\000m\000e\000d\000i\000a\000t\000e\000\040\000C\000o\000d\000e}{}% 160
\BOOKMARK [2][-]{subsection.11.1}{\376\377\0001\0001\000.\0001\000\040\000O\000u\000t\000l\000i\000n\000e\000\040\000F\000u\000n\000d\000a\000m\000e\000n\000t\000a\000l\000\040\000K\000o\000n\000s\000e\000p\000\040\000M\000a\000t\000e\000r\000i}{section.11}% 161
\BOOKMARK [2][-]{subsection.11.2}{\376\377\0001\0001\000.\0002\000\040\000P\000e\000n\000j\000e\000l\000a\000s\000a\000n\000\040\000K\000o\000n\000s\000e\000p}{section.11}% 162
\BOOKMARK [3][-]{subsubsection.11.2.1}{\376\377\0001\0001\000.\0002\000.\0001\000\040\000M\000o\000t\000i\000v\000a\000s\000i\000\040\000I\000n\000t\000e\000r\000m\000e\000d\000i\000a\000t\000e\000\040\000R\000e\000p\000r\000e\000s\000e\000n\000t\000a\000t\000i\000o\000n}{subsection.11.2}% 163
\BOOKMARK [3][-]{subsubsection.11.2.2}{\376\377\0001\0001\000.\0002\000.\0002\000\040\000P\000o\000s\000i\000s\000i\000\040\000I\000R\000\040\000d\000a\000l\000a\000m\000\040\000P\000i\000p\000e\000l\000i\000n\000e\000\040\000C\000o\000m\000p\000i\000l\000e\000r}{subsection.11.2}% 164
\BOOKMARK [3][-]{subsubsection.11.2.3}{\376\377\0001\0001\000.\0002\000.\0003\000\040\000S\000y\000n\000t\000a\000x\000\040\000T\000r\000e\000e\000\040\000d\000a\000n\000\040\000D\000A\000G}{subsection.11.2}% 165
\BOOKMARK [3][-]{subsubsection.11.2.4}{\376\377\0001\0001\000.\0002\000.\0004\000\040\000V\000a\000l\000u\000e\000-\000N\000u\000m\000b\000e\000r\000\040\000d\000a\000n\000\040\000H\000a\000s\000h\000\040\000N\000o\000d\000e\000\040\000p\000a\000d\000a\000\040\000D\000A\000G}{subsection.11.2}% 166
\BOOKMARK [3][-]{subsubsection.11.2.5}{\376\377\0001\0001\000.\0002\000.\0005\000\040\000P\000o\000s\000t\000f\000i\000x\000\040\000N\000o\000t\000a\000t\000i\000o\000n\000\040\000s\000e\000b\000a\000g\000a\000i\000\040\000I\000n\000t\000e\000r\000m\000e\000d\000i\000a\000t\000e\000\040\000C\000o\000d\000e}{subsection.11.2}% 167
\BOOKMARK [3][-]{subsubsection.11.2.6}{\376\377\0001\0001\000.\0002\000.\0006\000\040\000T\000h\000r\000e\000e\000-\000A\000d\000d\000r\000e\000s\000s\000\040\000C\000o\000d\000e}{subsection.11.2}% 168
\BOOKMARK [3][-]{subsubsection.11.2.7}{\376\377\0001\0001\000.\0002\000.\0007\000\040\000Q\000u\000a\000d\000r\000u\000p\000l\000e\000s\000,\000\040\000T\000r\000i\000p\000l\000e\000s\000,\000\040\000d\000a\000n\000\040\000I\000n\000d\000i\000r\000e\000c\000t\000\040\000T\000r\000i\000p\000l\000e\000s}{subsection.11.2}% 169
\BOOKMARK [3][-]{subsubsection.11.2.8}{\376\377\0001\0001\000.\0002\000.\0008\000\040\000T\000r\000a\000n\000s\000l\000a\000s\000i\000\040\000E\000k\000s\000p\000r\000e\000s\000i\000,\000\040\000A\000r\000r\000a\000y\000,\000\040\000d\000a\000n\000\040\000P\000o\000i\000n\000t\000e\000r}{subsection.11.2}% 170
\BOOKMARK [3][-]{subsubsection.11.2.9}{\376\377\0001\0001\000.\0002\000.\0009\000\040\000B\000o\000o\000l\000e\000a\000n\000\040\000d\000a\000n\000\040\000C\000o\000n\000t\000r\000o\000l\000\040\000F\000l\000o\000w}{subsection.11.2}% 171
\BOOKMARK [3][-]{subsubsection.11.2.10}{\376\377\0001\0001\000.\0002\000.\0001\0000\000\040\000B\000a\000c\000k\000p\000a\000t\000c\000h\000i\000n\000g}{subsection.11.2}% 172
\BOOKMARK [3][-]{subsubsection.11.2.11}{\376\377\0001\0001\000.\0002\000.\0001\0001\000\040\000K\000a\000i\000t\000a\000n\000\040\000d\000e\000n\000g\000a\000n\000\040\000C\000o\000n\000t\000o\000h\000\040\000S\000o\000a\000l\000\040\000U\000A\000S}{subsection.11.2}% 173
\BOOKMARK [3][-]{subsubsection.11.2.12}{\376\377\0001\0001\000.\0002\000.\0001\0002\000\040\000O\000p\000t\000i\000m\000a\000s\000i\000\040\000d\000a\000n\000\040\000D\000e\000t\000e\000k\000s\000i\000\040\000p\000a\000d\000a\000\040\000I\000n\000t\000e\000r\000m\000e\000d\000i\000a\000t\000e\000\040\000C\000o\000d\000e}{subsection.11.2}% 174
\BOOKMARK [2][-]{subsection.11.3}{\376\377\0001\0001\000.\0003\000\040\000A\000l\000g\000o\000r\000i\000t\000m\000a\000\040\000d\000a\000n\000\040\000R\000u\000m\000u\000s\000\040\000P\000e\000n\000t\000i\000n\000g}{section.11}% 175
\BOOKMARK [3][-]{subsubsection.11.3.1}{\376\377\0001\0001\000.\0003\000.\0001\000\040\000R\000u\000m\000u\000s\000\040\000O\000f\000f\000s\000e\000t\000\040\000A\000r\000r\000a\000y}{subsection.11.3}% 176
\BOOKMARK [3][-]{subsubsection.11.3.2}{\376\377\0001\0001\000.\0003\000.\0002\000\040\000P\000s\000e\000u\000d\000o\000c\000o\000d\000e\000\040\000P\000e\000m\000b\000u\000a\000t\000a\000n\000\040\000T\000h\000r\000e\000e\000-\000A\000d\000d\000r\000e\000s\000s\000\040\000C\000o\000d\000e\000\040\000E\000k\000s\000p\000r\000e\000s\000i}{subsection.11.3}% 177
\BOOKMARK [3][-]{subsubsection.11.3.3}{\376\377\0001\0001\000.\0003\000.\0003\000\040\000P\000s\000e\000u\000d\000o\000c\000o\000d\000e\000\040\000K\000o\000n\000s\000t\000r\000u\000k\000s\000i\000\040\000T\000a\000b\000e\000l\000\040\000Q\000u\000a\000d\000r\000u\000p\000l\000e}{subsection.11.3}% 178
\BOOKMARK [3][-]{subsubsection.11.3.4}{\376\377\0001\0001\000.\0003\000.\0004\000\040\000P\000s\000e\000u\000d\000o\000c\000o\000d\000e\000\040\000B\000a\000c\000k\000p\000a\000t\000c\000h\000i\000n\000g}{subsection.11.3}% 179
\BOOKMARK [1][-]{section.12}{\376\377\0001\0002\000\040\000I\000n\000t\000e\000r\000p\000r\000e\000t\000e\000r\000\040\000d\000a\000n\000\040\000V\000i\000r\000t\000u\000a\000l\000\040\000M\000a\000c\000h\000i\000n\000e}{}% 180
\BOOKMARK [2][-]{subsection.12.1}{\376\377\0001\0002\000.\0001\000\040\000O\000u\000t\000l\000i\000n\000e\000\040\000F\000u\000n\000d\000a\000m\000e\000n\000t\000a\000l\000\040\000K\000o\000n\000s\000e\000p\000\040\000M\000a\000t\000e\000r\000i}{section.12}% 181
\BOOKMARK [2][-]{subsection.12.2}{\376\377\0001\0002\000.\0002\000\040\000P\000e\000n\000j\000e\000l\000a\000s\000a\000n\000\040\000K\000o\000n\000s\000e\000p}{section.12}% 182
\BOOKMARK [3][-]{subsubsection.12.2.1}{\376\377\0001\0002\000.\0002\000.\0001\000\040\000C\000o\000m\000p\000i\000l\000e\000r\000,\000\040\000I\000n\000t\000e\000r\000p\000r\000e\000t\000e\000r\000,\000\040\000V\000M\000,\000\040\000B\000y\000t\000e\000c\000o\000d\000e\000,\000\040\000d\000a\000n\000\040\000J\000I\000T}{subsection.12.2}% 183
\BOOKMARK [3][-]{subsubsection.12.2.2}{\376\377\0001\0002\000.\0002\000.\0002\000\040\000H\000o\000t\000S\000p\000o\000t\000,\000\040\000C\000l\000i\000e\000n\000t\000\040\000C\000o\000m\000p\000i\000l\000e\000r\000,\000\040\000d\000a\000n\000\040\000S\000e\000r\000v\000e\000r\000\040\000C\000o\000m\000p\000i\000l\000e\000r}{subsection.12.2}% 184
\BOOKMARK [3][-]{subsubsection.12.2.3}{\376\377\0001\0002\000.\0002\000.\0003\000\040\000M\000o\000t\000i\000v\000a\000s\000i\000\040\000M\000o\000d\000e\000l\000\040\000H\000i\000b\000r\000i\000d\000a\000\040\000C\000o\000m\000p\000i\000l\000e\000r\000\040\000d\000a\000n\000\040\000V\000M}{subsection.12.2}% 185
\BOOKMARK [3][-]{subsubsection.12.2.4}{\376\377\0001\0002\000.\0002\000.\0004\000\040\000P\000o\000s\000i\000s\000i\000\040\000I\000n\000t\000e\000r\000p\000r\000e\000t\000e\000r\000\040\000d\000a\000n\000\040\000V\000M\000\040\000d\000a\000l\000a\000m\000\040\000L\000a\000n\000g\000u\000a\000g\000e\000-\000P\000r\000o\000c\000e\000s\000s\000i\000n\000g\000\040\000S\000y\000s\000t\000e\000m}{subsection.12.2}% 186
\BOOKMARK [3][-]{subsubsection.12.2.5}{\376\377\0001\0002\000.\0002\000.\0005\000\040\000S\000t\000a\000c\000k\000-\000B\000a\000s\000e\000d\000\040\000V\000M}{subsection.12.2}% 187
\BOOKMARK [3][-]{subsubsection.12.2.6}{\376\377\0001\0002\000.\0002\000.\0006\000\040\000R\000e\000g\000i\000s\000t\000e\000r\000-\000B\000a\000s\000e\000d\000\040\000V\000M}{subsection.12.2}% 188
\BOOKMARK [3][-]{subsubsection.12.2.7}{\376\377\0001\0002\000.\0002\000.\0007\000\040\000I\000n\000s\000t\000r\000u\000c\000t\000i\000o\000n\000\040\000S\000e\000t\000\040\000d\000a\000n\000\040\000B\000y\000t\000e\000c\000o\000d\000e}{subsection.12.2}% 189
\BOOKMARK [3][-]{subsubsection.12.2.8}{\376\377\0001\0002\000.\0002\000.\0008\000\040\000R\000u\000n\000t\000i\000m\000e\000\040\000M\000e\000m\000o\000r\000y\000\040\000M\000o\000d\000e\000l}{subsection.12.2}% 190
\BOOKMARK [3][-]{subsubsection.12.2.9}{\376\377\0001\0002\000.\0002\000.\0009\000\040\000S\000i\000k\000l\000u\000s\000\040\000F\000e\000t\000c\000h\000-\000D\000e\000c\000o\000d\000e\000-\000E\000x\000e\000c\000u\000t\000e}{subsection.12.2}% 191
\BOOKMARK [3][-]{subsubsection.12.2.10}{\376\377\0001\0002\000.\0002\000.\0001\0000\000\040\000O\000p\000t\000i\000m\000a\000s\000i\000\040\000I\000n\000t\000e\000r\000p\000r\000e\000t\000e\000r\000\040\000V\000M}{subsection.12.2}% 192
\BOOKMARK [3][-]{subsubsection.12.2.11}{\376\377\0001\0002\000.\0002\000.\0001\0001\000\040\000G\000a\000r\000b\000a\000g\000e\000\040\000C\000o\000l\000l\000e\000c\000t\000i\000o\000n}{subsection.12.2}% 193
\BOOKMARK [3][-]{subsubsection.12.2.12}{\376\377\0001\0002\000.\0002\000.\0001\0002\000\040\000R\000e\000l\000a\000s\000i\000\040\000V\000M\000\040\000d\000e\000n\000g\000a\000n\000\040\000I\000n\000t\000e\000r\000m\000e\000d\000i\000a\000t\000e\000\040\000C\000o\000d\000e\000\040\000d\000a\000n\000\040\000C\000o\000d\000e\000\040\000G\000e\000n\000e\000r\000a\000t\000i\000o\000n}{subsection.12.2}% 194
\BOOKMARK [3][-]{subsubsection.12.2.13}{\376\377\0001\0002\000.\0002\000.\0001\0003\000\040\000K\000a\000i\000t\000a\000n\000\040\000d\000e\000n\000g\000a\000n\000\040\000C\000o\000n\000t\000o\000h\000\040\000U\000A\000S}{subsection.12.2}% 195
\BOOKMARK [2][-]{subsection.12.3}{\376\377\0001\0002\000.\0003\000\040\000A\000l\000g\000o\000r\000i\000t\000m\000a\000\040\000d\000a\000n\000\040\000R\000u\000m\000u\000s\000\040\000P\000e\000n\000t\000i\000n\000g}{section.12}% 196
\BOOKMARK [3][-]{subsubsection.12.3.1}{\376\377\0001\0002\000.\0003\000.\0001\000\040\000P\000s\000e\000u\000d\000o\000c\000o\000d\000e\000\040\000I\000n\000t\000e\000r\000p\000r\000e\000t\000e\000r\000\040\000L\000o\000o\000p}{subsection.12.3}% 197
\BOOKMARK [3][-]{subsubsection.12.3.2}{\376\377\0001\0002\000.\0003\000.\0002\000\040\000P\000s\000e\000u\000d\000o\000c\000o\000d\000e\000\040\000E\000k\000s\000e\000k\000u\000s\000i\000\040\000I\000n\000s\000t\000r\000u\000k\000s\000i\000\040\000S\000t\000a\000c\000k}{subsection.12.3}% 198
\BOOKMARK [3][-]{subsubsection.12.3.3}{\376\377\0001\0002\000.\0003\000.\0003\000\040\000P\000s\000e\000u\000d\000o\000c\000o\000d\000e\000\040\000M\000a\000r\000k\000-\000a\000n\000d\000-\000S\000w\000e\000e\000p}{subsection.12.3}% 199
