\BOOKMARK [1][-]{section.1}{\376\377\0001\000\040\000I\000n\000f\000o\000r\000m\000a\000s\000i\000\040\000U\000j\000i\000a\000n}{}% 1
\BOOKMARK [1][-]{section.2}{\376\377\0002\000\040\000C\000a\000p\000a\000i\000a\000n\000\040\000P\000e\000m\000b\000e\000l\000a\000j\000a\000r\000a\000n\000\040\000M\000a\000t\000a\000\040\000K\000u\000l\000i\000a\000h}{}% 2
\BOOKMARK [1][-]{section.3}{\376\377\0003\000\040\000K\000e\000t\000e\000r\000p\000e\000n\000u\000h\000a\000n\000\040\000C\000P\000M\000K}{}% 3
\BOOKMARK [1][-]{section.4}{\376\377\0004\000\040\000D\000a\000f\000t\000a\000r\000\040\000M\000a\000t\000e\000r\000i\000\040\000y\000a\000n\000g\000\040\000D\000i\000u\000j\000i\000k\000a\000n}{}% 4
\BOOKMARK [1][-]{section.5}{\376\377\0005\000\040\000O\000u\000t\000l\000i\000n\000e\000\040\000K\000e\000s\000e\000l\000u\000r\000u\000h\000a\000n\000\040\000M\000a\000t\000e\000r\000i}{}% 5
\BOOKMARK [2][-]{subsection.5.1}{\376\377\0005\000.\0001\000\040\000A\000p\000p\000l\000i\000c\000a\000t\000i\000o\000n\000\040\000L\000a\000y\000e\000r}{section.5}% 6
\BOOKMARK [2][-]{subsection.5.2}{\376\377\0005\000.\0002\000\040\000T\000r\000a\000n\000s\000p\000o\000r\000t\000\040\000L\000a\000y\000e\000r}{section.5}% 7
\BOOKMARK [2][-]{subsection.5.3}{\376\377\0005\000.\0003\000\040\000C\000o\000n\000g\000e\000s\000t\000i\000o\000n\000\040\000C\000o\000n\000t\000r\000o\000l}{section.5}% 8
\BOOKMARK [2][-]{subsection.5.4}{\376\377\0005\000.\0004\000\040\000W\000i\000r\000e\000l\000e\000s\000s\000\040\000N\000e\000t\000w\000o\000r\000k}{section.5}% 9
\BOOKMARK [2][-]{subsection.5.5}{\376\377\0005\000.\0005\000\040\000N\000e\000t\000w\000o\000r\000k\000\040\000S\000e\000c\000u\000r\000i\000t\000y}{section.5}% 10
\BOOKMARK [1][-]{section.6}{\376\377\0006\000\040\000T\000r\000a\000n\000s\000p\000o\000r\000t\000\040\000L\000a\000y\000e\000r}{}% 11
\BOOKMARK [2][-]{subsection.6.1}{\376\377\0006\000.\0001\000\040\000O\000u\000t\000l\000i\000n\000e\000\040\000F\000u\000n\000d\000a\000m\000e\000n\000t\000a\000l\000\040\000K\000o\000n\000s\000e\000p\000\040\000M\000a\000t\000e\000r\000i}{section.6}% 12
\BOOKMARK [2][-]{subsection.6.2}{\376\377\0006\000.\0002\000\040\000P\000e\000n\000j\000e\000l\000a\000s\000a\000n\000\040\000K\000o\000n\000s\000e\000p\000\040\000F\000u\000n\000d\000a\000m\000e\000n\000t\000a\000l}{section.6}% 13
\BOOKMARK [2][-]{subsection.6.3}{\376\377\0006\000.\0003\000\040\000K\000o\000m\000p\000o\000n\000e\000n\000\040\000K\000u\000n\000c\000i\000\040\000P\000e\000n\000t\000i\000n\000g}{section.6}% 14
\BOOKMARK [2][-]{subsection.6.4}{\376\377\0006\000.\0004\000\040\000A\000l\000g\000o\000r\000i\000t\000m\000a\000\040\000d\000a\000n\000\040\000R\000u\000m\000u\000s\000\040\000P\000e\000n\000t\000i\000n\000g}{section.6}% 15
\BOOKMARK [2][-]{subsection.6.5}{\376\377\0006\000.\0005\000\040\000H\000u\000b\000u\000n\000g\000a\000n\000\040\000d\000e\000n\000g\000a\000n\000\040\000M\000a\000t\000e\000r\000i\000\040\000L\000a\000i\000n}{section.6}% 16
\BOOKMARK [2][-]{subsection.6.6}{\376\377\0006\000.\0006\000\040\000C\000h\000e\000c\000k\000l\000i\000s\000t\000\040\000P\000e\000m\000a\000h\000a\000m\000a\000n}{section.6}% 17
\BOOKMARK [1][-]{section.7}{\376\377\0007\000\040\000C\000o\000n\000g\000e\000s\000t\000i\000o\000n\000\040\000C\000o\000n\000t\000r\000o\000l}{}% 18
\BOOKMARK [2][-]{subsection.7.1}{\376\377\0007\000.\0001\000\040\000O\000u\000t\000l\000i\000n\000e\000\040\000F\000u\000n\000d\000a\000m\000e\000n\000t\000a\000l\000\040\000K\000o\000n\000s\000e\000p\000\040\000M\000a\000t\000e\000r\000i}{section.7}% 19
\BOOKMARK [2][-]{subsection.7.2}{\376\377\0007\000.\0002\000\040\000P\000e\000n\000j\000e\000l\000a\000s\000a\000n\000\040\000K\000o\000n\000s\000e\000p\000\040\000F\000u\000n\000d\000a\000m\000e\000n\000t\000a\000l}{section.7}% 20
\BOOKMARK [2][-]{subsection.7.3}{\376\377\0007\000.\0003\000\040\000K\000o\000m\000p\000o\000n\000e\000n\000\040\000K\000u\000n\000c\000i\000\040\000P\000e\000n\000t\000i\000n\000g}{section.7}% 21
\BOOKMARK [2][-]{subsection.7.4}{\376\377\0007\000.\0004\000\040\000A\000l\000g\000o\000r\000i\000t\000m\000a\000\040\000d\000a\000n\000\040\000R\000u\000m\000u\000s\000\040\000P\000e\000n\000t\000i\000n\000g}{section.7}% 22
\BOOKMARK [2][-]{subsection.7.5}{\376\377\0007\000.\0005\000\040\000H\000u\000b\000u\000n\000g\000a\000n\000\040\000d\000e\000n\000g\000a\000n\000\040\000M\000a\000t\000e\000r\000i\000\040\000L\000a\000i\000n}{section.7}% 23
\BOOKMARK [2][-]{subsection.7.6}{\376\377\0007\000.\0006\000\040\000C\000h\000e\000c\000k\000l\000i\000s\000t\000\040\000P\000e\000m\000a\000h\000a\000m\000a\000n}{section.7}% 24
\BOOKMARK [1][-]{section.8}{\376\377\0008\000\040\000A\000p\000p\000l\000i\000c\000a\000t\000i\000o\000n\000\040\000L\000a\000y\000e\000r}{}% 25
\BOOKMARK [2][-]{subsection.8.1}{\376\377\0008\000.\0001\000\040\000O\000u\000t\000l\000i\000n\000e\000\040\000F\000u\000n\000d\000a\000m\000e\000n\000t\000a\000l\000\040\000K\000o\000n\000s\000e\000p\000\040\000M\000a\000t\000e\000r\000i}{section.8}% 26
\BOOKMARK [2][-]{subsection.8.2}{\376\377\0008\000.\0002\000\040\000P\000e\000n\000j\000e\000l\000a\000s\000a\000n\000\040\000K\000o\000n\000s\000e\000p\000\040\000F\000u\000n\000d\000a\000m\000e\000n\000t\000a\000l}{section.8}% 27
\BOOKMARK [2][-]{subsection.8.3}{\376\377\0008\000.\0003\000\040\000K\000o\000m\000p\000o\000n\000e\000n\000\040\000K\000u\000n\000c\000i\000\040\000P\000e\000n\000t\000i\000n\000g}{section.8}% 28
\BOOKMARK [2][-]{subsection.8.4}{\376\377\0008\000.\0004\000\040\000A\000l\000g\000o\000r\000i\000t\000m\000a\000\040\000d\000a\000n\000\040\000R\000u\000m\000u\000s\000\040\000P\000e\000n\000t\000i\000n\000g}{section.8}% 29
\BOOKMARK [2][-]{subsection.8.5}{\376\377\0008\000.\0005\000\040\000H\000u\000b\000u\000n\000g\000a\000n\000\040\000d\000e\000n\000g\000a\000n\000\040\000M\000a\000t\000e\000r\000i\000\040\000L\000a\000i\000n}{section.8}% 30
\BOOKMARK [2][-]{subsection.8.6}{\376\377\0008\000.\0006\000\040\000C\000h\000e\000c\000k\000l\000i\000s\000t\000\040\000P\000e\000m\000a\000h\000a\000m\000a\000n}{section.8}% 31
\BOOKMARK [1][-]{section.9}{\376\377\0009\000\040\000W\000i\000r\000e\000l\000e\000s\000s\000\040\000N\000e\000t\000w\000o\000r\000k}{}% 32
\BOOKMARK [2][-]{subsection.9.1}{\376\377\0009\000.\0001\000\040\000O\000u\000t\000l\000i\000n\000e\000\040\000F\000u\000n\000d\000a\000m\000e\000n\000t\000a\000l\000\040\000K\000o\000n\000s\000e\000p\000\040\000M\000a\000t\000e\000r\000i}{section.9}% 33
\BOOKMARK [2][-]{subsection.9.2}{\376\377\0009\000.\0002\000\040\000P\000e\000n\000j\000e\000l\000a\000s\000a\000n\000\040\000K\000o\000n\000s\000e\000p\000\040\000F\000u\000n\000d\000a\000m\000e\000n\000t\000a\000l}{section.9}% 34
\BOOKMARK [2][-]{subsection.9.3}{\376\377\0009\000.\0003\000\040\000K\000o\000m\000p\000o\000n\000e\000n\000\040\000K\000u\000n\000c\000i\000\040\000P\000e\000n\000t\000i\000n\000g}{section.9}% 35
\BOOKMARK [2][-]{subsection.9.4}{\376\377\0009\000.\0004\000\040\000A\000l\000g\000o\000r\000i\000t\000m\000a\000\040\000d\000a\000n\000\040\000R\000u\000m\000u\000s\000\040\000P\000e\000n\000t\000i\000n\000g}{section.9}% 36
\BOOKMARK [2][-]{subsection.9.5}{\376\377\0009\000.\0005\000\040\000H\000u\000b\000u\000n\000g\000a\000n\000\040\000d\000e\000n\000g\000a\000n\000\040\000M\000a\000t\000e\000r\000i\000\040\000L\000a\000i\000n}{section.9}% 37
\BOOKMARK [2][-]{subsection.9.6}{\376\377\0009\000.\0006\000\040\000C\000h\000e\000c\000k\000l\000i\000s\000t\000\040\000P\000e\000m\000a\000h\000a\000m\000a\000n}{section.9}% 38
\BOOKMARK [1][-]{section.10}{\376\377\0001\0000\000\040\000N\000e\000t\000w\000o\000r\000k\000\040\000S\000e\000c\000u\000r\000i\000t\000y}{}% 39
\BOOKMARK [2][-]{subsection.10.1}{\376\377\0001\0000\000.\0001\000\040\000O\000u\000t\000l\000i\000n\000e\000\040\000F\000u\000n\000d\000a\000m\000e\000n\000t\000a\000l\000\040\000K\000o\000n\000s\000e\000p\000\040\000M\000a\000t\000e\000r\000i}{section.10}% 40
\BOOKMARK [2][-]{subsection.10.2}{\376\377\0001\0000\000.\0002\000\040\000P\000e\000n\000j\000e\000l\000a\000s\000a\000n\000\040\000K\000o\000n\000s\000e\000p\000\040\000F\000u\000n\000d\000a\000m\000e\000n\000t\000a\000l}{section.10}% 41
\BOOKMARK [2][-]{subsection.10.3}{\376\377\0001\0000\000.\0003\000\040\000K\000o\000m\000p\000o\000n\000e\000n\000\040\000K\000u\000n\000c\000i\000\040\000P\000e\000n\000t\000i\000n\000g}{section.10}% 42
\BOOKMARK [2][-]{subsection.10.4}{\376\377\0001\0000\000.\0004\000\040\000A\000l\000g\000o\000r\000i\000t\000m\000a\000\040\000d\000a\000n\000\040\000R\000u\000m\000u\000s\000\040\000P\000e\000n\000t\000i\000n\000g}{section.10}% 43
\BOOKMARK [2][-]{subsection.10.5}{\376\377\0001\0000\000.\0005\000\040\000H\000u\000b\000u\000n\000g\000a\000n\000\040\000d\000e\000n\000g\000a\000n\000\040\000M\000a\000t\000e\000r\000i\000\040\000L\000a\000i\000n}{section.10}% 44
\BOOKMARK [2][-]{subsection.10.6}{\376\377\0001\0000\000.\0006\000\040\000C\000h\000e\000c\000k\000l\000i\000s\000t\000\040\000P\000e\000m\000a\000h\000a\000m\000a\000n}{section.10}% 45
