\BOOKMARK [1][-]{section.1}{\376\377\0001\000\040\000I\000n\000f\000o\000r\000m\000a\000s\000i\000\040\000U\000j\000i\000a\000n}{}% 1
\BOOKMARK [2][-]{subsection.1.1}{\376\377\0001\000.\0001\000\040\000C\000a\000p\000a\000i\000a\000n\000\040\000P\000e\000m\000b\000e\000l\000a\000j\000a\000r\000a\000n\000\040\000M\000a\000t\000a\000\040\000K\000u\000l\000i\000a\000h\000\040\000\050\000C\000P\000M\000K\000\051}{section.1}% 2
\BOOKMARK [2][-]{subsection.1.2}{\376\377\0001\000.\0002\000\040\000T\000a\000b\000e\000l\000\040\000H\000u\000b\000u\000n\000g\000a\000n\000\040\000C\000P\000M\000K\000\040\000d\000a\000n\000\040\000M\000a\000t\000e\000r\000i}{section.1}% 3
\BOOKMARK [1][-]{section.2}{\376\377\0002\000\040\000D\000a\000f\000t\000a\000r\000\040\000M\000a\000t\000e\000r\000i\000\040\000y\000a\000n\000g\000\040\000D\000i\000u\000j\000i\000k\000a\000n}{}% 4
\BOOKMARK [1][-]{section.3}{\376\377\0003\000\040\000O\000u\000t\000l\000i\000n\000e\000\040\000K\000e\000s\000e\000l\000u\000r\000u\000h\000a\000n\000\040\000M\000a\000t\000e\000r\000i}{}% 5
\BOOKMARK [2][-]{subsection.3.1}{\376\377\0003\000.\0001\000\040\000B\000a\000c\000k\000t\000r\000a\000c\000k\000i\000n\000g}{section.3}% 6
\BOOKMARK [2][-]{subsection.3.2}{\376\377\0003\000.\0002\000\040\000B\000r\000a\000n\000c\000h\000\040\000a\000n\000d\000\040\000B\000o\000u\000n\000d}{section.3}% 7
\BOOKMARK [2][-]{subsection.3.3}{\376\377\0003\000.\0003\000\040\000R\000o\000u\000t\000e\000\040\000P\000l\000a\000n\000n\000i\000n\000g}{section.3}% 8
\BOOKMARK [2][-]{subsection.3.4}{\376\377\0003\000.\0004\000\040\000S\000t\000r\000i\000n\000g\000\040\000M\000a\000t\000c\000h\000i\000n\000g}{section.3}% 9
\BOOKMARK [2][-]{subsection.3.5}{\376\377\0003\000.\0005\000\040\000S\000t\000r\000i\000n\000g\000\040\000M\000a\000t\000c\000h\000i\000n\000g\000\040\000w\000i\000t\000h\000\040\000R\000e\000g\000e\000x}{section.3}% 10
\BOOKMARK [2][-]{subsection.3.6}{\376\377\0003\000.\0006\000\040\000P\000r\000o\000g\000r\000a\000m\000\040\000D\000i\000n\000a\000m\000i\000s}{section.3}% 11
\BOOKMARK [2][-]{subsection.3.7}{\376\377\0003\000.\0007\000\040\000T\000e\000o\000r\000i\000\040\000P\000,\000\040\000N\000P\000,\000\040\000N\000P\000C}{section.3}% 12
\BOOKMARK [1][-]{section.4}{\376\377\0004\000\040\000B\000a\000c\000k\000t\000r\000a\000c\000k\000i\000n\000g}{}% 13
\BOOKMARK [2][-]{subsection.4.1}{\376\377\0004\000.\0001\000\040\000O\000u\000t\000l\000i\000n\000e\000\040\000F\000u\000n\000d\000a\000m\000e\000n\000t\000a\000l\000\040\000K\000o\000n\000s\000e\000p\000\040\000M\000a\000t\000e\000r\000i}{section.4}% 14
\BOOKMARK [2][-]{subsection.4.2}{\376\377\0004\000.\0002\000\040\000P\000e\000n\000t\000i\000n\000g\000n\000y\000a\000\040\000M\000a\000t\000e\000r\000i\000\040\000d\000a\000n\000\040\000R\000e\000l\000e\000v\000a\000n\000s\000i\000n\000y\000a}{section.4}% 15
\BOOKMARK [3][-]{subsubsection.4.2.1}{\376\377\0004\000.\0002\000.\0001\000\040\000M\000e\000n\000g\000a\000p\000a\000\040\000M\000a\000t\000e\000r\000i\000\040\000I\000n\000i\000\040\000P\000e\000n\000t\000i\000n\000g}{subsection.4.2}% 16
\BOOKMARK [3][-]{subsubsection.4.2.2}{\376\377\0004\000.\0002\000.\0002\000\040\000I\000m\000p\000l\000e\000m\000e\000n\000t\000a\000s\000i\000\040\000D\000a\000s\000a\000r}{subsection.4.2}% 17
\BOOKMARK [3][-]{subsubsection.4.2.3}{\376\377\0004\000.\0002\000.\0003\000\040\000R\000e\000l\000e\000v\000a\000n\000s\000i\000\040\000d\000e\000n\000g\000a\000n\000\040\000I\000n\000d\000u\000s\000t\000r\000i\000\040\000S\000a\000a\000t\000\040\000I\000n\000i}{subsection.4.2}% 18
\BOOKMARK [3][-]{subsubsection.4.2.4}{\376\377\0004\000.\0002\000.\0004\000\040\000D\000e\000p\000e\000n\000d\000e\000n\000s\000i\000\040\000d\000a\000n\000\040\000H\000u\000b\000u\000n\000g\000a\000n\000\040\000d\000e\000n\000g\000a\000n\000\040\000M\000a\000t\000e\000r\000i\000\040\000L\000a\000i\000n}{subsection.4.2}% 19
\BOOKMARK [2][-]{subsection.4.3}{\376\377\0004\000.\0003\000\040\000P\000o\000l\000a\000\040\000S\000o\000a\000l\000\040\000U\000A\000S\000\040\000S\000e\000b\000e\000l\000u\000m\000n\000y\000a\000\040\000d\000a\000n\000\040\000P\000r\000i\000o\000r\000i\000t\000a\000s}{section.4}% 20
\BOOKMARK [3][-]{subsubsection.4.3.1}{\376\377\0004\000.\0003\000.\0001\000\040\000F\000o\000r\000m\000u\000l\000a\000\040\000E\000k\000s\000p\000l\000i\000s\000i\000t\000\040\000y\000a\000n\000g\000\040\000P\000e\000r\000l\000u\000\040\000D\000i\000k\000u\000a\000s\000a\000i}{subsection.4.3}% 21
\BOOKMARK [2][-]{subsection.4.4}{\376\377\0004\000.\0004\000\040\000P\000e\000n\000j\000e\000l\000a\000s\000a\000n\000\040\000K\000o\000n\000s\000e\000p\000\040\000F\000u\000n\000d\000a\000m\000e\000n\000t\000a\000l}{section.4}% 22
\BOOKMARK [3][-]{subsubsection.4.4.1}{\376\377\0004\000.\0004\000.\0001\000\040\000B\000a\000c\000k\000t\000r\000a\000c\000k\000i\000n\000g\000\040\000s\000e\000b\000a\000g\000a\000i\000\040\000P\000e\000r\000b\000a\000i\000k\000a\000n\000\040\000E\000x\000h\000a\000u\000s\000t\000i\000v\000e\000\040\000S\000e\000a\000r\000c\000h}{subsection.4.4}% 23
\BOOKMARK [3][-]{subsubsection.4.4.2}{\376\377\0004\000.\0004\000.\0002\000\040\000P\000r\000o\000p\000e\000r\000t\000i\000\040\000U\000m\000u\000m\000\040\000A\000l\000g\000o\000r\000i\000t\000m\000a\000\040\000R\000u\000n\000u\000t\000-\000b\000a\000l\000i\000k}{subsection.4.4}% 24
\BOOKMARK [3][-]{subsubsection.4.4.3}{\376\377\0004\000.\0004\000.\0003\000\040\000P\000o\000h\000o\000n\000\040\000R\000u\000a\000n\000g\000\040\000S\000t\000a\000t\000u\000s}{subsection.4.4}% 25
\BOOKMARK [3][-]{subsubsection.4.4.4}{\376\377\0004\000.\0004\000.\0004\000\040\000A\000p\000l\000i\000k\000a\000s\000i\000\040\000B\000a\000c\000k\000t\000r\000a\000c\000k\000i\000n\000g}{subsection.4.4}% 26
\BOOKMARK [2][-]{subsection.4.5}{\376\377\0004\000.\0005\000\040\000K\000o\000m\000p\000o\000n\000e\000n\000\040\000K\000u\000n\000c\000i\000\040\000P\000e\000n\000t\000i\000n\000g}{section.4}% 27
\BOOKMARK [2][-]{subsection.4.6}{\376\377\0004\000.\0006\000\040\000A\000l\000g\000o\000r\000i\000t\000m\000a\000\040\000d\000a\000n\000\040\000R\000u\000m\000u\000s\000\040\000P\000e\000n\000t\000i\000n\000g}{section.4}% 28
\BOOKMARK [3][-]{subsubsection.4.6.1}{\376\377\0004\000.\0006\000.\0001\000\040\000S\000k\000e\000m\000a\000\040\000U\000m\000u\000m\000\040\000B\000a\000c\000k\000t\000r\000a\000c\000k\000i\000n\000g\000\040\000R\000e\000k\000u\000r\000s\000i\000f}{subsection.4.6}% 29
\BOOKMARK [3][-]{subsubsection.4.6.2}{\376\377\0004\000.\0006\000.\0002\000\040\000F\000u\000n\000g\000s\000i\000\040\000P\000e\000m\000b\000a\000t\000a\000s\000\040\000S\000u\000m\000\040\000o\000f\000\040\000S\000u\000b\000s\000e\000t\000s}{subsection.4.6}% 30
\BOOKMARK [2][-]{subsection.4.7}{\376\377\0004\000.\0007\000\040\000C\000h\000e\000c\000k\000l\000i\000s\000t\000\040\000P\000e\000m\000a\000h\000a\000m\000a\000n}{section.4}% 31
\BOOKMARK [3][-]{subsubsection.4.7.1}{\376\377\0004\000.\0007\000.\0001\000\040\000S\000u\000b\000m\000a\000t\000e\000r\000i\000\040\000y\000a\000n\000g\000\040\000T\000e\000l\000a\000h\000\040\000D\000i\000b\000a\000h\000a\000s}{subsection.4.7}% 32
\BOOKMARK [3][-]{subsubsection.4.7.2}{\376\377\0004\000.\0007\000.\0002\000\040\000P\000r\000i\000o\000r\000i\000t\000a\000s\000\040\000B\000e\000l\000a\000j\000a\000r}{subsection.4.7}% 33
\BOOKMARK [1][-]{section.5}{\376\377\0005\000\040\000B\000r\000a\000n\000c\000h\000\040\000a\000n\000d\000\040\000B\000o\000u\000n\000d}{}% 34
\BOOKMARK [2][-]{subsection.5.1}{\376\377\0005\000.\0001\000\040\000O\000u\000t\000l\000i\000n\000e\000\040\000F\000u\000n\000d\000a\000m\000e\000n\000t\000a\000l\000\040\000K\000o\000n\000s\000e\000p\000\040\000M\000a\000t\000e\000r\000i}{section.5}% 35
\BOOKMARK [2][-]{subsection.5.2}{\376\377\0005\000.\0002\000\040\000P\000e\000n\000t\000i\000n\000g\000n\000y\000a\000\040\000M\000a\000t\000e\000r\000i\000\040\000d\000a\000n\000\040\000R\000e\000l\000e\000v\000a\000n\000s\000i\000n\000y\000a}{section.5}% 36
\BOOKMARK [3][-]{subsubsection.5.2.1}{\376\377\0005\000.\0002\000.\0001\000\040\000M\000e\000n\000g\000a\000p\000a\000\040\000M\000a\000t\000e\000r\000i\000\040\000I\000n\000i\000\040\000P\000e\000n\000t\000i\000n\000g}{subsection.5.2}% 37
\BOOKMARK [3][-]{subsubsection.5.2.2}{\376\377\0005\000.\0002\000.\0002\000\040\000I\000m\000p\000l\000e\000m\000e\000n\000t\000a\000s\000i\000\040\000D\000a\000s\000a\000r}{subsection.5.2}% 38
\BOOKMARK [3][-]{subsubsection.5.2.3}{\376\377\0005\000.\0002\000.\0003\000\040\000R\000e\000l\000e\000v\000a\000n\000s\000i\000\040\000d\000e\000n\000g\000a\000n\000\040\000I\000n\000d\000u\000s\000t\000r\000i\000\040\000S\000a\000a\000t\000\040\000I\000n\000i}{subsection.5.2}% 39
\BOOKMARK [3][-]{subsubsection.5.2.4}{\376\377\0005\000.\0002\000.\0004\000\040\000D\000e\000p\000e\000n\000d\000e\000n\000s\000i\000\040\000d\000a\000n\000\040\000H\000u\000b\000u\000n\000g\000a\000n\000\040\000d\000e\000n\000g\000a\000n\000\040\000M\000a\000t\000e\000r\000i\000\040\000L\000a\000i\000n}{subsection.5.2}% 40
\BOOKMARK [2][-]{subsection.5.3}{\376\377\0005\000.\0003\000\040\000P\000o\000l\000a\000\040\000S\000o\000a\000l\000\040\000U\000A\000S\000\040\000S\000e\000b\000e\000l\000u\000m\000n\000y\000a\000\040\000d\000a\000n\000\040\000P\000r\000i\000o\000r\000i\000t\000a\000s}{section.5}% 41
\BOOKMARK [3][-]{subsubsection.5.3.1}{\376\377\0005\000.\0003\000.\0001\000\040\000F\000o\000r\000m\000u\000l\000a\000\040\000E\000k\000s\000p\000l\000i\000s\000i\000t\000\040\000y\000a\000n\000g\000\040\000P\000e\000r\000l\000u\000\040\000D\000i\000k\000u\000a\000s\000a\000i}{subsection.5.3}% 42
\BOOKMARK [2][-]{subsection.5.4}{\376\377\0005\000.\0004\000\040\000P\000e\000n\000j\000e\000l\000a\000s\000a\000n\000\040\000K\000o\000n\000s\000e\000p\000\040\000F\000u\000n\000d\000a\000m\000e\000n\000t\000a\000l}{section.5}% 43
\BOOKMARK [3][-]{subsubsection.5.4.1}{\376\377\0005\000.\0004\000.\0001\000\040\000D\000e\000f\000i\000n\000i\000s\000i\000\040\000B\000r\000a\000n\000c\000h\000\040\000a\000n\000d\000\040\000B\000o\000u\000n\000d}{subsection.5.4}% 44
\BOOKMARK [3][-]{subsubsection.5.4.2}{\376\377\0005\000.\0004\000.\0002\000\040\000P\000e\000m\000a\000n\000g\000k\000a\000s\000a\000n\000\040\000p\000a\000d\000a\000\040\000B\000\046\000B}{subsection.5.4}% 45
\BOOKMARK [3][-]{subsubsection.5.4.3}{\376\377\0005\000.\0004\000.\0003\000\040\000A\000p\000l\000i\000k\000a\000s\000i\000\040\000B\000\046\000B}{subsection.5.4}% 46
\BOOKMARK [2][-]{subsection.5.5}{\376\377\0005\000.\0005\000\040\000K\000o\000m\000p\000o\000n\000e\000n\000\040\000K\000u\000n\000c\000i\000\040\000P\000e\000n\000t\000i\000n\000g}{section.5}% 47
\BOOKMARK [2][-]{subsection.5.6}{\376\377\0005\000.\0006\000\040\000A\000l\000g\000o\000r\000i\000t\000m\000a\000\040\000d\000a\000n\000\040\000R\000u\000m\000u\000s\000\040\000P\000e\000n\000t\000i\000n\000g}{section.5}% 48
\BOOKMARK [3][-]{subsubsection.5.6.1}{\376\377\0005\000.\0006\000.\0001\000\040\000C\000o\000s\000t\000\040\000S\000i\000m\000p\000u\000l}{subsection.5.6}% 49
\BOOKMARK [3][-]{subsubsection.5.6.2}{\376\377\0005\000.\0006\000.\0002\000\040\000B\000o\000u\000n\000d\000\040\000T\000S\000P\000\040\000d\000e\000n\000g\000a\000n\000\040\000R\000e\000d\000u\000c\000e\000d\000\040\000C\000o\000s\000t\000\040\000M\000a\000t\000r\000i\000x}{subsection.5.6}% 50
\BOOKMARK [2][-]{subsection.5.7}{\376\377\0005\000.\0007\000\040\000C\000h\000e\000c\000k\000l\000i\000s\000t\000\040\000P\000e\000m\000a\000h\000a\000m\000a\000n}{section.5}% 51
\BOOKMARK [3][-]{subsubsection.5.7.1}{\376\377\0005\000.\0007\000.\0001\000\040\000S\000u\000b\000m\000a\000t\000e\000r\000i\000\040\000y\000a\000n\000g\000\040\000T\000e\000l\000a\000h\000\040\000D\000i\000b\000a\000h\000a\000s}{subsection.5.7}% 52
\BOOKMARK [3][-]{subsubsection.5.7.2}{\376\377\0005\000.\0007\000.\0002\000\040\000P\000r\000i\000o\000r\000i\000t\000a\000s\000\040\000B\000e\000l\000a\000j\000a\000r}{subsection.5.7}% 53
\BOOKMARK [1][-]{section.6}{\376\377\0006\000\040\000R\000o\000u\000t\000e\000\040\000P\000l\000a\000n\000n\000i\000n\000g}{}% 54
\BOOKMARK [2][-]{subsection.6.1}{\376\377\0006\000.\0001\000\040\000O\000u\000t\000l\000i\000n\000e\000\040\000F\000u\000n\000d\000a\000m\000e\000n\000t\000a\000l\000\040\000K\000o\000n\000s\000e\000p\000\040\000M\000a\000t\000e\000r\000i}{section.6}% 55
\BOOKMARK [2][-]{subsection.6.2}{\376\377\0006\000.\0002\000\040\000P\000e\000n\000t\000i\000n\000g\000n\000y\000a\000\040\000M\000a\000t\000e\000r\000i\000\040\000d\000a\000n\000\040\000R\000e\000l\000e\000v\000a\000n\000s\000i\000n\000y\000a}{section.6}% 56
\BOOKMARK [3][-]{subsubsection.6.2.1}{\376\377\0006\000.\0002\000.\0001\000\040\000D\000e\000p\000e\000n\000d\000e\000n\000s\000i\000\040\000d\000a\000n\000\040\000H\000u\000b\000u\000n\000g\000a\000n\000\040\000d\000e\000n\000g\000a\000n\000\040\000M\000a\000t\000e\000r\000i\000\040\000L\000a\000i\000n}{subsection.6.2}% 57
\BOOKMARK [2][-]{subsection.6.3}{\376\377\0006\000.\0003\000\040\000P\000o\000l\000a\000\040\000S\000o\000a\000l\000\040\000U\000A\000S\000\040\000S\000e\000b\000e\000l\000u\000m\000n\000y\000a\000\040\000d\000a\000n\000\040\000P\000r\000i\000o\000r\000i\000t\000a\000s}{section.6}% 58
\BOOKMARK [2][-]{subsection.6.4}{\376\377\0006\000.\0004\000\040\000P\000e\000n\000j\000e\000l\000a\000s\000a\000n\000\040\000K\000o\000n\000s\000e\000p\000\040\000F\000u\000n\000d\000a\000m\000e\000n\000t\000a\000l}{section.6}% 59
\BOOKMARK [3][-]{subsubsection.6.4.1}{\376\377\0006\000.\0004\000.\0001\000\040\000M\000o\000d\000e\000l\000\040\000G\000r\000a\000f\000\040\000u\000n\000t\000u\000k\000\040\000R\000o\000u\000t\000e\000\040\000P\000l\000a\000n\000n\000i\000n\000g}{subsection.6.4}% 60
\BOOKMARK [3][-]{subsubsection.6.4.2}{\376\377\0006\000.\0004\000.\0002\000\040\000F\000r\000o\000n\000t\000i\000e\000r\000,\000\040\000S\000i\000m\000p\000u\000l\000\040\000E\000k\000s\000p\000a\000n\000,\000\040\000d\000a\000n\000\040\000K\000o\000n\000d\000i\000s\000i\000\040\000B\000e\000r\000h\000e\000n\000t\000i}{subsection.6.4}% 61
\BOOKMARK [3][-]{subsubsection.6.4.3}{\376\377\0006\000.\0004\000.\0003\000\040\000U\000n\000i\000n\000f\000o\000r\000m\000e\000d\000\040\000S\000e\000a\000r\000c\000h}{subsection.6.4}% 62
\BOOKMARK [3][-]{subsubsection.6.4.4}{\376\377\0006\000.\0004\000.\0004\000\040\000U\000n\000i\000f\000o\000r\000m\000\040\000C\000o\000s\000t\000\040\000S\000e\000a\000r\000c\000h}{subsection.6.4}% 63
\BOOKMARK [3][-]{subsubsection.6.4.5}{\376\377\0006\000.\0004\000.\0005\000\040\000I\000n\000f\000o\000r\000m\000e\000d\000\040\000S\000e\000a\000r\000c\000h\000\040\000d\000a\000n\000\040\000H\000e\000u\000r\000i\000s\000t\000i\000k}{subsection.6.4}% 64
\BOOKMARK [3][-]{subsubsection.6.4.6}{\376\377\0006\000.\0004\000.\0006\000\040\000G\000r\000e\000e\000d\000y\000\040\000B\000e\000s\000t\000-\000F\000i\000r\000s\000t\000\040\000S\000e\000a\000r\000c\000h}{subsection.6.4}% 65
\BOOKMARK [3][-]{subsubsection.6.4.7}{\376\377\0006\000.\0004\000.\0007\000\040\000A\000*}{subsection.6.4}% 66
\BOOKMARK [3][-]{subsubsection.6.4.8}{\376\377\0006\000.\0004\000.\0008\000\040\000A\000d\000m\000i\000s\000s\000i\000b\000l\000e\000\040\000d\000a\000n\000\040\000C\000o\000n\000s\000i\000s\000t\000e\000n\000t\000\040\000H\000e\000u\000r\000i\000s\000t\000i\000c}{subsection.6.4}% 67
\BOOKMARK [2][-]{subsection.6.5}{\376\377\0006\000.\0005\000\040\000K\000o\000m\000p\000o\000n\000e\000n\000\040\000K\000u\000n\000c\000i\000\040\000P\000e\000n\000t\000i\000n\000g}{section.6}% 68
\BOOKMARK [2][-]{subsection.6.6}{\376\377\0006\000.\0006\000\040\000A\000l\000g\000o\000r\000i\000t\000m\000a\000\040\000d\000a\000n\000\040\000R\000u\000m\000u\000s\000\040\000P\000e\000n\000t\000i\000n\000g}{section.6}% 69
\BOOKMARK [3][-]{subsubsection.6.6.1}{\376\377\0006\000.\0006\000.\0001\000\040\000B\000i\000a\000y\000a\000\040\000L\000i\000n\000t\000a\000s\000a\000n}{subsection.6.6}% 70
\BOOKMARK [3][-]{subsubsection.6.6.2}{\376\377\0006\000.\0006\000.\0002\000\040\000F\000u\000n\000g\000s\000i\000\040\000E\000v\000a\000l\000u\000a\000s\000i\000\040\000U\000C\000S\000,\000\040\000G\000r\000e\000e\000d\000y\000\040\000B\000e\000s\000t\000-\000F\000i\000r\000s\000t\000\040\000S\000e\000a\000r\000c\000h\000,\000\040\000d\000a\000n\000\040\000A\000*}{subsection.6.6}% 71
\BOOKMARK [3][-]{subsubsection.6.6.3}{\376\377\0006\000.\0006\000.\0003\000\040\000A\000d\000m\000i\000s\000s\000i\000b\000i\000l\000i\000t\000y\000\040\000H\000e\000u\000r\000i\000s\000t\000i\000c}{subsection.6.6}% 72
\BOOKMARK [3][-]{subsubsection.6.6.4}{\376\377\0006\000.\0006\000.\0004\000\040\000C\000o\000n\000s\000i\000s\000t\000e\000n\000c\000y\000\040\000H\000e\000u\000r\000i\000s\000t\000i\000c}{subsection.6.6}% 73
\BOOKMARK [3][-]{subsubsection.6.6.5}{\376\377\0006\000.\0006\000.\0005\000\040\000P\000s\000e\000u\000d\000o\000c\000o\000d\000e\000\040\000P\000e\000n\000c\000a\000r\000i\000a\000n\000\040\000B\000e\000s\000t\000-\000F\000i\000r\000s\000t\000\040\000G\000e\000n\000e\000r\000i\000k}{subsection.6.6}% 74
\BOOKMARK [3][-]{subsubsection.6.6.6}{\376\377\0006\000.\0006\000.\0006\000\040\000T\000e\000m\000p\000l\000a\000t\000e\000\040\000T\000a\000b\000e\000l\000\040\000I\000t\000e\000r\000a\000s\000i\000\040\000U\000A\000S}{subsection.6.6}% 75
\BOOKMARK [2][-]{subsection.6.7}{\376\377\0006\000.\0007\000\040\000K\000e\000s\000a\000l\000a\000h\000a\000n\000\040\000U\000m\000u\000m\000\040\000d\000a\000n\000\040\000E\000d\000g\000e\000\040\000C\000a\000s\000e}{section.6}% 76
\BOOKMARK [2][-]{subsection.6.8}{\376\377\0006\000.\0008\000\040\000C\000h\000e\000c\000k\000l\000i\000s\000t\000\040\000P\000e\000m\000a\000h\000a\000m\000a\000n}{section.6}% 77
\BOOKMARK [3][-]{subsubsection.6.8.1}{\376\377\0006\000.\0008\000.\0001\000\040\000S\000u\000b\000m\000a\000t\000e\000r\000i\000\040\000y\000a\000n\000g\000\040\000T\000e\000l\000a\000h\000\040\000D\000i\000b\000a\000h\000a\000s}{subsection.6.8}% 78
\BOOKMARK [3][-]{subsubsection.6.8.2}{\376\377\0006\000.\0008\000.\0002\000\040\000P\000r\000i\000o\000r\000i\000t\000a\000s\000\040\000B\000e\000l\000a\000j\000a\000r}{subsection.6.8}% 79
\BOOKMARK [1][-]{section.7}{\376\377\0007\000\040\000S\000t\000r\000i\000n\000g\000\040\000M\000a\000t\000c\000h\000i\000n\000g}{}% 80
\BOOKMARK [2][-]{subsection.7.1}{\376\377\0007\000.\0001\000\040\000O\000u\000t\000l\000i\000n\000e\000\040\000F\000u\000n\000d\000a\000m\000e\000n\000t\000a\000l\000\040\000K\000o\000n\000s\000e\000p\000\040\000M\000a\000t\000e\000r\000i}{section.7}% 81
\BOOKMARK [2][-]{subsection.7.2}{\376\377\0007\000.\0002\000\040\000P\000e\000n\000t\000i\000n\000g\000n\000y\000a\000\040\000M\000a\000t\000e\000r\000i\000\040\000d\000a\000n\000\040\000R\000e\000l\000e\000v\000a\000n\000s\000i\000n\000y\000a}{section.7}% 82
\BOOKMARK [3][-]{subsubsection.7.2.1}{\376\377\0007\000.\0002\000.\0001\000\040\000D\000e\000p\000e\000n\000d\000e\000n\000s\000i\000\040\000d\000a\000n\000\040\000H\000u\000b\000u\000n\000g\000a\000n\000\040\000d\000e\000n\000g\000a\000n\000\040\000M\000a\000t\000e\000r\000i\000\040\000L\000a\000i\000n}{subsection.7.2}% 83
\BOOKMARK [2][-]{subsection.7.3}{\376\377\0007\000.\0003\000\040\000P\000o\000l\000a\000\040\000S\000o\000a\000l\000\040\000U\000A\000S\000\040\000S\000e\000b\000e\000l\000u\000m\000n\000y\000a\000\040\000d\000a\000n\000\040\000P\000r\000i\000o\000r\000i\000t\000a\000s}{section.7}% 84
\BOOKMARK [2][-]{subsection.7.4}{\376\377\0007\000.\0004\000\040\000P\000e\000n\000j\000e\000l\000a\000s\000a\000n\000\040\000K\000o\000n\000s\000e\000p\000\040\000F\000u\000n\000d\000a\000m\000e\000n\000t\000a\000l}{section.7}% 85
\BOOKMARK [3][-]{subsubsection.7.4.1}{\376\377\0007\000.\0004\000.\0001\000\040\000D\000e\000f\000i\000n\000i\000s\000i\000\040\000T\000e\000k\000s\000,\000\040\000P\000a\000t\000t\000e\000r\000n\000,\000\040\000d\000a\000n\000\040\000I\000n\000d\000e\000k\000s\000\040\000K\000e\000c\000o\000c\000o\000k\000a\000n}{subsection.7.4}% 86
\BOOKMARK [3][-]{subsubsection.7.4.2}{\376\377\0007\000.\0004\000.\0002\000\040\000P\000r\000e\000f\000i\000x\000,\000\040\000S\000u\000f\000f\000i\000x\000,\000\040\000d\000a\000n\000\040\000B\000o\000r\000d\000e\000r}{subsection.7.4}% 87
\BOOKMARK [3][-]{subsubsection.7.4.3}{\376\377\0007\000.\0004\000.\0003\000\040\000B\000r\000u\000t\000e\000\040\000F\000o\000r\000c\000e}{subsection.7.4}% 88
\BOOKMARK [3][-]{subsubsection.7.4.4}{\376\377\0007\000.\0004\000.\0004\000\040\000K\000n\000u\000t\000h\000-\000M\000o\000r\000r\000i\000s\000-\000P\000r\000a\000t\000t}{subsection.7.4}% 89
\BOOKMARK [3][-]{subsubsection.7.4.5}{\376\377\0007\000.\0004\000.\0005\000\040\000B\000o\000y\000e\000r\000-\000M\000o\000o\000r\000e}{subsection.7.4}% 90
\BOOKMARK [2][-]{subsection.7.5}{\376\377\0007\000.\0005\000\040\000K\000o\000m\000p\000o\000n\000e\000n\000\040\000K\000u\000n\000c\000i\000\040\000P\000e\000n\000t\000i\000n\000g}{section.7}% 91
\BOOKMARK [2][-]{subsection.7.6}{\376\377\0007\000.\0006\000\040\000A\000l\000g\000o\000r\000i\000t\000m\000a\000\040\000d\000a\000n\000\040\000R\000u\000m\000u\000s\000\040\000P\000e\000n\000t\000i\000n\000g}{section.7}% 92
\BOOKMARK [3][-]{subsubsection.7.6.1}{\376\377\0007\000.\0006\000.\0001\000\040\000B\000r\000u\000t\000e\000\040\000F\000o\000r\000c\000e\000\040\000S\000t\000r\000i\000n\000g\000\040\000M\000a\000t\000c\000h\000i\000n\000g}{subsection.7.6}% 93
\BOOKMARK [3][-]{subsubsection.7.6.2}{\376\377\0007\000.\0006\000.\0002\000\040\000F\000u\000n\000g\000s\000i\000\040\000P\000i\000n\000g\000g\000i\000r\000a\000n\000\040\000K\000M\000P}{subsection.7.6}% 94
\BOOKMARK [3][-]{subsubsection.7.6.3}{\376\377\0007\000.\0006\000.\0003\000\040\000P\000s\000e\000u\000d\000o\000c\000o\000d\000e\000\040\000K\000M\000P}{subsection.7.6}% 95
\BOOKMARK [3][-]{subsubsection.7.6.4}{\376\377\0007\000.\0006\000.\0004\000\040\000L\000a\000s\000t\000\040\000O\000c\000c\000u\000r\000r\000e\000n\000c\000e\000\040\000B\000o\000y\000e\000r\000-\000M\000o\000o\000r\000e}{subsection.7.6}% 96
\BOOKMARK [3][-]{subsubsection.7.6.5}{\376\377\0007\000.\0006\000.\0005\000\040\000P\000s\000e\000u\000d\000o\000c\000o\000d\000e\000\040\000B\000o\000y\000e\000r\000-\000M\000o\000o\000r\000e\000\040\000d\000e\000n\000g\000a\000n\000\040\000C\000h\000a\000r\000a\000c\000t\000e\000r\000-\000J\000u\000m\000p}{subsection.7.6}% 97
\BOOKMARK [2][-]{subsection.7.7}{\376\377\0007\000.\0007\000\040\000C\000a\000r\000a\000\040\000M\000e\000n\000j\000a\000w\000a\000b\000\040\000S\000o\000a\000l\000\040\000M\000a\000n\000u\000a\000l}{section.7}% 98
\BOOKMARK [3][-]{subsubsection.7.7.1}{\376\377\0007\000.\0007\000.\0001\000\040\000F\000o\000r\000m\000a\000t\000\040\000J\000a\000w\000a\000b\000a\000n\000\040\000K\000M\000P}{subsection.7.7}% 99
\BOOKMARK [3][-]{subsubsection.7.7.2}{\376\377\0007\000.\0007\000.\0002\000\040\000F\000o\000r\000m\000a\000t\000\040\000J\000a\000w\000a\000b\000a\000n\000\040\000B\000o\000y\000e\000r\000-\000M\000o\000o\000r\000e}{subsection.7.7}% 100
\BOOKMARK [2][-]{subsection.7.8}{\376\377\0007\000.\0008\000\040\000K\000e\000s\000a\000l\000a\000h\000a\000n\000\040\000U\000m\000u\000m\000\040\000d\000a\000n\000\040\000E\000d\000g\000e\000\040\000C\000a\000s\000e}{section.7}% 101
\BOOKMARK [2][-]{subsection.7.9}{\376\377\0007\000.\0009\000\040\000C\000h\000e\000c\000k\000l\000i\000s\000t\000\040\000P\000e\000m\000a\000h\000a\000m\000a\000n}{section.7}% 102
\BOOKMARK [3][-]{subsubsection.7.9.1}{\376\377\0007\000.\0009\000.\0001\000\040\000S\000u\000b\000m\000a\000t\000e\000r\000i\000\040\000y\000a\000n\000g\000\040\000T\000e\000l\000a\000h\000\040\000D\000i\000b\000a\000h\000a\000s}{subsection.7.9}% 103
\BOOKMARK [3][-]{subsubsection.7.9.2}{\376\377\0007\000.\0009\000.\0002\000\040\000P\000r\000i\000o\000r\000i\000t\000a\000s\000\040\000B\000e\000l\000a\000j\000a\000r}{subsection.7.9}% 104
\BOOKMARK [1][-]{section.8}{\376\377\0008\000\040\000S\000t\000r\000i\000n\000g\000\040\000M\000a\000t\000c\000h\000i\000n\000g\000\040\000w\000i\000t\000h\000\040\000R\000e\000g\000e\000x}{}% 105
\BOOKMARK [2][-]{subsection.8.1}{\376\377\0008\000.\0001\000\040\000O\000u\000t\000l\000i\000n\000e\000\040\000F\000u\000n\000d\000a\000m\000e\000n\000t\000a\000l\000\040\000K\000o\000n\000s\000e\000p\000\040\000M\000a\000t\000e\000r\000i}{section.8}% 106
\BOOKMARK [2][-]{subsection.8.2}{\376\377\0008\000.\0002\000\040\000P\000e\000n\000t\000i\000n\000g\000n\000y\000a\000\040\000M\000a\000t\000e\000r\000i\000\040\000d\000a\000n\000\040\000R\000e\000l\000e\000v\000a\000n\000s\000i\000n\000y\000a}{section.8}% 107
\BOOKMARK [3][-]{subsubsection.8.2.1}{\376\377\0008\000.\0002\000.\0001\000\040\000M\000e\000n\000g\000a\000p\000a\000\040\000M\000a\000t\000e\000r\000i\000\040\000I\000n\000i\000\040\000P\000e\000n\000t\000i\000n\000g}{subsection.8.2}% 108
\BOOKMARK [3][-]{subsubsection.8.2.2}{\376\377\0008\000.\0002\000.\0002\000\040\000I\000m\000p\000l\000e\000m\000e\000n\000t\000a\000s\000i\000\040\000D\000a\000s\000a\000r}{subsection.8.2}% 109
\BOOKMARK [3][-]{subsubsection.8.2.3}{\376\377\0008\000.\0002\000.\0003\000\040\000R\000e\000l\000e\000v\000a\000n\000s\000i\000\040\000d\000e\000n\000g\000a\000n\000\040\000I\000n\000d\000u\000s\000t\000r\000i\000\040\000S\000a\000a\000t\000\040\000I\000n\000i}{subsection.8.2}% 110
\BOOKMARK [3][-]{subsubsection.8.2.4}{\376\377\0008\000.\0002\000.\0004\000\040\000D\000e\000p\000e\000n\000d\000e\000n\000s\000i\000\040\000d\000a\000n\000\040\000H\000u\000b\000u\000n\000g\000a\000n\000\040\000d\000e\000n\000g\000a\000n\000\040\000M\000a\000t\000e\000r\000i\000\040\000L\000a\000i\000n}{subsection.8.2}% 111
\BOOKMARK [2][-]{subsection.8.3}{\376\377\0008\000.\0003\000\040\000P\000o\000l\000a\000\040\000S\000o\000a\000l\000\040\000U\000A\000S\000\040\000S\000e\000b\000e\000l\000u\000m\000n\000y\000a\000\040\000d\000a\000n\000\040\000P\000r\000i\000o\000r\000i\000t\000a\000s}{section.8}% 112
\BOOKMARK [3][-]{subsubsection.8.3.1}{\376\377\0008\000.\0003\000.\0001\000\040\000F\000o\000r\000m\000u\000l\000a\000\040\000E\000k\000s\000p\000l\000i\000s\000i\000t\000\040\000y\000a\000n\000g\000\040\000P\000e\000r\000l\000u\000\040\000D\000i\000k\000u\000a\000s\000a\000i}{subsection.8.3}% 113
\BOOKMARK [2][-]{subsection.8.4}{\376\377\0008\000.\0004\000\040\000P\000e\000n\000j\000e\000l\000a\000s\000a\000n\000\040\000K\000o\000n\000s\000e\000p\000\040\000F\000u\000n\000d\000a\000m\000e\000n\000t\000a\000l}{section.8}% 114
\BOOKMARK [3][-]{subsubsection.8.4.1}{\376\377\0008\000.\0004\000.\0001\000\040\000D\000e\000f\000i\000n\000i\000s\000i\000\040\000R\000e\000g\000e\000x}{subsection.8.4}% 115
\BOOKMARK [3][-]{subsubsection.8.4.2}{\376\377\0008\000.\0004\000.\0002\000\040\000C\000h\000a\000r\000a\000c\000t\000e\000r\000\040\000C\000l\000a\000s\000s}{subsection.8.4}% 116
\BOOKMARK [3][-]{subsubsection.8.4.3}{\376\377\0008\000.\0004\000.\0003\000\040\000Q\000u\000a\000n\000t\000i\000f\000i\000e\000r\000\040\000d\000a\000n\000\040\000B\000o\000u\000n\000d\000a\000r\000y\000\040\000M\000a\000t\000c\000h\000e\000r}{subsection.8.4}% 117
\BOOKMARK [2][-]{subsection.8.5}{\376\377\0008\000.\0005\000\040\000K\000o\000m\000p\000o\000n\000e\000n\000\040\000K\000u\000n\000c\000i\000\040\000P\000e\000n\000t\000i\000n\000g}{section.8}% 118
\BOOKMARK [2][-]{subsection.8.6}{\376\377\0008\000.\0006\000\040\000A\000l\000g\000o\000r\000i\000t\000m\000a\000\040\000d\000a\000n\000\040\000R\000u\000m\000u\000s\000\040\000P\000e\000n\000t\000i\000n\000g}{section.8}% 119
\BOOKMARK [3][-]{subsubsection.8.6.1}{\376\377\0008\000.\0006\000.\0001\000\040\000P\000e\000n\000g\000g\000u\000n\000a\000a\000n\000\040\000D\000a\000s\000a\000r\000\040\000R\000e\000g\000e\000x\000\040\000d\000i\000\040\000P\000y\000t\000h\000o\000n}{subsection.8.6}% 120
\BOOKMARK [2][-]{subsection.8.7}{\376\377\0008\000.\0007\000\040\000C\000h\000e\000c\000k\000l\000i\000s\000t\000\040\000P\000e\000m\000a\000h\000a\000m\000a\000n}{section.8}% 121
\BOOKMARK [3][-]{subsubsection.8.7.1}{\376\377\0008\000.\0007\000.\0001\000\040\000S\000u\000b\000m\000a\000t\000e\000r\000i\000\040\000y\000a\000n\000g\000\040\000T\000e\000l\000a\000h\000\040\000D\000i\000b\000a\000h\000a\000s}{subsection.8.7}% 122
\BOOKMARK [3][-]{subsubsection.8.7.2}{\376\377\0008\000.\0007\000.\0002\000\040\000P\000r\000i\000o\000r\000i\000t\000a\000s\000\040\000B\000e\000l\000a\000j\000a\000r}{subsection.8.7}% 123
\BOOKMARK [1][-]{section.9}{\376\377\0009\000\040\000P\000r\000o\000g\000r\000a\000m\000\040\000D\000i\000n\000a\000m\000i\000s}{}% 124
\BOOKMARK [2][-]{subsection.9.1}{\376\377\0009\000.\0001\000\040\000O\000u\000t\000l\000i\000n\000e\000\040\000F\000u\000n\000d\000a\000m\000e\000n\000t\000a\000l\000\040\000K\000o\000n\000s\000e\000p\000\040\000M\000a\000t\000e\000r\000i}{section.9}% 125
\BOOKMARK [2][-]{subsection.9.2}{\376\377\0009\000.\0002\000\040\000P\000e\000n\000t\000i\000n\000g\000n\000y\000a\000\040\000M\000a\000t\000e\000r\000i\000\040\000d\000a\000n\000\040\000R\000e\000l\000e\000v\000a\000n\000s\000i\000n\000y\000a}{section.9}% 126
\BOOKMARK [3][-]{subsubsection.9.2.1}{\376\377\0009\000.\0002\000.\0001\000\040\000D\000e\000p\000e\000n\000d\000e\000n\000s\000i\000\040\000d\000a\000n\000\040\000H\000u\000b\000u\000n\000g\000a\000n\000\040\000d\000e\000n\000g\000a\000n\000\040\000M\000a\000t\000e\000r\000i\000\040\000L\000a\000i\000n}{subsection.9.2}% 127
\BOOKMARK [2][-]{subsection.9.3}{\376\377\0009\000.\0003\000\040\000P\000o\000l\000a\000\040\000S\000o\000a\000l\000\040\000U\000A\000S\000\040\000S\000e\000b\000e\000l\000u\000m\000n\000y\000a\000\040\000d\000a\000n\000\040\000P\000r\000i\000o\000r\000i\000t\000a\000s}{section.9}% 128
\BOOKMARK [2][-]{subsection.9.4}{\376\377\0009\000.\0004\000\040\000P\000e\000n\000j\000e\000l\000a\000s\000a\000n\000\040\000K\000o\000n\000s\000e\000p\000\040\000F\000u\000n\000d\000a\000m\000e\000n\000t\000a\000l}{section.9}% 129
\BOOKMARK [3][-]{subsubsection.9.4.1}{\376\377\0009\000.\0004\000.\0001\000\040\000D\000e\000f\000i\000n\000i\000s\000i\000\040\000P\000r\000o\000g\000r\000a\000m\000\040\000D\000i\000n\000a\000m\000i\000s}{subsection.9.4}% 130
\BOOKMARK [3][-]{subsubsection.9.4.2}{\376\377\0009\000.\0004\000.\0002\000\040\000T\000a\000h\000a\000p\000,\000\040\000S\000t\000a\000t\000u\000s\000,\000\040\000K\000e\000p\000u\000t\000u\000s\000a\000n\000,\000\040\000d\000a\000n\000\040\000T\000r\000a\000n\000s\000i\000s\000i}{subsection.9.4}% 131
\BOOKMARK [3][-]{subsubsection.9.4.3}{\376\377\0009\000.\0004\000.\0003\000\040\000P\000r\000i\000n\000s\000i\000p\000\040\000O\000p\000t\000i\000m\000a\000l\000i\000t\000a\000s}{subsection.9.4}% 132
\BOOKMARK [3][-]{subsubsection.9.4.4}{\376\377\0009\000.\0004\000.\0004\000\040\000M\000e\000m\000o\000i\000z\000a\000t\000i\000o\000n\000\040\000d\000a\000n\000\040\000T\000a\000b\000u\000l\000a\000t\000i\000o\000n}{subsection.9.4}% 133
\BOOKMARK [3][-]{subsubsection.9.4.5}{\376\377\0009\000.\0004\000.\0005\000\040\000P\000r\000o\000g\000r\000a\000m\000\040\000D\000i\000n\000a\000m\000i\000s\000\040\000M\000a\000j\000u\000\040\000d\000a\000n\000\040\000M\000u\000n\000d\000u\000r}{subsection.9.4}% 134
\BOOKMARK [2][-]{subsection.9.5}{\376\377\0009\000.\0005\000\040\000K\000o\000m\000p\000o\000n\000e\000n\000\040\000K\000u\000n\000c\000i\000\040\000P\000e\000n\000t\000i\000n\000g}{section.9}% 135
\BOOKMARK [2][-]{subsection.9.6}{\376\377\0009\000.\0006\000\040\000A\000l\000g\000o\000r\000i\000t\000m\000a\000\040\000d\000a\000n\000\040\000R\000u\000m\000u\000s\000\040\000P\000e\000n\000t\000i\000n\000g}{section.9}% 136
\BOOKMARK [3][-]{subsubsection.9.6.1}{\376\377\0009\000.\0006\000.\0001\000\040\000S\000k\000e\000m\000a\000\040\000U\000m\000u\000m\000\040\000P\000r\000o\000g\000r\000a\000m\000\040\000D\000i\000n\000a\000m\000i\000s}{subsection.9.6}% 137
\BOOKMARK [3][-]{subsubsection.9.6.2}{\376\377\0009\000.\0006\000.\0002\000\040\000S\000h\000o\000r\000t\000e\000s\000t\000\040\000P\000a\000t\000h\000\040\000B\000e\000r\000t\000a\000h\000a\000p}{subsection.9.6}% 138
\BOOKMARK [3][-]{subsubsection.9.6.3}{\376\377\0009\000.\0006\000.\0003\000\040\000H\000o\000u\000s\000e\000\040\000R\000o\000b\000b\000e\000r\000\040\000a\000t\000a\000u\000\040\000C\000o\000i\000n\000-\000R\000o\000w}{subsection.9.6}% 139
\BOOKMARK [3][-]{subsubsection.9.6.4}{\376\377\0009\000.\0006\000.\0004\000\040\000I\000n\000t\000e\000g\000e\000r\000\040\000K\000n\000a\000p\000s\000a\000c\000k}{subsection.9.6}% 140
\BOOKMARK [3][-]{subsubsection.9.6.5}{\376\377\0009\000.\0006\000.\0005\000\040\000C\000o\000i\000n\000\040\000E\000x\000c\000h\000a\000n\000g\000e}{subsection.9.6}% 141
\BOOKMARK [3][-]{subsubsection.9.6.6}{\376\377\0009\000.\0006\000.\0006\000\040\000T\000S\000P\000\040\000d\000e\000n\000g\000a\000n\000\040\000P\000r\000o\000g\000r\000a\000m\000\040\000D\000i\000n\000a\000m\000i\000s}{subsection.9.6}% 142
\BOOKMARK [2][-]{subsection.9.7}{\376\377\0009\000.\0007\000\040\000C\000a\000r\000a\000\040\000M\000e\000n\000j\000a\000w\000a\000b\000\040\000S\000o\000a\000l\000\040\000M\000a\000n\000u\000a\000l}{section.9}% 143
\BOOKMARK [3][-]{subsubsection.9.7.1}{\376\377\0009\000.\0007\000.\0001\000\040\000T\000e\000m\000p\000l\000a\000t\000e\000\040\000J\000a\000w\000a\000b\000a\000n\000\040\000F\000o\000r\000m\000u\000l\000a\000s\000i\000\040\000D\000P}{subsection.9.7}% 144
\BOOKMARK [3][-]{subsubsection.9.7.2}{\376\377\0009\000.\0007\000.\0002\000\040\000T\000e\000m\000p\000l\000a\000t\000e\000\040\000T\000a\000b\000e\000l\000\040\000S\000h\000o\000r\000t\000e\000s\000t\000\040\000P\000a\000t\000h}{subsection.9.7}% 145
\BOOKMARK [2][-]{subsection.9.8}{\376\377\0009\000.\0008\000\040\000K\000e\000s\000a\000l\000a\000h\000a\000n\000\040\000U\000m\000u\000m\000\040\000d\000a\000n\000\040\000E\000d\000g\000e\000\040\000C\000a\000s\000e}{section.9}% 146
\BOOKMARK [2][-]{subsection.9.9}{\376\377\0009\000.\0009\000\040\000C\000h\000e\000c\000k\000l\000i\000s\000t\000\040\000P\000e\000m\000a\000h\000a\000m\000a\000n}{section.9}% 147
\BOOKMARK [3][-]{subsubsection.9.9.1}{\376\377\0009\000.\0009\000.\0001\000\040\000S\000u\000b\000m\000a\000t\000e\000r\000i\000\040\000y\000a\000n\000g\000\040\000T\000e\000l\000a\000h\000\040\000D\000i\000b\000a\000h\000a\000s}{subsection.9.9}% 148
\BOOKMARK [3][-]{subsubsection.9.9.2}{\376\377\0009\000.\0009\000.\0002\000\040\000P\000r\000i\000o\000r\000i\000t\000a\000s\000\040\000B\000e\000l\000a\000j\000a\000r}{subsection.9.9}% 149
\BOOKMARK [1][-]{section.10}{\376\377\0001\0000\000\040\000T\000e\000o\000r\000i\000\040\000P\000,\000\040\000N\000P\000,\000\040\000N\000P\000C}{}% 150
\BOOKMARK [2][-]{subsection.10.1}{\376\377\0001\0000\000.\0001\000\040\000O\000u\000t\000l\000i\000n\000e\000\040\000F\000u\000n\000d\000a\000m\000e\000n\000t\000a\000l\000\040\000K\000o\000n\000s\000e\000p\000\040\000M\000a\000t\000e\000r\000i}{section.10}% 151
\BOOKMARK [2][-]{subsection.10.2}{\376\377\0001\0000\000.\0002\000\040\000P\000e\000n\000t\000i\000n\000g\000n\000y\000a\000\040\000M\000a\000t\000e\000r\000i\000\040\000d\000a\000n\000\040\000R\000e\000l\000e\000v\000a\000n\000s\000i\000n\000y\000a}{section.10}% 152
\BOOKMARK [3][-]{subsubsection.10.2.1}{\376\377\0001\0000\000.\0002\000.\0001\000\040\000D\000e\000p\000e\000n\000d\000e\000n\000s\000i\000\040\000d\000a\000n\000\040\000H\000u\000b\000u\000n\000g\000a\000n\000\040\000d\000e\000n\000g\000a\000n\000\040\000M\000a\000t\000e\000r\000i\000\040\000L\000a\000i\000n}{subsection.10.2}% 153
\BOOKMARK [2][-]{subsection.10.3}{\376\377\0001\0000\000.\0003\000\040\000P\000o\000l\000a\000\040\000S\000o\000a\000l\000\040\000U\000A\000S\000\040\000S\000e\000b\000e\000l\000u\000m\000n\000y\000a\000\040\000d\000a\000n\000\040\000P\000r\000i\000o\000r\000i\000t\000a\000s}{section.10}% 154
\BOOKMARK [2][-]{subsection.10.4}{\376\377\0001\0000\000.\0004\000\040\000P\000e\000n\000j\000e\000l\000a\000s\000a\000n\000\040\000K\000o\000n\000s\000e\000p\000\040\000F\000u\000n\000d\000a\000m\000e\000n\000t\000a\000l}{section.10}% 155
\BOOKMARK [3][-]{subsubsection.10.4.1}{\376\377\0001\0000\000.\0004\000.\0001\000\040\000P\000e\000r\000s\000o\000a\000l\000a\000n\000\040\000K\000e\000p\000u\000t\000u\000s\000a\000n\000\040\000d\000a\000n\000\040\000P\000e\000r\000s\000o\000a\000l\000a\000n\000\040\000O\000p\000t\000i\000m\000i\000s\000a\000s\000i}{subsection.10.4}% 156
\BOOKMARK [3][-]{subsubsection.10.4.2}{\376\377\0001\0000\000.\0004\000.\0002\000\040\000P\000o\000l\000y\000n\000o\000m\000i\000a\000l\000-\000t\000i\000m\000e\000,\000\040\000T\000r\000a\000c\000t\000a\000b\000l\000e\000,\000\040\000d\000a\000n\000\040\000I\000n\000t\000r\000a\000c\000t\000a\000b\000l\000e}{subsection.10.4}% 157
\BOOKMARK [3][-]{subsubsection.10.4.3}{\376\377\0001\0000\000.\0004\000.\0003\000\040\000D\000e\000c\000i\000d\000a\000b\000l\000e\000\040\000d\000a\000n\000\040\000U\000n\000d\000e\000c\000i\000d\000a\000b\000l\000e}{subsection.10.4}% 158
\BOOKMARK [3][-]{subsubsection.10.4.4}{\376\377\0001\0000\000.\0004\000.\0004\000\040\000A\000l\000g\000o\000r\000i\000t\000m\000a\000\040\000D\000e\000t\000e\000r\000m\000i\000n\000i\000s\000t\000i\000k\000\040\000d\000a\000n\000\040\000N\000o\000n\000-\000d\000e\000t\000e\000r\000m\000i\000n\000i\000s\000t\000i\000k}{subsection.10.4}% 159
\BOOKMARK [3][-]{subsubsection.10.4.5}{\376\377\0001\0000\000.\0004\000.\0005\000\040\000K\000e\000l\000a\000s\000\040\000P}{subsection.10.4}% 160
\BOOKMARK [3][-]{subsubsection.10.4.6}{\376\377\0001\0000\000.\0004\000.\0006\000\040\000K\000e\000l\000a\000s\000\040\000N\000P}{subsection.10.4}% 161
\BOOKMARK [3][-]{subsubsection.10.4.7}{\376\377\0001\0000\000.\0004\000.\0007\000\040\000N\000P\000-\000C\000o\000m\000p\000l\000e\000t\000e}{subsection.10.4}% 162
\BOOKMARK [3][-]{subsubsection.10.4.8}{\376\377\0001\0000\000.\0004\000.\0008\000\040\000N\000P\000-\000H\000a\000r\000d}{subsection.10.4}% 163
\BOOKMARK [2][-]{subsection.10.5}{\376\377\0001\0000\000.\0005\000\040\000K\000o\000m\000p\000o\000n\000e\000n\000\040\000K\000u\000n\000c\000i\000\040\000P\000e\000n\000t\000i\000n\000g}{section.10}% 164
\BOOKMARK [2][-]{subsection.10.6}{\376\377\0001\0000\000.\0006\000\040\000A\000l\000g\000o\000r\000i\000t\000m\000a\000\040\000d\000a\000n\000\040\000R\000u\000m\000u\000s\000\040\000P\000e\000n\000t\000i\000n\000g}{section.10}% 165
\BOOKMARK [3][-]{subsubsection.10.6.1}{\376\377\0001\0000\000.\0006\000.\0001\000\040\000K\000e\000l\000a\000s\000\040\000P}{subsection.10.6}% 166
\BOOKMARK [3][-]{subsubsection.10.6.2}{\376\377\0001\0000\000.\0006\000.\0002\000\040\000K\000e\000l\000a\000s\000\040\000N\000P}{subsection.10.6}% 167
\BOOKMARK [3][-]{subsubsection.10.6.3}{\376\377\0001\0000\000.\0006\000.\0003\000\040\000R\000e\000l\000a\000s\000i\000\040\000P\000\040\000d\000a\000n\000\040\000N\000P}{subsection.10.6}% 168
\BOOKMARK [3][-]{subsubsection.10.6.4}{\376\377\0001\0000\000.\0006\000.\0004\000\040\000R\000e\000d\000u\000k\000s\000i\000\040\000P\000o\000l\000i\000n\000o\000m\000i\000a\000l}{subsection.10.6}% 169
\BOOKMARK [3][-]{subsubsection.10.6.5}{\376\377\0001\0000\000.\0006\000.\0005\000\040\000S\000y\000a\000r\000a\000t\000\040\000N\000P\000-\000C\000o\000m\000p\000l\000e\000t\000e\000\040\000d\000a\000n\000\040\000N\000P\000-\000H\000a\000r\000d}{subsection.10.6}% 170
\BOOKMARK [2][-]{subsection.10.7}{\376\377\0001\0000\000.\0007\000\040\000C\000o\000n\000t\000o\000h\000\040\000K\000l\000a\000s\000i\000f\000i\000k\000a\000s\000i\000\040\000y\000a\000n\000g\000\040\000S\000e\000r\000i\000n\000g\000\040\000M\000u\000n\000c\000u\000l}{section.10}% 171
\BOOKMARK [2][-]{subsection.10.8}{\376\377\0001\0000\000.\0008\000\040\000J\000e\000b\000a\000k\000a\000n\000\040\000B\000e\000n\000a\000r\000/\000S\000a\000l\000a\000h\000\040\000y\000a\000n\000g\000\040\000P\000e\000r\000l\000u\000\040\000D\000i\000w\000a\000s\000p\000a\000d\000a\000i}{section.10}% 172
\BOOKMARK [2][-]{subsection.10.9}{\376\377\0001\0000\000.\0009\000\040\000C\000a\000r\000a\000\040\000M\000e\000n\000j\000a\000w\000a\000b\000\040\000S\000o\000a\000l\000\040\000M\000a\000n\000u\000a\000l}{section.10}% 173
\BOOKMARK [3][-]{subsubsection.10.9.1}{\376\377\0001\0000\000.\0009\000.\0001\000\040\000M\000e\000n\000e\000n\000t\000u\000k\000a\000n\000\040\000A\000p\000a\000k\000a\000h\000\040\000P\000e\000r\000s\000o\000a\000l\000a\000n\000\040\000B\000e\000r\000a\000d\000a\000\040\000d\000i\000\040\000N\000P}{subsection.10.9}% 174
\BOOKMARK [3][-]{subsubsection.10.9.2}{\376\377\0001\0000\000.\0009\000.\0002\000\040\000M\000e\000m\000b\000u\000k\000t\000i\000k\000a\000n\000\040\000N\000P\000-\000C\000o\000m\000p\000l\000e\000t\000e}{subsection.10.9}% 175
\BOOKMARK [3][-]{subsubsection.10.9.3}{\376\377\0001\0000\000.\0009\000.\0003\000\040\000M\000e\000n\000g\000a\000n\000a\000l\000i\000s\000i\000s\000\040\000K\000o\000n\000s\000e\000k\000u\000e\000n\000s\000i\000\040\000A\000l\000g\000o\000r\000i\000t\000m\000a\000\040\000P\000o\000l\000i\000n\000o\000m\000i\000a\000l}{subsection.10.9}% 176
\BOOKMARK [2][-]{subsection.10.10}{\376\377\0001\0000\000.\0001\0000\000\040\000C\000h\000e\000c\000k\000l\000i\000s\000t\000\040\000P\000e\000m\000a\000h\000a\000m\000a\000n}{section.10}% 177
\BOOKMARK [3][-]{subsubsection.10.10.1}{\376\377\0001\0000\000.\0001\0000\000.\0001\000\040\000S\000u\000b\000m\000a\000t\000e\000r\000i\000\040\000y\000a\000n\000g\000\040\000T\000e\000l\000a\000h\000\040\000D\000i\000b\000a\000h\000a\000s}{subsection.10.10}% 178
\BOOKMARK [3][-]{subsubsection.10.10.2}{\376\377\0001\0000\000.\0001\0000\000.\0002\000\040\000P\000r\000i\000o\000r\000i\000t\000a\000s\000\040\000B\000e\000l\000a\000j\000a\000r}{subsection.10.10}% 179
