\BOOKMARK [1][-]{section.1}{\376\377\0001\000\040\000I\000n\000f\000o\000r\000m\000a\000s\000i\000\040\000U\000j\000i\000a\000n}{}% 1
\BOOKMARK [1][-]{section.2}{\376\377\0002\000\040\000C\000a\000p\000a\000i\000a\000n\000\040\000P\000e\000m\000b\000e\000l\000a\000j\000a\000r\000a\000n\000\040\000M\000a\000t\000a\000\040\000K\000u\000l\000i\000a\000h\000\040\000\050\000C\000P\000M\000K\000\051}{}% 2
\BOOKMARK [2][-]{subsection.2.1}{\376\377\0002\000.\0001\000\040\000T\000a\000b\000e\000l\000\040\000K\000e\000t\000e\000r\000p\000e\000n\000u\000h\000a\000n\000\040\000C\000P\000M\000K}{section.2}% 3
\BOOKMARK [1][-]{section.3}{\376\377\0003\000\040\000D\000a\000f\000t\000a\000r\000\040\000M\000a\000t\000e\000r\000i\000\040\000y\000a\000n\000g\000\040\000D\000i\000u\000j\000i\000k\000a\000n}{}% 4
\BOOKMARK [1][-]{section.4}{\376\377\0004\000\040\000O\000u\000t\000l\000i\000n\000e\000\040\000K\000e\000s\000e\000l\000u\000r\000u\000h\000a\000n\000\040\000M\000a\000t\000e\000r\000i}{}% 5
\BOOKMARK [2][-]{subsection.4.1}{\376\377\0004\000.\0001\000\040\000I\000n\000t\000r\000o\000d\000u\000c\000t\000i\000o\000n\000\040\000t\000o\000\040\000D\000a\000t\000a\000b\000a\000s\000e}{section.4}% 6
\BOOKMARK [2][-]{subsection.4.2}{\376\377\0004\000.\0002\000\040\000M\000o\000d\000e\000l\000\040\000D\000a\000t\000a}{section.4}% 7
\BOOKMARK [2][-]{subsection.4.3}{\376\377\0004\000.\0003\000\040\000R\000e\000l\000a\000t\000i\000o\000n\000a\000l\000\040\000M\000o\000d\000e\000l}{section.4}% 8
\BOOKMARK [2][-]{subsection.4.4}{\376\377\0004\000.\0004\000\040\000R\000e\000l\000a\000t\000i\000o\000n\000a\000l\000\040\000A\000l\000g\000e\000b\000r\000a\000\040\000\046\000\040\000C\000a\000l\000c\000u\000l\000u\000s}{section.4}% 9
\BOOKMARK [2][-]{subsection.4.5}{\376\377\0004\000.\0005\000\040\000S\000Q\000L\000\040\000\050\000S\000t\000r\000u\000c\000t\000u\000r\000e\000d\000\040\000Q\000u\000e\000r\000y\000\040\000L\000a\000n\000g\000u\000a\000g\000e\000\051}{section.4}% 10
\BOOKMARK [2][-]{subsection.4.6}{\376\377\0004\000.\0006\000\040\000D\000a\000t\000a\000b\000a\000s\000e\000\040\000D\000e\000s\000i\000g\000n\000\040\000u\000s\000i\000n\000g\000\040\000E\000-\000R\000\040\000M\000o\000d\000e\000l}{section.4}% 11
\BOOKMARK [2][-]{subsection.4.7}{\376\377\0004\000.\0007\000\040\000R\000e\000l\000a\000t\000i\000o\000n\000a\000l\000\040\000D\000a\000t\000a\000b\000a\000s\000e\000\040\000D\000e\000s\000i\000g\000n}{section.4}% 12
\BOOKMARK [2][-]{subsection.4.8}{\376\377\0004\000.\0008\000\040\000I\000n\000t\000e\000g\000r\000i\000t\000y\000\040\000C\000o\000n\000s\000t\000r\000a\000i\000n\000t\000s}{section.4}% 13
\BOOKMARK [2][-]{subsection.4.9}{\376\377\0004\000.\0009\000\040\000M\000o\000d\000e\000l\000\040\000D\000a\000t\000a\000\040\000M\000u\000l\000t\000i\000d\000i\000m\000e\000n\000s\000i\000\040\000\046\000\040\000D\000a\000t\000a\000\040\000W\000a\000r\000e\000h\000o\000u\000s\000e}{section.4}% 14
\BOOKMARK [1][-]{section.5}{\376\377\0005\000\040\000I\000n\000t\000r\000o\000d\000u\000c\000t\000i\000o\000n\000\040\000t\000o\000\040\000D\000a\000t\000a\000b\000a\000s\000e}{}% 15
\BOOKMARK [2][-]{subsection.5.1}{\376\377\0005\000.\0001\000\040\000O\000u\000t\000l\000i\000n\000e\000\040\000F\000u\000n\000d\000a\000m\000e\000n\000t\000a\000l\000\040\000K\000o\000n\000s\000e\000p\000\040\000M\000a\000t\000e\000r\000i}{section.5}% 16
\BOOKMARK [2][-]{subsection.5.2}{\376\377\0005\000.\0002\000\040\000P\000e\000n\000j\000e\000l\000a\000s\000a\000n\000\040\000K\000o\000n\000s\000e\000p}{section.5}% 17
\BOOKMARK [3][-]{subsubsection.5.2.1}{\376\377\0005\000.\0002\000.\0001\000\040\000D\000a\000t\000a\000,\000\040\000D\000a\000t\000a\000b\000a\000s\000e\000,\000\040\000d\000a\000n\000\040\000D\000B\000M\000S}{subsection.5.2}% 18
\BOOKMARK [3][-]{subsubsection.5.2.2}{\376\377\0005\000.\0002\000.\0002\000\040\000M\000o\000t\000i\000v\000a\000s\000i\000\040\000P\000e\000n\000g\000g\000u\000n\000a\000a\000n\000\040\000D\000B\000M\000S}{subsection.5.2}% 19
\BOOKMARK [3][-]{subsubsection.5.2.3}{\376\377\0005\000.\0002\000.\0003\000\040\000A\000b\000s\000t\000r\000a\000k\000s\000i\000\040\000D\000a\000t\000a}{subsection.5.2}% 20
\BOOKMARK [3][-]{subsubsection.5.2.4}{\376\377\0005\000.\0002\000.\0004\000\040\000S\000c\000h\000e\000m\000a\000,\000\040\000I\000n\000s\000t\000a\000n\000c\000e\000,\000\040\000d\000a\000n\000\040\000D\000a\000t\000a\000\040\000I\000n\000d\000e\000p\000e\000n\000d\000e\000n\000c\000e}{subsection.5.2}% 21
\BOOKMARK [3][-]{subsubsection.5.2.5}{\376\377\0005\000.\0002\000.\0005\000\040\000B\000a\000h\000a\000s\000a\000\040\000B\000a\000s\000i\000s\000\040\000D\000a\000t\000a}{subsection.5.2}% 22
\BOOKMARK [3][-]{subsubsection.5.2.6}{\376\377\0005\000.\0002\000.\0006\000\040\000K\000o\000m\000p\000o\000n\000e\000n\000\040\000I\000n\000t\000e\000r\000n\000a\000l\000\040\000D\000B\000M\000S}{subsection.5.2}% 23
\BOOKMARK [3][-]{subsubsection.5.2.7}{\376\377\0005\000.\0002\000.\0007\000\040\000A\000r\000s\000i\000t\000e\000k\000t\000u\000r\000,\000\040\000P\000e\000n\000g\000g\000u\000n\000a\000,\000\040\000d\000a\000n\000\040\000P\000r\000o\000s\000e\000s\000\040\000P\000e\000n\000g\000e\000m\000b\000a\000n\000g\000a\000n\000\040\000D\000a\000t\000a\000b\000a\000s\000e}{subsection.5.2}% 24
\BOOKMARK [2][-]{subsection.5.3}{\376\377\0005\000.\0003\000\040\000A\000l\000g\000o\000r\000i\000t\000m\000a\000\040\000d\000a\000n\000\040\000R\000u\000m\000u\000s\000\040\000P\000e\000n\000t\000i\000n\000g}{section.5}% 25
\BOOKMARK [3][-]{subsubsection.5.3.1}{\376\377\0005\000.\0003\000.\0001\000\040\000A\000l\000u\000r\000\040\000Q\000u\000e\000r\000y\000\040\000D\000e\000k\000l\000a\000r\000a\000t\000i\000f\000\040\000d\000i\000\040\000D\000B\000M\000S}{subsection.5.3}% 26
\BOOKMARK [3][-]{subsubsection.5.3.2}{\376\377\0005\000.\0003\000.\0002\000\040\000R\000e\000l\000a\000s\000i\000\040\000S\000c\000h\000e\000m\000a\000\040\000d\000a\000n\000\040\000I\000n\000s\000t\000a\000n\000c\000e}{subsection.5.3}% 27
\BOOKMARK [1][-]{section.6}{\376\377\0006\000\040\000M\000o\000d\000e\000l\000\040\000D\000a\000t\000a}{}% 28
\BOOKMARK [2][-]{subsection.6.1}{\376\377\0006\000.\0001\000\040\000O\000u\000t\000l\000i\000n\000e\000\040\000F\000u\000n\000d\000a\000m\000e\000n\000t\000a\000l\000\040\000K\000o\000n\000s\000e\000p\000\040\000M\000a\000t\000e\000r\000i}{section.6}% 29
\BOOKMARK [2][-]{subsection.6.2}{\376\377\0006\000.\0002\000\040\000P\000e\000n\000j\000e\000l\000a\000s\000a\000n\000\040\000K\000o\000n\000s\000e\000p}{section.6}% 30
\BOOKMARK [3][-]{subsubsection.6.2.1}{\376\377\0006\000.\0002\000.\0001\000\040\000K\000o\000n\000s\000e\000p\000\040\000D\000a\000s\000a\000r\000\040\000M\000o\000d\000e\000l\000\040\000D\000a\000t\000a}{subsection.6.2}% 31
\BOOKMARK [3][-]{subsubsection.6.2.2}{\376\377\0006\000.\0002\000.\0002\000\040\000L\000e\000v\000e\000l\000\040\000P\000e\000m\000o\000d\000e\000l\000a\000n\000\040\000D\000a\000t\000a}{subsection.6.2}% 32
\BOOKMARK [3][-]{subsubsection.6.2.3}{\376\377\0006\000.\0002\000.\0003\000\040\000E\000n\000t\000i\000t\000y\000-\000R\000e\000l\000a\000t\000i\000o\000n\000s\000h\000i\000p\000\040\000M\000o\000d\000e\000l}{subsection.6.2}% 33
\BOOKMARK [3][-]{subsubsection.6.2.4}{\376\377\0006\000.\0002\000.\0004\000\040\000R\000e\000l\000a\000t\000i\000o\000n\000a\000l\000\040\000M\000o\000d\000e\000l}{subsection.6.2}% 34
\BOOKMARK [3][-]{subsubsection.6.2.5}{\376\377\0006\000.\0002\000.\0005\000\040\000S\000e\000m\000i\000-\000S\000t\000r\000u\000c\000t\000u\000r\000e\000d\000\040\000d\000a\000n\000\040\000O\000b\000j\000e\000c\000t\000-\000B\000a\000s\000e\000d\000\040\000D\000a\000t\000a\000\040\000M\000o\000d\000e\000l}{subsection.6.2}% 35
\BOOKMARK [3][-]{subsubsection.6.2.6}{\376\377\0006\000.\0002\000.\0006\000\040\000N\000e\000t\000w\000o\000r\000k\000\040\000d\000a\000n\000\040\000H\000i\000e\000r\000a\000r\000c\000h\000i\000c\000a\000l\000\040\000M\000o\000d\000e\000l}{subsection.6.2}% 36
\BOOKMARK [3][-]{subsubsection.6.2.7}{\376\377\0006\000.\0002\000.\0007\000\040\000H\000u\000b\000u\000n\000g\000a\000n\000\040\000A\000n\000t\000a\000r\000\040\000M\000o\000d\000e\000l}{subsection.6.2}% 37
\BOOKMARK [2][-]{subsection.6.3}{\376\377\0006\000.\0003\000\040\000A\000l\000g\000o\000r\000i\000t\000m\000a\000\040\000d\000a\000n\000\040\000R\000u\000m\000u\000s\000\040\000P\000e\000n\000t\000i\000n\000g}{section.6}% 38
\BOOKMARK [3][-]{subsubsection.6.3.1}{\376\377\0006\000.\0003\000.\0001\000\040\000P\000r\000o\000s\000e\000d\000u\000r\000\040\000P\000e\000m\000o\000d\000e\000l\000a\000n\000\040\000D\000a\000t\000a}{subsection.6.3}% 39
\BOOKMARK [3][-]{subsubsection.6.3.2}{\376\377\0006\000.\0003\000.\0002\000\040\000T\000r\000a\000n\000s\000i\000s\000i\000\040\000E\000-\000R\000\040\000k\000e\000\040\000R\000e\000l\000a\000s\000i\000o\000n\000a\000l}{subsection.6.3}% 40
\BOOKMARK [1][-]{section.7}{\376\377\0007\000\040\000R\000e\000l\000a\000t\000i\000o\000n\000a\000l\000\040\000M\000o\000d\000e\000l}{}% 41
\BOOKMARK [2][-]{subsection.7.1}{\376\377\0007\000.\0001\000\040\000O\000u\000t\000l\000i\000n\000e\000\040\000F\000u\000n\000d\000a\000m\000e\000n\000t\000a\000l\000\040\000K\000o\000n\000s\000e\000p\000\040\000M\000a\000t\000e\000r\000i}{section.7}% 42
\BOOKMARK [2][-]{subsection.7.2}{\376\377\0007\000.\0002\000\040\000P\000e\000n\000j\000e\000l\000a\000s\000a\000n\000\040\000K\000o\000n\000s\000e\000p}{section.7}% 43
\BOOKMARK [3][-]{subsubsection.7.2.1}{\376\377\0007\000.\0002\000.\0001\000\040\000R\000e\000l\000a\000t\000i\000o\000n\000,\000\040\000A\000t\000t\000r\000i\000b\000u\000t\000e\000,\000\040\000d\000a\000n\000\040\000T\000u\000p\000l\000e}{subsection.7.2}% 44
\BOOKMARK [3][-]{subsubsection.7.2.2}{\376\377\0007\000.\0002\000.\0002\000\040\000D\000o\000m\000a\000i\000n\000,\000\040\000A\000t\000o\000m\000i\000c\000\040\000V\000a\000l\000u\000e\000s\000,\000\040\000d\000a\000n\000\040\000N\000u\000l\000l\000\040\000V\000a\000l\000u\000e\000s}{subsection.7.2}% 45
\BOOKMARK [3][-]{subsubsection.7.2.3}{\376\377\0007\000.\0002\000.\0003\000\040\000S\000c\000h\000e\000m\000a\000\040\000d\000a\000n\000\040\000I\000n\000s\000t\000a\000n\000c\000e}{subsection.7.2}% 46
\BOOKMARK [3][-]{subsubsection.7.2.4}{\376\377\0007\000.\0002\000.\0004\000\040\000K\000e\000y\000s}{subsection.7.2}% 47
\BOOKMARK [3][-]{subsubsection.7.2.5}{\376\377\0007\000.\0002\000.\0005\000\040\000S\000c\000h\000e\000m\000a\000\040\000D\000i\000a\000g\000r\000a\000m\000\040\000d\000a\000n\000\040\000V\000i\000e\000w}{subsection.7.2}% 48
\BOOKMARK [3][-]{subsubsection.7.2.6}{\376\377\0007\000.\0002\000.\0006\000\040\000H\000u\000b\000u\000n\000g\000a\000n\000\040\000R\000e\000l\000a\000t\000i\000o\000n\000a\000l\000\040\000M\000o\000d\000e\000l\000\040\000d\000e\000n\000g\000a\000n\000\040\000M\000a\000t\000e\000r\000i\000\040\000L\000a\000i\000n}{subsection.7.2}% 49
\BOOKMARK [2][-]{subsection.7.3}{\376\377\0007\000.\0003\000\040\000A\000l\000g\000o\000r\000i\000t\000m\000a\000\040\000d\000a\000n\000\040\000R\000u\000m\000u\000s\000\040\000P\000e\000n\000t\000i\000n\000g}{section.7}% 50
\BOOKMARK [3][-]{subsubsection.7.3.1}{\376\377\0007\000.\0003\000.\0001\000\040\000R\000e\000l\000a\000t\000i\000o\000n\000\040\000S\000c\000h\000e\000m\000a}{subsection.7.3}% 51
\BOOKMARK [3][-]{subsubsection.7.3.2}{\376\377\0007\000.\0003\000.\0002\000\040\000K\000o\000n\000d\000i\000s\000i\000\040\000S\000u\000p\000e\000r\000k\000e\000y}{subsection.7.3}% 52
\BOOKMARK [1][-]{section.8}{\376\377\0008\000\040\000R\000e\000l\000a\000t\000i\000o\000n\000a\000l\000\040\000A\000l\000g\000e\000b\000r\000a\000\040\000\046\000\040\000C\000a\000l\000c\000u\000l\000u\000s}{}% 53
\BOOKMARK [2][-]{subsection.8.1}{\376\377\0008\000.\0001\000\040\000O\000u\000t\000l\000i\000n\000e\000\040\000F\000u\000n\000d\000a\000m\000e\000n\000t\000a\000l\000\040\000K\000o\000n\000s\000e\000p\000\040\000M\000a\000t\000e\000r\000i}{section.8}% 54
\BOOKMARK [2][-]{subsection.8.2}{\376\377\0008\000.\0002\000\040\000P\000e\000n\000j\000e\000l\000a\000s\000a\000n\000\040\000K\000o\000n\000s\000e\000p}{section.8}% 55
\BOOKMARK [3][-]{subsubsection.8.2.1}{\376\377\0008\000.\0002\000.\0001\000\040\000B\000a\000h\000a\000s\000a\000\040\000K\000u\000e\000r\000i\000\040\000R\000e\000l\000a\000s\000i\000o\000n\000a\000l\000\040\000F\000o\000r\000m\000a\000l}{subsection.8.2}% 56
\BOOKMARK [3][-]{subsubsection.8.2.2}{\376\377\0008\000.\0002\000.\0002\000\040\000R\000e\000l\000a\000t\000i\000o\000n\000a\000l\000\040\000A\000l\000g\000e\000b\000r\000a\000\040\000D\000a\000s\000a\000r}{subsection.8.2}% 57
\BOOKMARK [3][-]{subsubsection.8.2.3}{\376\377\0008\000.\0002\000.\0003\000\040\000O\000p\000e\000r\000a\000t\000o\000r\000\040\000T\000a\000m\000b\000a\000h\000a\000n}{subsection.8.2}% 58
\BOOKMARK [3][-]{subsubsection.8.2.4}{\376\377\0008\000.\0002\000.\0004\000\040\000D\000i\000v\000i\000s\000i\000o\000n}{subsection.8.2}% 59
\BOOKMARK [3][-]{subsubsection.8.2.5}{\376\377\0008\000.\0002\000.\0005\000\040\000E\000x\000t\000e\000n\000d\000e\000d\000\040\000R\000e\000l\000a\000t\000i\000o\000n\000a\000l\000\040\000A\000l\000g\000e\000b\000r\000a}{subsection.8.2}% 60
\BOOKMARK [3][-]{subsubsection.8.2.6}{\376\377\0008\000.\0002\000.\0006\000\040\000R\000e\000l\000a\000t\000i\000o\000n\000a\000l\000\040\000C\000a\000l\000c\000u\000l\000u\000s}{subsection.8.2}% 61
\BOOKMARK [3][-]{subsubsection.8.2.7}{\376\377\0008\000.\0002\000.\0007\000\040\000S\000a\000f\000e\000t\000y\000,\000\040\000S\000Q\000L\000\040\000Q\000u\000a\000n\000t\000i\000f\000i\000e\000r\000,\000\040\000d\000a\000n\000\040\000R\000e\000l\000a\000t\000i\000o\000n\000a\000l\000\040\000C\000o\000m\000p\000l\000e\000t\000e\000n\000e\000s\000s}{subsection.8.2}% 62
\BOOKMARK [2][-]{subsection.8.3}{\376\377\0008\000.\0003\000\040\000A\000l\000g\000o\000r\000i\000t\000m\000a\000\040\000d\000a\000n\000\040\000R\000u\000m\000u\000s\000\040\000P\000e\000n\000t\000i\000n\000g}{section.8}% 63
\BOOKMARK [3][-]{subsubsection.8.3.1}{\376\377\0008\000.\0003\000.\0001\000\040\000D\000i\000v\000i\000s\000i\000o\000n}{subsection.8.3}% 64
\BOOKMARK [3][-]{subsubsection.8.3.2}{\376\377\0008\000.\0003\000.\0002\000\040\000S\000e\000l\000e\000c\000t\000i\000o\000n\000\040\000d\000a\000n\000\040\000P\000r\000o\000j\000e\000c\000t\000i\000o\000n}{subsection.8.3}% 65
\BOOKMARK [1][-]{section.9}{\376\377\0009\000\040\000S\000Q\000L\000\040\000\050\000S\000t\000r\000u\000c\000t\000u\000r\000e\000d\000\040\000Q\000u\000e\000r\000y\000\040\000L\000a\000n\000g\000u\000a\000g\000e\000\051}{}% 66
\BOOKMARK [2][-]{subsection.9.1}{\376\377\0009\000.\0001\000\040\000O\000u\000t\000l\000i\000n\000e\000\040\000F\000u\000n\000d\000a\000m\000e\000n\000t\000a\000l\000\040\000K\000o\000n\000s\000e\000p\000\040\000M\000a\000t\000e\000r\000i}{section.9}% 67
\BOOKMARK [2][-]{subsection.9.2}{\376\377\0009\000.\0002\000\040\000P\000e\000n\000j\000e\000l\000a\000s\000a\000n\000\040\000K\000o\000n\000s\000e\000p}{section.9}% 68
\BOOKMARK [3][-]{subsubsection.9.2.1}{\376\377\0009\000.\0002\000.\0001\000\040\000L\000a\000t\000a\000r\000\040\000B\000e\000l\000a\000k\000a\000n\000g\000\040\000d\000a\000n\000\040\000B\000a\000g\000i\000a\000n\000\040\000S\000Q\000L}{subsection.9.2}% 69
\BOOKMARK [3][-]{subsubsection.9.2.2}{\376\377\0009\000.\0002\000.\0002\000\040\000D\000D\000L\000\040\000d\000a\000n\000\040\000C\000o\000n\000s\000t\000r\000a\000i\000n\000t\000s}{subsection.9.2}% 70
\BOOKMARK [3][-]{subsubsection.9.2.3}{\376\377\0009\000.\0002\000.\0003\000\040\000Q\000u\000e\000r\000y\000\040\000D\000a\000s\000a\000r\000\040\000S\000e\000l\000e\000c\000t\000-\000F\000r\000o\000m\000-\000W\000h\000e\000r\000e}{subsection.9.2}% 71
\BOOKMARK [3][-]{subsubsection.9.2.4}{\376\377\0009\000.\0002\000.\0004\000\040\000N\000U\000L\000L\000\040\000d\000a\000n\000\040\000T\000h\000r\000e\000e\000-\000V\000a\000l\000u\000e\000d\000\040\000L\000o\000g\000i\000c}{subsection.9.2}% 72
\BOOKMARK [3][-]{subsubsection.9.2.5}{\376\377\0009\000.\0002\000.\0005\000\040\000S\000e\000t\000\040\000O\000p\000e\000r\000a\000t\000i\000o\000n\000s\000,\000\040\000A\000g\000g\000r\000e\000g\000a\000t\000i\000o\000n\000,\000\040\000d\000a\000n\000\040\000G\000r\000o\000u\000p\000i\000n\000g}{subsection.9.2}% 73
\BOOKMARK [3][-]{subsubsection.9.2.6}{\376\377\0009\000.\0002\000.\0006\000\040\000N\000e\000s\000t\000e\000d\000\040\000S\000u\000b\000q\000u\000e\000r\000i\000e\000s}{subsection.9.2}% 74
\BOOKMARK [3][-]{subsubsection.9.2.7}{\376\377\0009\000.\0002\000.\0007\000\040\000J\000o\000i\000n\000\040\000E\000x\000p\000r\000e\000s\000s\000i\000o\000n\000s\000\040\000d\000a\000n\000\040\000V\000i\000e\000w\000s}{subsection.9.2}% 75
\BOOKMARK [3][-]{subsubsection.9.2.8}{\376\377\0009\000.\0002\000.\0008\000\040\000M\000o\000d\000i\000f\000i\000k\000a\000s\000i\000\040\000D\000a\000t\000a\000,\000\040\000A\000u\000t\000h\000o\000r\000i\000z\000a\000t\000i\000o\000n\000,\000\040\000d\000a\000n\000\040\000T\000r\000a\000n\000s\000a\000c\000t\000i\000o\000n}{subsection.9.2}% 76
\BOOKMARK [3][-]{subsubsection.9.2.9}{\376\377\0009\000.\0002\000.\0009\000\040\000S\000Q\000L\000\040\000L\000a\000n\000j\000u\000t\000a\000n}{subsection.9.2}% 77
\BOOKMARK [2][-]{subsection.9.3}{\376\377\0009\000.\0003\000\040\000A\000l\000g\000o\000r\000i\000t\000m\000a\000\040\000d\000a\000n\000\040\000R\000u\000m\000u\000s\000\040\000P\000e\000n\000t\000i\000n\000g}{section.9}% 78
\BOOKMARK [3][-]{subsubsection.9.3.1}{\376\377\0009\000.\0003\000.\0001\000\040\000U\000r\000u\000t\000a\000n\000\040\000L\000o\000g\000i\000s\000\040\000Q\000u\000e\000r\000y\000\040\000S\000Q\000L}{subsection.9.3}% 79
\BOOKMARK [3][-]{subsubsection.9.3.2}{\376\377\0009\000.\0003\000.\0002\000\040\000S\000Q\000L\000\040\000d\000a\000n\000\040\000A\000l\000j\000a\000b\000a\000r\000\040\000R\000e\000l\000a\000s\000i\000o\000n\000a\000l}{subsection.9.3}% 80
\BOOKMARK [1][-]{section.10}{\376\377\0001\0000\000\040\000D\000a\000t\000a\000b\000a\000s\000e\000\040\000D\000e\000s\000i\000g\000n\000\040\000u\000s\000i\000n\000g\000\040\000E\000-\000R\000\040\000M\000o\000d\000e\000l}{}% 81
\BOOKMARK [2][-]{subsection.10.1}{\376\377\0001\0000\000.\0001\000\040\000O\000u\000t\000l\000i\000n\000e\000\040\000F\000u\000n\000d\000a\000m\000e\000n\000t\000a\000l\000\040\000K\000o\000n\000s\000e\000p\000\040\000M\000a\000t\000e\000r\000i}{section.10}% 82
\BOOKMARK [2][-]{subsection.10.2}{\376\377\0001\0000\000.\0002\000\040\000P\000e\000n\000j\000e\000l\000a\000s\000a\000n\000\040\000K\000o\000n\000s\000e\000p}{section.10}% 83
\BOOKMARK [3][-]{subsubsection.10.2.1}{\376\377\0001\0000\000.\0002\000.\0001\000\040\000F\000a\000s\000e\000\040\000D\000e\000s\000a\000i\000n\000\040\000B\000a\000s\000i\000s\000\040\000D\000a\000t\000a}{subsection.10.2}% 84
\BOOKMARK [3][-]{subsubsection.10.2.2}{\376\377\0001\0000\000.\0002\000.\0002\000\040\000E\000n\000t\000i\000t\000y\000,\000\040\000A\000t\000t\000r\000i\000b\000u\000t\000e\000,\000\040\000d\000a\000n\000\040\000R\000e\000l\000a\000t\000i\000o\000n\000s\000h\000i\000p}{subsection.10.2}% 85
\BOOKMARK [3][-]{subsubsection.10.2.3}{\376\377\0001\0000\000.\0002\000.\0003\000\040\000C\000a\000r\000d\000i\000n\000a\000l\000i\000t\000y\000,\000\040\000P\000a\000r\000t\000i\000c\000i\000p\000a\000t\000i\000o\000n\000,\000\040\000d\000a\000n\000\040\000K\000e\000y\000s}{subsection.10.2}% 86
\BOOKMARK [3][-]{subsubsection.10.2.4}{\376\377\0001\0000\000.\0002\000.\0004\000\040\000S\000t\000r\000o\000n\000g\000\040\000E\000n\000t\000i\000t\000y\000,\000\040\000W\000e\000a\000k\000\040\000E\000n\000t\000i\000t\000y\000,\000\040\000d\000a\000n\000\040\000I\000d\000e\000n\000t\000i\000f\000y\000i\000n\000g\000\040\000R\000e\000l\000a\000t\000i\000o\000n\000s\000h\000i\000p}{subsection.10.2}% 87
\BOOKMARK [3][-]{subsubsection.10.2.5}{\376\377\0001\0000\000.\0002\000.\0005\000\040\000E\000-\000R\000\040\000D\000i\000a\000g\000r\000a\000m\000\040\000d\000a\000n\000\040\000U\000M\000L\000\040\000C\000l\000a\000s\000s\000\040\000D\000i\000a\000g\000r\000a\000m}{subsection.10.2}% 88
\BOOKMARK [3][-]{subsubsection.10.2.6}{\376\377\0001\0000\000.\0002\000.\0006\000\040\000S\000p\000e\000c\000i\000a\000l\000i\000z\000a\000t\000i\000o\000n\000,\000\040\000G\000e\000n\000e\000r\000a\000l\000i\000z\000a\000t\000i\000o\000n\000,\000\040\000d\000a\000n\000\040\000I\000n\000h\000e\000r\000i\000t\000a\000n\000c\000e}{subsection.10.2}% 89
\BOOKMARK [3][-]{subsubsection.10.2.7}{\376\377\0001\0000\000.\0002\000.\0007\000\040\000A\000g\000g\000r\000e\000g\000a\000t\000i\000o\000n}{subsection.10.2}% 90
\BOOKMARK [3][-]{subsubsection.10.2.8}{\376\377\0001\0000\000.\0002\000.\0008\000\040\000D\000e\000s\000i\000g\000n\000\040\000I\000s\000s\000u\000e\000s\000\040\000d\000a\000l\000a\000m\000\040\000E\000-\000R\000\040\000M\000o\000d\000e\000l}{subsection.10.2}% 91
\BOOKMARK [3][-]{subsubsection.10.2.9}{\376\377\0001\0000\000.\0002\000.\0009\000\040\000R\000e\000d\000u\000k\000s\000i\000\040\000E\000-\000R\000\040\000k\000e\000\040\000S\000k\000e\000m\000a\000\040\000R\000e\000l\000a\000s\000i\000o\000n\000a\000l}{subsection.10.2}% 92
\BOOKMARK [3][-]{subsubsection.10.2.10}{\376\377\0001\0000\000.\0002\000.\0001\0000\000\040\000H\000u\000b\000u\000n\000g\000a\000n\000\040\000E\000-\000R\000\040\000M\000o\000d\000e\000l\000\040\000d\000e\000n\000g\000a\000n\000\040\000N\000o\000r\000m\000a\000l\000i\000s\000a\000s\000i}{subsection.10.2}% 93
\BOOKMARK [2][-]{subsection.10.3}{\376\377\0001\0000\000.\0003\000\040\000A\000l\000g\000o\000r\000i\000t\000m\000a\000\040\000d\000a\000n\000\040\000R\000u\000m\000u\000s\000\040\000P\000e\000n\000t\000i\000n\000g}{section.10}% 94
\BOOKMARK [3][-]{subsubsection.10.3.1}{\376\377\0001\0000\000.\0003\000.\0001\000\040\000K\000e\000y\000\040\000W\000e\000a\000k\000\040\000E\000n\000t\000i\000t\000y}{subsection.10.3}% 95
\BOOKMARK [3][-]{subsubsection.10.3.2}{\376\377\0001\0000\000.\0003\000.\0002\000\040\000S\000k\000e\000m\000a\000\040\000R\000e\000l\000a\000t\000i\000o\000n\000s\000h\000i\000p\000\040\000S\000e\000t\000\040\000M\000a\000n\000y\000-\000t\000o\000-\000M\000a\000n\000y}{subsection.10.3}% 96
\BOOKMARK [1][-]{section.11}{\376\377\0001\0001\000\040\000R\000e\000l\000a\000t\000i\000o\000n\000a\000l\000\040\000D\000a\000t\000a\000b\000a\000s\000e\000\040\000D\000e\000s\000i\000g\000n}{}% 97
\BOOKMARK [2][-]{subsection.11.1}{\376\377\0001\0001\000.\0001\000\040\000O\000u\000t\000l\000i\000n\000e\000\040\000F\000u\000n\000d\000a\000m\000e\000n\000t\000a\000l\000\040\000K\000o\000n\000s\000e\000p\000\040\000M\000a\000t\000e\000r\000i}{section.11}% 98
\BOOKMARK [2][-]{subsection.11.2}{\376\377\0001\0001\000.\0002\000\040\000P\000e\000n\000j\000e\000l\000a\000s\000a\000n\000\040\000K\000o\000n\000s\000e\000p}{section.11}% 99
\BOOKMARK [3][-]{subsubsection.11.2.1}{\376\377\0001\0001\000.\0002\000.\0001\000\040\000T\000u\000j\000u\000a\000n\000\040\000D\000e\000s\000a\000i\000n\000\040\000R\000e\000l\000a\000s\000i\000o\000n\000a\000l}{subsection.11.2}% 100
\BOOKMARK [3][-]{subsubsection.11.2.2}{\376\377\0001\0001\000.\0002\000.\0002\000\040\000F\000u\000n\000c\000t\000i\000o\000n\000a\000l\000\040\000D\000e\000p\000e\000n\000d\000e\000n\000c\000y}{subsection.11.2}% 101
\BOOKMARK [3][-]{subsubsection.11.2.3}{\376\377\0001\0001\000.\0002\000.\0003\000\040\000C\000l\000o\000s\000u\000r\000e\000\040\000d\000a\000n\000\040\000I\000n\000f\000e\000r\000e\000n\000s\000i\000\040\000D\000e\000p\000e\000n\000d\000e\000n\000s\000i}{subsection.11.2}% 102
\BOOKMARK [3][-]{subsubsection.11.2.4}{\376\377\0001\0001\000.\0002\000.\0004\000\040\000C\000a\000n\000o\000n\000i\000c\000a\000l\000\040\000C\000o\000v\000e\000r}{subsection.11.2}% 103
\BOOKMARK [3][-]{subsubsection.11.2.5}{\376\377\0001\0001\000.\0002\000.\0005\000\040\000D\000e\000c\000o\000m\000p\000o\000s\000i\000t\000i\000o\000n\000,\000\040\000L\000o\000s\000s\000l\000e\000s\000s\000\040\000J\000o\000i\000n\000,\000\040\000d\000a\000n\000\040\000D\000e\000p\000e\000n\000d\000e\000n\000c\000y\000\040\000P\000r\000e\000s\000e\000r\000v\000a\000t\000i\000o\000n}{subsection.11.2}% 104
\BOOKMARK [3][-]{subsubsection.11.2.6}{\376\377\0001\0001\000.\0002\000.\0006\000\040\000B\000o\000y\000c\000e\000-\000C\000o\000d\000d\000\040\000N\000o\000r\000m\000a\000l\000\040\000F\000o\000r\000m\000\040\000\050\000B\000C\000N\000F\000\051}{subsection.11.2}% 105
\BOOKMARK [3][-]{subsubsection.11.2.7}{\376\377\0001\0001\000.\0002\000.\0007\000\040\000T\000h\000i\000r\000d\000\040\000N\000o\000r\000m\000a\000l\000\040\000F\000o\000r\000m\000\040\000\050\0003\000N\000F\000\051}{subsection.11.2}% 106
\BOOKMARK [3][-]{subsubsection.11.2.8}{\376\377\0001\0001\000.\0002\000.\0008\000\040\000B\000e\000n\000t\000u\000k\000\040\000N\000o\000r\000m\000a\000l\000\040\000L\000a\000n\000j\000u\000t\000a\000n}{subsection.11.2}% 107
\BOOKMARK [3][-]{subsubsection.11.2.9}{\376\377\0001\0001\000.\0002\000.\0009\000\040\000D\000e\000n\000o\000r\000m\000a\000l\000i\000z\000a\000t\000i\000o\000n\000\040\000f\000o\000r\000\040\000P\000e\000r\000f\000o\000r\000m\000a\000n\000c\000e}{subsection.11.2}% 108
\BOOKMARK [3][-]{subsubsection.11.2.10}{\376\377\0001\0001\000.\0002\000.\0001\0000\000\040\000T\000e\000m\000p\000o\000r\000a\000l\000\040\000D\000a\000t\000a\000\040\000M\000o\000d\000e\000l\000i\000n\000g}{subsection.11.2}% 109
\BOOKMARK [2][-]{subsection.11.3}{\376\377\0001\0001\000.\0003\000\040\000A\000l\000g\000o\000r\000i\000t\000m\000a\000\040\000d\000a\000n\000\040\000R\000u\000m\000u\000s\000\040\000P\000e\000n\000t\000i\000n\000g}{section.11}% 110
\BOOKMARK [3][-]{subsubsection.11.3.1}{\376\377\0001\0001\000.\0003\000.\0001\000\040\000F\000u\000n\000c\000t\000i\000o\000n\000a\000l\000\040\000D\000e\000p\000e\000n\000d\000e\000n\000c\000y}{subsection.11.3}% 111
\BOOKMARK [3][-]{subsubsection.11.3.2}{\376\377\0001\0001\000.\0003\000.\0002\000\040\000A\000t\000t\000r\000i\000b\000u\000t\000e\000\040\000C\000l\000o\000s\000u\000r\000e}{subsection.11.3}% 112
\BOOKMARK [3][-]{subsubsection.11.3.3}{\376\377\0001\0001\000.\0003\000.\0003\000\040\000B\000C\000N\000F\000\040\000D\000e\000c\000o\000m\000p\000o\000s\000i\000t\000i\000o\000n}{subsection.11.3}% 113
\BOOKMARK [3][-]{subsubsection.11.3.4}{\376\377\0001\0001\000.\0003\000.\0004\000\040\0003\000N\000F\000\040\000S\000y\000n\000t\000h\000e\000s\000i\000s}{subsection.11.3}% 114
\BOOKMARK [1][-]{section.12}{\376\377\0001\0002\000\040\000I\000n\000t\000e\000g\000r\000i\000t\000y\000\040\000C\000o\000n\000s\000t\000r\000a\000i\000n\000t\000s}{}% 115
\BOOKMARK [2][-]{subsection.12.1}{\376\377\0001\0002\000.\0001\000\040\000O\000u\000t\000l\000i\000n\000e\000\040\000F\000u\000n\000d\000a\000m\000e\000n\000t\000a\000l\000\040\000K\000o\000n\000s\000e\000p\000\040\000M\000a\000t\000e\000r\000i}{section.12}% 116
\BOOKMARK [2][-]{subsection.12.2}{\376\377\0001\0002\000.\0002\000\040\000P\000e\000n\000j\000e\000l\000a\000s\000a\000n\000\040\000K\000o\000n\000s\000e\000p}{section.12}% 117
\BOOKMARK [3][-]{subsubsection.12.2.1}{\376\377\0001\0002\000.\0002\000.\0001\000\040\000T\000u\000j\000u\000a\000n\000\040\000I\000n\000t\000e\000g\000r\000i\000t\000y\000\040\000C\000o\000n\000s\000t\000r\000a\000i\000n\000t\000s}{subsection.12.2}% 118
\BOOKMARK [3][-]{subsubsection.12.2.2}{\376\377\0001\0002\000.\0002\000.\0002\000\040\000P\000e\000n\000d\000e\000k\000a\000t\000a\000n\000\040\000P\000e\000n\000e\000g\000a\000k\000a\000n\000\040\000C\000o\000n\000s\000t\000r\000a\000i\000n\000t}{subsection.12.2}% 119
\BOOKMARK [3][-]{subsubsection.12.2.3}{\376\377\0001\0002\000.\0002\000.\0003\000\040\000D\000o\000m\000a\000i\000n\000\040\000C\000o\000n\000s\000t\000r\000a\000i\000n\000t\000s}{subsection.12.2}% 120
\BOOKMARK [3][-]{subsubsection.12.2.4}{\376\377\0001\0002\000.\0002\000.\0004\000\040\000E\000n\000t\000i\000t\000y\000\040\000I\000n\000t\000e\000g\000r\000i\000t\000y}{subsection.12.2}% 121
\BOOKMARK [3][-]{subsubsection.12.2.5}{\376\377\0001\0002\000.\0002\000.\0005\000\040\000R\000e\000f\000e\000r\000e\000n\000t\000i\000a\000l\000\040\000I\000n\000t\000e\000g\000r\000i\000t\000y}{subsection.12.2}% 122
\BOOKMARK [3][-]{subsubsection.12.2.6}{\376\377\0001\0002\000.\0002\000.\0006\000\040\000S\000Q\000L\000\040\000C\000o\000n\000s\000t\000r\000a\000i\000n\000t\000s\000\040\000p\000a\000d\000a\000\040\000R\000e\000l\000a\000s\000i\000\040\000T\000u\000n\000g\000g\000a\000l}{subsection.12.2}% 123
\BOOKMARK [3][-]{subsubsection.12.2.7}{\376\377\0001\0002\000.\0002\000.\0007\000\040\000F\000o\000r\000e\000i\000g\000n\000\040\000K\000e\000y\000\040\000d\000a\000n\000\040\000R\000e\000f\000e\000r\000e\000n\000t\000i\000a\000l\000\040\000A\000c\000t\000i\000o\000n\000s}{subsection.12.2}% 124
\BOOKMARK [3][-]{subsubsection.12.2.8}{\376\377\0001\0002\000.\0002\000.\0008\000\040\000D\000e\000f\000e\000r\000r\000e\000d\000\040\000C\000o\000n\000s\000t\000r\000a\000i\000n\000t\000\040\000C\000h\000e\000c\000k\000i\000n\000g}{subsection.12.2}% 125
\BOOKMARK [3][-]{subsubsection.12.2.9}{\376\377\0001\0002\000.\0002\000.\0009\000\040\000A\000s\000s\000e\000r\000t\000i\000o\000n\000s\000,\000\040\000T\000r\000i\000g\000g\000e\000r\000s\000,\000\040\000F\000u\000n\000c\000t\000i\000o\000n\000s\000,\000\040\000d\000a\000n\000\040\000P\000r\000o\000c\000e\000d\000u\000r\000e\000s}{subsection.12.2}% 126
\BOOKMARK [3][-]{subsubsection.12.2.10}{\376\377\0001\0002\000.\0002\000.\0001\0000\000\040\000H\000u\000b\000u\000n\000g\000a\000n\000\040\000I\000n\000t\000e\000g\000r\000i\000t\000y\000\040\000C\000o\000n\000s\000t\000r\000a\000i\000n\000t\000s\000\040\000d\000e\000n\000g\000a\000n\000\040\000D\000e\000s\000a\000i\000n\000\040\000R\000e\000l\000a\000s\000i\000o\000n\000a\000l}{subsection.12.2}% 127
\BOOKMARK [2][-]{subsection.12.3}{\376\377\0001\0002\000.\0003\000\040\000A\000l\000g\000o\000r\000i\000t\000m\000a\000\040\000d\000a\000n\000\040\000R\000u\000m\000u\000s\000\040\000P\000e\000n\000t\000i\000n\000g}{section.12}% 128
\BOOKMARK [3][-]{subsubsection.12.3.1}{\376\377\0001\0002\000.\0003\000.\0001\000\040\000V\000a\000l\000i\000d\000a\000s\000i\000\040\000P\000e\000n\000a\000m\000b\000a\000h\000a\000n\000\040\000C\000o\000n\000s\000t\000r\000a\000i\000n\000t}{subsection.12.3}% 129
\BOOKMARK [3][-]{subsubsection.12.3.2}{\376\377\0001\0002\000.\0003\000.\0002\000\040\000K\000o\000n\000d\000i\000s\000i\000\040\000R\000e\000f\000e\000r\000e\000n\000t\000i\000a\000l\000\040\000I\000n\000t\000e\000g\000r\000i\000t\000y}{subsection.12.3}% 130
\BOOKMARK [3][-]{subsubsection.12.3.3}{\376\377\0001\0002\000.\0003\000.\0003\000\040\000P\000e\000m\000e\000r\000i\000k\000s\000a\000a\000n\000\040\000O\000p\000e\000r\000a\000s\000i\000\040\000D\000M\000L\000\040\000t\000e\000r\000h\000a\000d\000a\000p\000\040\000C\000o\000n\000s\000t\000r\000a\000i\000n\000t}{subsection.12.3}% 131
\BOOKMARK [1][-]{section.13}{\376\377\0001\0003\000\040\000M\000o\000d\000e\000l\000\040\000D\000a\000t\000a\000\040\000M\000u\000l\000t\000i\000d\000i\000m\000e\000n\000s\000i\000\040\000\046\000\040\000D\000a\000t\000a\000\040\000W\000a\000r\000e\000h\000o\000u\000s\000e}{}% 132
\BOOKMARK [2][-]{subsection.13.1}{\376\377\0001\0003\000.\0001\000\040\000O\000u\000t\000l\000i\000n\000e\000\040\000F\000u\000n\000d\000a\000m\000e\000n\000t\000a\000l\000\040\000K\000o\000n\000s\000e\000p\000\040\000M\000a\000t\000e\000r\000i}{section.13}% 133
\BOOKMARK [2][-]{subsection.13.2}{\376\377\0001\0003\000.\0002\000\040\000P\000e\000n\000j\000e\000l\000a\000s\000a\000n\000\040\000K\000o\000n\000s\000e\000p}{section.13}% 134
\BOOKMARK [3][-]{subsubsection.13.2.1}{\376\377\0001\0003\000.\0002\000.\0001\000\040\000L\000a\000t\000a\000r\000\040\000B\000e\000l\000a\000k\000a\000n\000g\000\040\000D\000e\000c\000i\000s\000i\000o\000n\000\040\000S\000u\000p\000p\000o\000r\000t}{subsection.13.2}% 135
\BOOKMARK [3][-]{subsubsection.13.2.2}{\376\377\0001\0003\000.\0002\000.\0002\000\040\000O\000L\000T\000P\000\040\000d\000a\000n\000\040\000O\000L\000A\000P}{subsection.13.2}% 136
\BOOKMARK [3][-]{subsubsection.13.2.3}{\376\377\0001\0003\000.\0002\000.\0003\000\040\000D\000a\000t\000a\000\040\000W\000a\000r\000e\000h\000o\000u\000s\000e}{subsection.13.2}% 137
\BOOKMARK [3][-]{subsubsection.13.2.4}{\376\377\0001\0003\000.\0002\000.\0004\000\040\000M\000o\000d\000e\000l\000\040\000D\000a\000t\000a\000\040\000M\000u\000l\000t\000i\000d\000i\000m\000e\000n\000s\000i}{subsection.13.2}% 138
\BOOKMARK [3][-]{subsubsection.13.2.5}{\376\377\0001\0003\000.\0002\000.\0005\000\040\000F\000a\000c\000t\000\040\000T\000a\000b\000l\000e\000\040\000d\000a\000n\000\040\000D\000i\000m\000e\000n\000s\000i\000o\000n\000\040\000T\000a\000b\000l\000e}{subsection.13.2}% 139
\BOOKMARK [3][-]{subsubsection.13.2.6}{\376\377\0001\0003\000.\0002\000.\0006\000\040\000S\000t\000a\000r\000,\000\040\000S\000n\000o\000w\000f\000l\000a\000k\000e\000,\000\040\000d\000a\000n\000\040\000G\000a\000l\000a\000x\000y\000\040\000S\000c\000h\000e\000m\000a}{subsection.13.2}% 140
\BOOKMARK [3][-]{subsubsection.13.2.7}{\376\377\0001\0003\000.\0002\000.\0007\000\040\000Q\000u\000e\000r\000y\000\040\000d\000a\000n\000\040\000O\000p\000e\000r\000a\000s\000i\000\040\000O\000L\000A\000P}{subsection.13.2}% 141
\BOOKMARK [3][-]{subsubsection.13.2.8}{\376\377\0001\0003\000.\0002\000.\0008\000\040\000H\000u\000b\000u\000n\000g\000a\000n\000\040\000d\000e\000n\000g\000a\000n\000\040\000E\000-\000R\000\040\000M\000o\000d\000e\000l\000\040\000d\000a\000n\000\040\000N\000o\000r\000m\000a\000l\000i\000s\000a\000s\000i}{subsection.13.2}% 142
\BOOKMARK [2][-]{subsection.13.3}{\376\377\0001\0003\000.\0003\000\040\000A\000l\000g\000o\000r\000i\000t\000m\000a\000\040\000d\000a\000n\000\040\000R\000u\000m\000u\000s\000\040\000P\000e\000n\000t\000i\000n\000g}{section.13}% 143
\BOOKMARK [3][-]{subsubsection.13.3.1}{\376\377\0001\0003\000.\0003\000.\0001\000\040\000A\000l\000u\000r\000\040\000P\000e\000m\000b\000a\000n\000g\000u\000n\000a\000n\000\040\000D\000a\000t\000a\000\040\000W\000a\000r\000e\000h\000o\000u\000s\000e}{subsection.13.3}% 144
\BOOKMARK [3][-]{subsubsection.13.3.2}{\376\377\0001\0003\000.\0003\000.\0002\000\040\000B\000e\000n\000t\000u\000k\000\040\000U\000m\000u\000m\000\040\000Q\000u\000e\000r\000y\000\040\000A\000g\000r\000e\000g\000a\000s\000i\000\040\000O\000L\000A\000P}{subsection.13.3}% 145
