\BOOKMARK [1][-]{section.1}{\376\377\0001\000\040\000I\000n\000f\000o\000r\000m\000a\000s\000i\000\040\000U\000j\000i\000a\000n}{}% 1
\BOOKMARK [1][-]{section.2}{\376\377\0002\000\040\000C\000a\000p\000a\000i\000a\000n\000\040\000P\000e\000m\000b\000e\000l\000a\000j\000a\000r\000a\000n\000\040\000M\000a\000t\000a\000\040\000K\000u\000l\000i\000a\000h\000\040\000\050\000C\000P\000M\000K\000\051}{}% 2
\BOOKMARK [2][-]{subsection.2.1}{\376\377\0002\000.\0001\000\040\000T\000a\000b\000e\000l\000\040\000K\000e\000t\000e\000r\000p\000e\000n\000u\000h\000a\000n\000\040\000C\000P\000M\000K}{section.2}% 3
\BOOKMARK [1][-]{section.3}{\376\377\0003\000\040\000D\000a\000f\000t\000a\000r\000\040\000M\000a\000t\000e\000r\000i\000\040\000y\000a\000n\000g\000\040\000D\000i\000u\000j\000i\000k\000a\000n}{}% 4
\BOOKMARK [1][-]{section.4}{\376\377\0004\000\040\000O\000u\000t\000l\000i\000n\000e\000\040\000K\000e\000s\000e\000l\000u\000r\000u\000h\000a\000n\000\040\000M\000a\000t\000e\000r\000i}{}% 5
\BOOKMARK [2][-]{subsection.4.1}{\376\377\0004\000.\0001\000\040\000T\000r\000a\000n\000s\000p\000o\000r\000t\000\040\000L\000a\000y\000e\000r}{section.4}% 6
\BOOKMARK [2][-]{subsection.4.2}{\376\377\0004\000.\0002\000\040\000C\000o\000n\000g\000e\000s\000t\000i\000o\000n\000\040\000C\000o\000n\000t\000r\000o\000l}{section.4}% 7
\BOOKMARK [2][-]{subsection.4.3}{\376\377\0004\000.\0003\000\040\000A\000p\000p\000l\000i\000c\000a\000t\000i\000o\000n\000\040\000L\000a\000y\000e\000r}{section.4}% 8
\BOOKMARK [2][-]{subsection.4.4}{\376\377\0004\000.\0004\000\040\000W\000i\000r\000e\000l\000e\000s\000s\000\040\000N\000e\000t\000w\000o\000r\000k}{section.4}% 9
\BOOKMARK [2][-]{subsection.4.5}{\376\377\0004\000.\0005\000\040\000N\000e\000t\000w\000o\000r\000k\000\040\000S\000e\000c\000u\000r\000i\000t\000y}{section.4}% 10
\BOOKMARK [1][-]{section.5}{\376\377\0005\000\040\000T\000r\000a\000n\000s\000p\000o\000r\000t\000\040\000L\000a\000y\000e\000r}{}% 11
\BOOKMARK [2][-]{subsection.5.1}{\376\377\0005\000.\0001\000\040\000O\000u\000t\000l\000i\000n\000e\000\040\000F\000u\000n\000d\000a\000m\000e\000n\000t\000a\000l\000\040\000K\000o\000n\000s\000e\000p\000\040\000M\000a\000t\000e\000r\000i}{section.5}% 12
\BOOKMARK [2][-]{subsection.5.2}{\376\377\0005\000.\0002\000\040\000P\000e\000n\000j\000e\000l\000a\000s\000a\000n\000\040\000K\000o\000n\000s\000e\000p}{section.5}% 13
\BOOKMARK [3][-]{subsubsection.5.2.1}{\376\377\0005\000.\0002\000.\0001\000\040\000P\000e\000n\000g\000a\000n\000t\000a\000r\000\040\000T\000r\000a\000n\000s\000p\000o\000r\000t\000\040\000L\000a\000y\000e\000r}{subsection.5.2}% 14
\BOOKMARK [3][-]{subsubsection.5.2.2}{\376\377\0005\000.\0002\000.\0002\000\040\000U\000D\000P}{subsection.5.2}% 15
\BOOKMARK [3][-]{subsubsection.5.2.3}{\376\377\0005\000.\0002\000.\0003\000\040\000T\000C\000P}{subsection.5.2}% 16
\BOOKMARK [3][-]{subsubsection.5.2.4}{\376\377\0005\000.\0002\000.\0004\000\040\000T\000C\000P\000\040\000R\000e\000l\000i\000a\000b\000i\000l\000i\000t\000y\000\040\000d\000a\000n\000\040\000S\000l\000i\000d\000i\000n\000g\000\040\000W\000i\000n\000d\000o\000w}{subsection.5.2}% 17
\BOOKMARK [3][-]{subsubsection.5.2.5}{\376\377\0005\000.\0002\000.\0005\000\040\000A\000d\000a\000p\000t\000i\000v\000e\000\040\000R\000e\000t\000r\000a\000n\000s\000m\000i\000s\000s\000i\000o\000n}{subsection.5.2}% 18
\BOOKMARK [3][-]{subsubsection.5.2.6}{\376\377\0005\000.\0002\000.\0006\000\040\000F\000l\000o\000w\000\040\000C\000o\000n\000t\000r\000o\000l}{subsection.5.2}% 19
\BOOKMARK [3][-]{subsubsection.5.2.7}{\376\377\0005\000.\0002\000.\0007\000\040\000T\000r\000i\000g\000g\000e\000r\000i\000n\000g\000\040\000T\000r\000a\000n\000s\000m\000i\000s\000s\000i\000o\000n\000\040\000d\000a\000n\000\040\000K\000i\000n\000e\000r\000j\000a\000\040\000T\000C\000P}{subsection.5.2}% 20
\BOOKMARK [3][-]{subsubsection.5.2.8}{\376\377\0005\000.\0002\000.\0008\000\040\000R\000P\000C}{subsection.5.2}% 21
\BOOKMARK [3][-]{subsubsection.5.2.9}{\376\377\0005\000.\0002\000.\0009\000\040\000R\000T\000P\000\040\000d\000a\000n\000\040\000R\000T\000C\000P}{subsection.5.2}% 22
\BOOKMARK [3][-]{subsubsection.5.2.10}{\376\377\0005\000.\0002\000.\0001\0000\000\040\000S\000C\000T\000P}{subsection.5.2}% 23
\BOOKMARK [3][-]{subsubsection.5.2.11}{\376\377\0005\000.\0002\000.\0001\0001\000\040\000Q\000U\000I\000C\000\040\000s\000e\000b\000a\000g\000a\000i\000\040\000T\000r\000a\000n\000s\000p\000o\000r\000t\000\040\000M\000o\000d\000e\000r\000n\000\040\000B\000e\000r\000b\000a\000s\000i\000s\000\040\000U\000D\000P}{subsection.5.2}% 24
\BOOKMARK [3][-]{subsubsection.5.2.12}{\376\377\0005\000.\0002\000.\0001\0002\000\040\000R\000e\000l\000a\000s\000i\000\040\000L\000i\000n\000t\000a\000s\000\040\000M\000a\000t\000e\000r\000i}{subsection.5.2}% 25
\BOOKMARK [2][-]{subsection.5.3}{\376\377\0005\000.\0003\000\040\000A\000l\000g\000o\000r\000i\000t\000m\000a\000\040\000d\000a\000n\000\040\000R\000u\000m\000u\000s\000\040\000P\000e\000n\000t\000i\000n\000g}{section.5}% 26
\BOOKMARK [3][-]{subsubsection.5.3.1}{\376\377\0005\000.\0003\000.\0001\000\040\000U\000D\000P\000\040\000C\000h\000e\000c\000k\000s\000u\000m}{subsection.5.3}% 27
\BOOKMARK [3][-]{subsubsection.5.3.2}{\376\377\0005\000.\0003\000.\0002\000\040\000T\000C\000P\000\040\000F\000o\000u\000r\000-\000T\000u\000p\000l\000e\000\040\000D\000e\000m\000u\000l\000t\000i\000p\000l\000e\000x\000i\000n\000g}{subsection.5.3}% 28
\BOOKMARK [3][-]{subsubsection.5.3.3}{\376\377\0005\000.\0003\000.\0003\000\040\000A\000d\000a\000p\000t\000i\000v\000e\000\040\000R\000T\000T\000\040\000E\000s\000t\000i\000m\000a\000t\000i\000o\000n}{subsection.5.3}% 29
\BOOKMARK [3][-]{subsubsection.5.3.4}{\376\377\0005\000.\0003\000.\0004\000\040\000F\000l\000o\000w\000\040\000C\000o\000n\000t\000r\000o\000l\000\040\000W\000i\000n\000d\000o\000w}{subsection.5.3}% 30
\BOOKMARK [3][-]{subsubsection.5.3.5}{\376\377\0005\000.\0003\000.\0005\000\040\000M\000S\000S\000\040\000d\000a\000n\000\040\000D\000e\000l\000a\000y\000-\000B\000a\000n\000d\000w\000i\000d\000t\000h\000\040\000P\000r\000o\000d\000u\000c\000t}{subsection.5.3}% 31
\BOOKMARK [3][-]{subsubsection.5.3.6}{\376\377\0005\000.\0003\000.\0006\000\040\000N\000a\000g\000l\000e\000'\000s\000\040\000A\000l\000g\000o\000r\000i\000t\000h\000m}{subsection.5.3}% 32
\BOOKMARK [1][-]{section.6}{\376\377\0006\000\040\000C\000o\000n\000g\000e\000s\000t\000i\000o\000n\000\040\000C\000o\000n\000t\000r\000o\000l}{}% 33
\BOOKMARK [2][-]{subsection.6.1}{\376\377\0006\000.\0001\000\040\000O\000u\000t\000l\000i\000n\000e\000\040\000F\000u\000n\000d\000a\000m\000e\000n\000t\000a\000l\000\040\000K\000o\000n\000s\000e\000p\000\040\000M\000a\000t\000e\000r\000i}{section.6}% 34
\BOOKMARK [2][-]{subsection.6.2}{\376\377\0006\000.\0002\000\040\000P\000e\000n\000j\000e\000l\000a\000s\000a\000n\000\040\000K\000o\000n\000s\000e\000p}{section.6}% 35
\BOOKMARK [3][-]{subsubsection.6.2.1}{\376\377\0006\000.\0002\000.\0001\000\040\000K\000o\000n\000s\000e\000p\000\040\000D\000a\000s\000a\000r\000\040\000A\000l\000o\000k\000a\000s\000i\000\040\000S\000u\000m\000b\000e\000r\000\040\000D\000a\000y\000a\000\040\000d\000a\000n\000\040\000C\000o\000n\000g\000e\000s\000t\000i\000o\000n}{subsection.6.2}% 36
\BOOKMARK [3][-]{subsubsection.6.2.2}{\376\377\0006\000.\0002\000.\0002\000\040\000K\000r\000i\000t\000e\000r\000i\000a\000\040\000E\000v\000a\000l\000u\000a\000s\000i}{subsection.6.2}% 37
\BOOKMARK [3][-]{subsubsection.6.2.3}{\376\377\0006\000.\0002\000.\0003\000\040\000D\000i\000s\000i\000p\000l\000i\000n\000\040\000A\000n\000t\000r\000e\000a\000n\000\040\000R\000o\000u\000t\000e\000r}{subsection.6.2}% 38
\BOOKMARK [3][-]{subsubsection.6.2.4}{\376\377\0006\000.\0002\000.\0004\000\040\000T\000C\000P\000\040\000C\000o\000n\000g\000e\000s\000t\000i\000o\000n\000\040\000C\000o\000n\000t\000r\000o\000l}{subsection.6.2}% 39
\BOOKMARK [3][-]{subsubsection.6.2.5}{\376\377\0006\000.\0002\000.\0005\000\040\000C\000o\000n\000g\000e\000s\000t\000i\000o\000n\000\040\000A\000v\000o\000i\000d\000a\000n\000c\000e\000\040\000L\000a\000n\000j\000u\000t\000a\000n}{subsection.6.2}% 40
\BOOKMARK [3][-]{subsubsection.6.2.6}{\376\377\0006\000.\0002\000.\0006\000\040\000Q\000u\000a\000l\000i\000t\000y\000\040\000o\000f\000\040\000S\000e\000r\000v\000i\000c\000e}{subsection.6.2}% 41
\BOOKMARK [3][-]{subsubsection.6.2.7}{\376\377\0006\000.\0002\000.\0007\000\040\000R\000e\000l\000a\000s\000i\000\040\000L\000i\000n\000t\000a\000s\000\040\000M\000a\000t\000e\000r\000i}{subsection.6.2}% 42
\BOOKMARK [2][-]{subsection.6.3}{\376\377\0006\000.\0003\000\040\000A\000l\000g\000o\000r\000i\000t\000m\000a\000\040\000d\000a\000n\000\040\000R\000u\000m\000u\000s\000\040\000P\000e\000n\000t\000i\000n\000g}{section.6}% 43
\BOOKMARK [3][-]{subsubsection.6.3.1}{\376\377\0006\000.\0003\000.\0001\000\040\000J\000a\000i\000n\000'\000s\000\040\000F\000a\000i\000r\000n\000e\000s\000s\000\040\000I\000n\000d\000e\000x}{subsection.6.3}% 44
\BOOKMARK [3][-]{subsubsection.6.3.2}{\376\377\0006\000.\0003\000.\0002\000\040\000F\000a\000i\000r\000\040\000Q\000u\000e\000u\000i\000n\000g\000\040\000F\000i\000n\000i\000s\000h\000\040\000T\000i\000m\000e}{subsection.6.3}% 45
\BOOKMARK [3][-]{subsubsection.6.3.3}{\376\377\0006\000.\0003\000.\0003\000\040\000A\000I\000M\000D\000\040\000d\000a\000n\000\040\000S\000l\000o\000w\000\040\000S\000t\000a\000r\000t}{subsection.6.3}% 46
\BOOKMARK [3][-]{subsubsection.6.3.4}{\376\377\0006\000.\0003\000.\0004\000\040\000R\000E\000D\000\040\000A\000v\000e\000r\000a\000g\000e\000\040\000Q\000u\000e\000u\000e\000\040\000L\000e\000n\000g\000t\000h\000\040\000d\000a\000n\000\040\000D\000r\000o\000p\000\040\000P\000r\000o\000b\000a\000b\000i\000l\000i\000t\000y}{subsection.6.3}% 47
\BOOKMARK [3][-]{subsubsection.6.3.5}{\376\377\0006\000.\0003\000.\0005\000\040\000T\000o\000k\000e\000n\000\040\000B\000u\000c\000k\000e\000t}{subsection.6.3}% 48
\BOOKMARK [1][-]{section.7}{\376\377\0007\000\040\000A\000p\000p\000l\000i\000c\000a\000t\000i\000o\000n\000\040\000L\000a\000y\000e\000r}{}% 49
\BOOKMARK [2][-]{subsection.7.1}{\376\377\0007\000.\0001\000\040\000O\000u\000t\000l\000i\000n\000e\000\040\000F\000u\000n\000d\000a\000m\000e\000n\000t\000a\000l\000\040\000K\000o\000n\000s\000e\000p\000\040\000M\000a\000t\000e\000r\000i}{section.7}% 50
\BOOKMARK [2][-]{subsection.7.2}{\376\377\0007\000.\0002\000\040\000P\000e\000n\000j\000e\000l\000a\000s\000a\000n\000\040\000K\000o\000n\000s\000e\000p}{section.7}% 51
\BOOKMARK [3][-]{subsubsection.7.2.1}{\376\377\0007\000.\0002\000.\0001\000\040\000F\000o\000n\000d\000a\000s\000i\000\040\000A\000p\000p\000l\000i\000c\000a\000t\000i\000o\000n\000\040\000L\000a\000y\000e\000r}{subsection.7.2}% 52
\BOOKMARK [3][-]{subsubsection.7.2.2}{\376\377\0007\000.\0002\000.\0002\000\040\000D\000o\000m\000a\000i\000n\000\040\000N\000a\000m\000e\000\040\000S\000y\000s\000t\000e\000m\000\040\000\050\000D\000N\000S\000\051}{subsection.7.2}% 53
\BOOKMARK [3][-]{subsubsection.7.2.3}{\376\377\0007\000.\0002\000.\0003\000\040\000W\000e\000b\000\040\000d\000a\000n\000\040\000H\000T\000T\000P}{subsection.7.2}% 54
\BOOKMARK [3][-]{subsubsection.7.2.4}{\376\377\0007\000.\0002\000.\0004\000\040\000E\000l\000e\000c\000t\000r\000o\000n\000i\000c\000\040\000M\000a\000i\000l}{subsection.7.2}% 55
\BOOKMARK [3][-]{subsubsection.7.2.5}{\376\377\0007\000.\0002\000.\0005\000\040\000A\000r\000s\000i\000t\000e\000k\000t\000u\000r\000\040\000L\000a\000n\000j\000u\000t\000a\000n}{subsection.7.2}% 56
\BOOKMARK [3][-]{subsubsection.7.2.6}{\376\377\0007\000.\0002\000.\0006\000\040\000P\000r\000o\000t\000o\000k\000o\000l\000\040\000A\000p\000l\000i\000k\000a\000s\000i\000\040\000K\000h\000u\000s\000u\000s}{subsection.7.2}% 57
\BOOKMARK [3][-]{subsubsection.7.2.7}{\376\377\0007\000.\0002\000.\0007\000\040\000R\000e\000l\000a\000s\000i\000\040\000L\000i\000n\000t\000a\000s\000\040\000M\000a\000t\000e\000r\000i}{subsection.7.2}% 58
\BOOKMARK [2][-]{subsection.7.3}{\376\377\0007\000.\0003\000\040\000A\000l\000g\000o\000r\000i\000t\000m\000a\000\040\000d\000a\000n\000\040\000R\000u\000m\000u\000s\000\040\000P\000e\000n\000t\000i\000n\000g}{section.7}% 59
\BOOKMARK [3][-]{subsubsection.7.3.1}{\376\377\0007\000.\0003\000.\0001\000\040\000D\000N\000S\000\040\000R\000e\000s\000o\000u\000r\000c\000e\000\040\000R\000e\000c\000o\000r\000d}{subsection.7.3}% 60
\BOOKMARK [3][-]{subsubsection.7.3.2}{\376\377\0007\000.\0003\000.\0002\000\040\000I\000t\000e\000r\000a\000t\000i\000v\000e\000\040\000D\000N\000S\000\040\000R\000e\000s\000o\000l\000u\000t\000i\000o\000n}{subsection.7.3}% 61
\BOOKMARK [3][-]{subsubsection.7.3.3}{\376\377\0007\000.\0003\000.\0003\000\040\000N\000o\000n\000-\000p\000e\000r\000s\000i\000s\000t\000e\000n\000t\000\040\000H\000T\000T\000P\000\040\000R\000e\000s\000p\000o\000n\000s\000e\000\040\000T\000i\000m\000e}{subsection.7.3}% 62
\BOOKMARK [3][-]{subsubsection.7.3.4}{\376\377\0007\000.\0003\000.\0004\000\040\000C\000o\000n\000d\000i\000t\000i\000o\000n\000a\000l\000\040\000G\000E\000T}{subsection.7.3}% 63
\BOOKMARK [3][-]{subsubsection.7.3.5}{\376\377\0007\000.\0003\000.\0005\000\040\000B\000a\000s\000e\0006\0004\000\040\000E\000n\000c\000o\000d\000i\000n\000g\000\040\000S\000i\000z\000e}{subsection.7.3}% 64
\BOOKMARK [1][-]{section.8}{\376\377\0008\000\040\000W\000i\000r\000e\000l\000e\000s\000s\000\040\000N\000e\000t\000w\000o\000r\000k}{}% 65
\BOOKMARK [2][-]{subsection.8.1}{\376\377\0008\000.\0001\000\040\000O\000u\000t\000l\000i\000n\000e\000\040\000F\000u\000n\000d\000a\000m\000e\000n\000t\000a\000l\000\040\000K\000o\000n\000s\000e\000p\000\040\000M\000a\000t\000e\000r\000i}{section.8}% 66
\BOOKMARK [2][-]{subsection.8.2}{\376\377\0008\000.\0002\000\040\000P\000e\000n\000j\000e\000l\000a\000s\000a\000n\000\040\000K\000o\000n\000s\000e\000p}{section.8}% 67
\BOOKMARK [3][-]{subsubsection.8.2.1}{\376\377\0008\000.\0002\000.\0001\000\040\000F\000o\000n\000d\000a\000s\000i\000\040\000d\000a\000n\000\040\000E\000l\000e\000m\000e\000n\000\040\000W\000i\000r\000e\000l\000e\000s\000s\000\040\000N\000e\000t\000w\000o\000r\000k}{subsection.8.2}% 68
\BOOKMARK [3][-]{subsubsection.8.2.2}{\376\377\0008\000.\0002\000.\0002\000\040\000S\000t\000a\000n\000d\000a\000r\000\040\000d\000a\000n\000\040\000K\000a\000r\000a\000k\000t\000e\000r\000i\000s\000t\000i\000k\000\040\000L\000i\000n\000k}{subsection.8.2}% 69
\BOOKMARK [3][-]{subsubsection.8.2.3}{\376\377\0008\000.\0002\000.\0003\000\040\000M\000A\000C\000\040\0008\0000\0002\000.\0001\0001}{subsection.8.2}% 70
\BOOKMARK [3][-]{subsubsection.8.2.4}{\376\377\0008\000.\0002\000.\0004\000\040\000M\000o\000b\000i\000l\000i\000t\000a\000s\000\040\000d\000a\000n\000\040\000R\000o\000u\000t\000i\000n\000g}{subsection.8.2}% 71
\BOOKMARK [3][-]{subsubsection.8.2.5}{\376\377\0008\000.\0002\000.\0005\000\040\000W\000i\000r\000e\000l\000e\000s\000s\000\040\000S\000e\000c\000u\000r\000i\000t\000y}{subsection.8.2}% 72
\BOOKMARK [3][-]{subsubsection.8.2.6}{\376\377\0008\000.\0002\000.\0006\000\040\000R\000e\000l\000a\000s\000i\000\040\000L\000i\000n\000t\000a\000s\000\040\000M\000a\000t\000e\000r\000i}{subsection.8.2}% 73
\BOOKMARK [2][-]{subsection.8.3}{\376\377\0008\000.\0003\000\040\000A\000l\000g\000o\000r\000i\000t\000m\000a\000\040\000d\000a\000n\000\040\000R\000u\000m\000u\000s\000\040\000P\000e\000n\000t\000i\000n\000g}{section.8}% 74
\BOOKMARK [3][-]{subsubsection.8.3.1}{\376\377\0008\000.\0003\000.\0001\000\040\000C\000S\000M\000A\000/\000C\000A\000\040\000d\000e\000n\000g\000a\000n\000\040\000R\000T\000S\000/\000C\000T\000S}{subsection.8.3}% 75
\BOOKMARK [3][-]{subsubsection.8.3.2}{\376\377\0008\000.\0003\000.\0002\000\040\000M\000o\000b\000i\000l\000e\000\040\000I\000P\000\040\000T\000u\000n\000n\000e\000l\000i\000n\000g}{subsection.8.3}% 76
\BOOKMARK [3][-]{subsubsection.8.3.3}{\376\377\0008\000.\0003\000.\0003\000\040\000D\000e\000l\000a\000y\000\040\000S\000p\000r\000e\000a\000d\000\040\000I\000n\000t\000u\000i\000t\000i\000o\000n\000\040\000p\000a\000d\000a\000\040\000M\000u\000l\000t\000i\000p\000a\000t\000h}{subsection.8.3}% 77
\BOOKMARK [1][-]{section.9}{\376\377\0009\000\040\000N\000e\000t\000w\000o\000r\000k\000\040\000S\000e\000c\000u\000r\000i\000t\000y}{}% 78
\BOOKMARK [2][-]{subsection.9.1}{\376\377\0009\000.\0001\000\040\000O\000u\000t\000l\000i\000n\000e\000\040\000F\000u\000n\000d\000a\000m\000e\000n\000t\000a\000l\000\040\000K\000o\000n\000s\000e\000p\000\040\000M\000a\000t\000e\000r\000i}{section.9}% 79
\BOOKMARK [2][-]{subsection.9.2}{\376\377\0009\000.\0002\000\040\000P\000e\000n\000j\000e\000l\000a\000s\000a\000n\000\040\000K\000o\000n\000s\000e\000p}{section.9}% 80
\BOOKMARK [3][-]{subsubsection.9.2.1}{\376\377\0009\000.\0002\000.\0001\000\040\000F\000o\000n\000d\000a\000s\000i\000\040\000N\000e\000t\000w\000o\000r\000k\000\040\000S\000e\000c\000u\000r\000i\000t\000y}{subsection.9.2}% 81
\BOOKMARK [3][-]{subsubsection.9.2.2}{\376\377\0009\000.\0002\000.\0002\000\040\000K\000e\000r\000e\000n\000t\000a\000n\000a\000n\000\040\000p\000e\000r\000\040\000L\000a\000y\000e\000r}{subsection.9.2}% 82
\BOOKMARK [3][-]{subsubsection.9.2.3}{\376\377\0009\000.\0002\000.\0003\000\040\000C\000r\000y\000p\000t\000o\000g\000r\000a\000p\000h\000i\000c\000\040\000B\000u\000i\000l\000d\000i\000n\000g\000\040\000B\000l\000o\000c\000k\000s}{subsection.9.2}% 83
\BOOKMARK [3][-]{subsubsection.9.2.4}{\376\377\0009\000.\0002\000.\0004\000\040\000K\000e\000y\000\040\000P\000r\000e\000d\000i\000s\000t\000r\000i\000b\000u\000t\000i\000o\000n\000,\000\040\000P\000K\000I\000,\000\040\000d\000a\000n\000\040\000A\000u\000t\000h\000e\000n\000t\000i\000c\000a\000t\000i\000o\000n\000\040\000P\000r\000o\000t\000o\000c\000o\000l\000s}{subsection.9.2}% 84
\BOOKMARK [3][-]{subsubsection.9.2.5}{\376\377\0009\000.\0002\000.\0005\000\040\000S\000e\000c\000u\000r\000i\000t\000y\000\040\000S\000y\000s\000t\000e\000m\000s\000\040\000b\000y\000\040\000L\000a\000y\000e\000r}{subsection.9.2}% 85
\BOOKMARK [3][-]{subsubsection.9.2.6}{\376\377\0009\000.\0002\000.\0006\000\040\000F\000i\000r\000e\000w\000a\000l\000l\000s\000,\000\040\000F\000i\000l\000t\000e\000r\000i\000n\000g\000,\000\040\000M\000a\000l\000w\000a\000r\000e\000,\000\040\000d\000a\000n\000\040\000A\000v\000a\000i\000l\000a\000b\000i\000l\000i\000t\000y\000\040\000A\000t\000t\000a\000c\000k\000s}{subsection.9.2}% 86
\BOOKMARK [3][-]{subsubsection.9.2.7}{\376\377\0009\000.\0002\000.\0007\000\040\000R\000e\000l\000a\000s\000i\000\040\000L\000i\000n\000t\000a\000s\000\040\000M\000a\000t\000e\000r\000i}{subsection.9.2}% 87
\BOOKMARK [2][-]{subsection.9.3}{\376\377\0009\000.\0003\000\040\000A\000l\000g\000o\000r\000i\000t\000m\000a\000\040\000d\000a\000n\000\040\000R\000u\000m\000u\000s\000\040\000P\000e\000n\000t\000i\000n\000g}{section.9}% 88
\BOOKMARK [3][-]{subsubsection.9.3.1}{\376\377\0009\000.\0003\000.\0001\000\040\000S\000t\000r\000e\000a\000m\000\040\000C\000i\000p\000h\000e\000r\000\040\000X\000O\000R}{subsection.9.3}% 89
\BOOKMARK [3][-]{subsubsection.9.3.2}{\376\377\0009\000.\0003\000.\0002\000\040\000C\000i\000p\000h\000e\000r\000\040\000B\000l\000o\000c\000k\000\040\000C\000h\000a\000i\000n\000i\000n\000g}{subsection.9.3}% 90
\BOOKMARK [3][-]{subsubsection.9.3.3}{\376\377\0009\000.\0003\000.\0003\000\040\000H\000M\000A\000C\000\040\000K\000o\000n\000s\000e\000p\000t\000u\000a\000l}{subsection.9.3}% 91
\BOOKMARK [3][-]{subsubsection.9.3.4}{\376\377\0009\000.\0003\000.\0004\000\040\000C\000h\000a\000l\000l\000e\000n\000g\000e\000-\000R\000e\000s\000p\000o\000n\000s\000e\000\040\000d\000e\000n\000g\000a\000n\000\040\000N\000o\000n\000c\000e}{subsection.9.3}% 92
\BOOKMARK [3][-]{subsubsection.9.3.5}{\376\377\0009\000.\0003\000.\0005\000\040\000S\000Y\000N\000\040\000F\000l\000o\000o\000d\000\040\000I\000n\000t\000u\000i\000t\000i\000o\000n}{subsection.9.3}% 93
